{smcl}
{com}{sf}{ul off}{txt}{.-}
      name:  {res}<unnamed>
       {txt}log:  {res}/Users/haotianxian/Documents/Spring 2021/PM518- Wendy Mack/project/“pm518aproject_smcl_XIAN_HAOTIAN”.smcl
  {txt}log type:  {res}smcl
 {txt}opened on:  {res} 1 May 2021, 21:50:03

{com}. do "/var/folders/n7/y0hyhxln7xjd5g86fy9bdj6w0000gn/T//SD64595.000000"
{txt}
{com}. *install asdoc program
. ssc install asdoc
{txt}checking {hilite:asdoc} consistency and verifying not already installed...
all files already exist and are up to date.

{com}. sysuse framingham_2021
{txt}
{com}. 
. *label variables
. label variable sex "Participant Sex"
{txt}
{com}. label variable totchol "Total Cholesterol (mg/dL)"
{txt}
{com}. label variable educ "Education"
{txt}
{com}. label variable bmi "Body Mass Index (kg/m2)"
{txt}
{com}. label variable age "Age at Baseline Examination"
{txt}
{com}. label variable sysbp "Systolic Blood Pressure (mmHg)"
{txt}
{com}. label variable cursmoke "Current Cigarette Smoker"
{txt}
{com}. label variable diabetes "Diabetes"
{txt}
{com}. 
. label define sex_ 1 "Male"  2 "Female"
{txt}
{com}. label values sex sex_
{txt}
{com}. 
. label define educ_ 1 "0-11 years" 2 "High School" 3"Some college" 4 "College degree"
{txt}
{com}. label values educ educ_
{txt}
{com}. 
. label define cursmoke_ 0 "No" 1 "Yes"
{txt}
{com}. label values cursmoke cursmoke_
{txt}
{com}. 
. label define diabetes_ 0 "No" 1 "Yes"
{txt}
{com}. label values diabetes diabetes_
{txt}
{com}. 
. *1a. summary statistics
. *cont var
. asdoc sum totchol bmi age sysbp, detail title(Descriptive Statistics for Independent Variables) fhc(\b)label by(mi_chd) replace

{txt}Summary statistics: N, mean, sd, min, max
  by categories of: __000000 (mi_chd)

{ralign 8:__000000} {...}
{c |}{...}
   totchol       bmi       age     sysbp
{hline 9}{c +}{hline 40}
{ralign 8:0} {...}
{c |}{...}
 {res}     3608      3608      3608      3608
{txt}{space 8} {...}
{c |}{...}
 {res} 234.3373  25.62055  49.14024  130.7202
{txt}{space 8} {...}
{c |}{...}
 {res}  43.5682  4.046508  8.516737  21.02424
{txt}{space 8} {...}
{c |}{...}
 {res}      113     15.54        32      83.5
{txt}{space 8} {...}
{c |}{...}
 {res}      696      56.8        69       248
{txt}{hline 9}{c +}{hline 40}
{ralign 8:1} {...}
{c |}{...}
 {res}      604       604       604       604
{txt}{space 8} {...}
{c |}{...}
 {res} 251.8311  26.87164  51.96854  141.5795
{txt}{space 8} {...}
{c |}{...}
 {res} 47.83545  4.071588  8.396122  24.91404
{txt}{space 8} {...}
{c |}{...}
 {res}      149     15.96        34      83.5
{txt}{space 8} {...}
{c |}{...}
 {res}      600     51.28        70       295
{txt}{hline 9}{c +}{hline 40}
{ralign 8:Total} {...}
{c |}{...}
 {res}     4212      4212      4212      4212
{txt}{space 8} {...}
{c |}{...}
 {res} 236.8459  25.79995  49.54582  132.2774
{txt}{space 8} {...}
{c |}{...}
 {res} 44.62276  4.073304  8.556185  21.95428
{txt}{space 8} {...}
{c |}{...}
 {res}      113     15.54        32      83.5
{txt}{space 8} {...}
{c |}{...}
 {res}      696      56.8        70       295
{txt}{hline 9}{c BT}{hline 40}
{res}{txt}(note: file Myfile.doc not found)
{res}Click to Open File:  {browse "Myfile.doc"}
{txt}
{com}. 
. *cat var
. bys mi_chd: asdoc tab1 sex educ cursmoke diabetes, fhc(\b) label
{txt}(File Myfile.doc already exists, option {bf:append} was assumed)

Participant {c |}
        Sex {c |}      Freq.     Percent        Cum.
{hline 12}{c +}{hline 35}
       Male {c |}{res}      1,424       39.47       39.47
{txt}     Female {c |}{res}      2,184       60.53      100.00
{txt}{hline 12}{c +}{hline 35}
      Total {c |}{res}      3,608      100.00

     {txt}Education {c |}      Freq.     Percent        Cum.
{hline 15}{c +}{hline 35}
    0-11 years {c |}{res}      1,434       39.75       39.75
{txt}   High School {c |}{res}      1,171       32.46       72.20
{txt}  Some college {c |}{res}        606       16.80       89.00
{txt}College degree {c |}{res}        397       11.00      100.00
{txt}{hline 15}{c +}{hline 35}
         Total {c |}{res}      3,608      100.00

    {txt}Current {c |}
  Cigarette {c |}
     Smoker {c |}      Freq.     Percent        Cum.
{hline 12}{c +}{hline 35}
         No {c |}{res}      1,862       51.61       51.61
{txt}        Yes {c |}{res}      1,746       48.39      100.00
{txt}{hline 12}{c +}{hline 35}
      Total {c |}{res}      3,608      100.00

   {txt}Diabetes {c |}      Freq.     Percent        Cum.
{hline 12}{c +}{hline 35}
         No {c |}{res}      3,540       98.12       98.12
{txt}        Yes {c |}{res}         68        1.88      100.00
{txt}{hline 12}{c +}{hline 35}
      Total {c |}{res}      3,608      100.00

{txt}Participant {c |}
        Sex {c |}      Freq.     Percent        Cum.
{hline 12}{c +}{hline 35}
       Male {c |}{res}        391       64.74       64.74
{txt}     Female {c |}{res}        213       35.26      100.00
{txt}{hline 12}{c +}{hline 35}
      Total {c |}{res}        604      100.00

     {txt}Education {c |}      Freq.     Percent        Cum.
{hline 15}{c +}{hline 35}
    0-11 years {c |}{res}        273       45.20       45.20
{txt}   High School {c |}{res}        175       28.97       74.17
{txt}  Some college {c |}{res}         80       13.25       87.42
{txt}College degree {c |}{res}         76       12.58      100.00
{txt}{hline 15}{c +}{hline 35}
         Total {c |}{res}        604      100.00

    {txt}Current {c |}
  Cigarette {c |}
     Smoker {c |}      Freq.     Percent        Cum.
{hline 12}{c +}{hline 35}
         No {c |}{res}        269       44.54       44.54
{txt}        Yes {c |}{res}        335       55.46      100.00
{txt}{hline 12}{c +}{hline 35}
      Total {c |}{res}        604      100.00

   {txt}Diabetes {c |}      Freq.     Percent        Cum.
{hline 12}{c +}{hline 35}
         No {c |}{res}        566       93.71       93.71
{txt}        Yes {c |}{res}         38        6.29      100.00
{txt}{hline 12}{c +}{hline 35}
      Total {c |}{res}        604      100.00
Click to Open File:  {browse "Myfile.doc"}
{txt}
{com}. 
. *2a. kaplan-meier curve
. stset lasttime, failure(mi_chd==1)

     {txt}failure event:  {res}mi_chd == 1
{txt}obs. time interval:  {res}(0, lasttime]
{txt} exit on or before:  {res}failure

{txt}{hline 78}
{res}      4,212{txt}  total observations
{res}          0{txt}  exclusions
{hline 78}
{res}      4,212{txt}  observations remaining, representing
{res}        604{txt}  failures in single-record/single-failure data
{res} 85,246.576{txt}  total analysis time at risk and under observation
                                                at risk from t = {res}        0
                                     {txt}earliest observed entry t = {res}        0
                                          {txt}last observed exit t = {res}       24
{txt}
{com}. sts graph, by(diabetes)

         {txt}failure _d:  {res}mi_chd == 1
   {txt}analysis time _t:  {res}lasttime
{txt}
{com}. 
. *2b. estimates of cum survival
. sts list,by (diabetes)

         {txt}failure _d:  {res}mi_chd == 1
   {txt}analysis time _t:  {res}lasttime

{txt}{col 14}At{col 27}{help j_stslist_netlost:Net}{col 34}Survivor{col 48}Std.
  Time     Risk   Fail   {help j_stslist_netlost:Lost}  {col 34}Function     Error     [95% Conf. Int.]
{hline 72}
No 
 .0712 {res}    4106      1      0      0.9998    0.0002     0.9983    1.0000
{txt} .0739 {res}    4105      1      0      0.9995    0.0003     0.9981    0.9999
{txt} .1588 {res}    4104      0      1      0.9995    0.0003     0.9981    0.9999
{txt} .2382 {res}    4103      0      1      0.9995    0.0003     0.9981    0.9999
{txt} .2957 {res}    4102      1      0      0.9993    0.0004     0.9977    0.9998
{txt}  .345 {res}    4101      0      1      0.9993    0.0004     0.9977    0.9998
{txt} .3997 {res}    4100      0      1      0.9993    0.0004     0.9977    0.9998
{txt}   .46 {res}    4099      1      0      0.9990    0.0005     0.9974    0.9996
{txt} .4627 {res}    4098      1      0      0.9988    0.0005     0.9971    0.9995
{txt} .4764 {res}    4097      1      0      0.9985    0.0006     0.9967    0.9993
{txt} .4873 {res}    4096      0      1      0.9985    0.0006     0.9967    0.9993
{txt} .4983 {res}    4095      1      0      0.9983    0.0006     0.9964    0.9992
{txt} .5038 {res}    4094      0      1      0.9983    0.0006     0.9964    0.9992
{txt} .6407 {res}    4093      0      1      0.9983    0.0006     0.9964    0.9992
{txt} .6598 {res}    4092      1      0      0.9981    0.0007     0.9961    0.9990
{txt} .6954 {res}    4091      1      0      0.9978    0.0007     0.9958    0.9989
{txt} .7283 {res}    4090      1      0      0.9976    0.0008     0.9955    0.9987
{txt}  .731 {res}    4089      1      0      0.9973    0.0008     0.9952    0.9985
{txt} .7556 {res}    4088      1      0      0.9971    0.0008     0.9949    0.9983
{txt} .7721 {res}    4087      0      1      0.9971    0.0008     0.9949    0.9983
{txt}  .835 {res}    4086      1      0      0.9968    0.0009     0.9945    0.9982
{txt} .8433 {res}    4085      1      0      0.9966    0.0009     0.9942    0.9980
{txt} .8487 {res}    4084      0      1      0.9966    0.0009     0.9942    0.9980
{txt} .9062 {res}    4083      0      1      0.9966    0.0009     0.9942    0.9980
{txt} .9144 {res}    4082      0      1      0.9966    0.0009     0.9942    0.9980
{txt} .9281 {res}    4081      0      1      0.9966    0.0009     0.9942    0.9980
{txt} .9747 {res}    4080      1      0      0.9963    0.0009     0.9939    0.9978
{txt} .9884 {res}    4079      1      0      0.9961    0.0010     0.9936    0.9976
{txt}  1.07 {res}    4078      1      0      0.9959    0.0010     0.9933    0.9974
{txt} 1.112 {res}    4077      1      0      0.9956    0.0010     0.9930    0.9972
{txt} 1.136 {res}    4076      0      1      0.9956    0.0010     0.9930    0.9972
{txt} 1.144 {res}    4075      1      0      0.9954    0.0011     0.9927    0.9970
{txt} 1.161 {res}    4074      0      1      0.9954    0.0011     0.9927    0.9970
{txt} 1.175 {res}    4073      0      1      0.9954    0.0011     0.9927    0.9970
{txt} 1.177 {res}    4072      1      1      0.9951    0.0011     0.9924    0.9968
{txt}  1.21 {res}    4070      0      1      0.9951    0.0011     0.9924    0.9968
{txt} 1.227 {res}    4069      1      0      0.9949    0.0011     0.9922    0.9967
{txt} 1.295 {res}    4068      1      0      0.9946    0.0011     0.9919    0.9965
{txt} 1.342 {res}    4067      1      0      0.9944    0.0012     0.9916    0.9963
{txt}  1.47 {res}    4066      0      1      0.9944    0.0012     0.9916    0.9963
{txt} 1.489 {res}    4065      0      1      0.9944    0.0012     0.9916    0.9963
{txt} 1.544 {res}    4064      0      1      0.9944    0.0012     0.9916    0.9963
{txt} 1.547 {res}    4063      0      1      0.9944    0.0012     0.9916    0.9963
{txt} 1.624 {res}    4062      0      1      0.9944    0.0012     0.9916    0.9963
{txt} 1.676 {res}    4061      0      1      0.9944    0.0012     0.9916    0.9963
{txt} 1.771 {res}    4060      0      1      0.9944    0.0012     0.9916    0.9963
{txt}  1.84 {res}    4059      0      1      0.9944    0.0012     0.9916    0.9963
{txt} 1.856 {res}    4058      1      0      0.9941    0.0012     0.9913    0.9961
{txt} 1.916 {res}    4057      1      0      0.9939    0.0012     0.9910    0.9959
{txt} 1.941 {res}    4056      0      1      0.9939    0.0012     0.9910    0.9959
{txt} 1.963 {res}    4055      0      1      0.9939    0.0012     0.9910    0.9959
{txt} 2.007 {res}    4054      1      0      0.9937    0.0012     0.9907    0.9957
{txt} 2.012 {res}    4053      1      0      0.9934    0.0013     0.9904    0.9955
{txt} 2.062 {res}    4052      1      0      0.9932    0.0013     0.9901    0.9953
{txt} 2.064 {res}    4051      0      1      0.9932    0.0013     0.9901    0.9953
{txt}  2.07 {res}    4050      1      0      0.9929    0.0013     0.9898    0.9951
{txt} 2.078 {res}    4049      0      1      0.9929    0.0013     0.9898    0.9951
{txt} 2.086 {res}    4048      1      0      0.9927    0.0013     0.9895    0.9949
{txt} 2.111 {res}    4047      0      1      0.9927    0.0013     0.9895    0.9949
{txt} 2.146 {res}    4046      1      0      0.9924    0.0014     0.9892    0.9947
{txt} 2.157 {res}    4045      0      1      0.9924    0.0014     0.9892    0.9947
{txt} 2.182 {res}    4044      0      1      0.9924    0.0014     0.9892    0.9947
{txt} 2.198 {res}    4043      0      1      0.9924    0.0014     0.9892    0.9947
{txt} 2.231 {res}    4042      0      1      0.9924    0.0014     0.9892    0.9947
{txt} 2.251 {res}    4041      0      1      0.9924    0.0014     0.9892    0.9947
{txt} 2.264 {res}    4040      0      1      0.9924    0.0014     0.9892    0.9947
{txt} 2.267 {res}    4039      0      1      0.9924    0.0014     0.9892    0.9947
{txt} 2.338 {res}    4038      0      1      0.9924    0.0014     0.9892    0.9947
{txt} 2.349 {res}    4037      0      1      0.9924    0.0014     0.9892    0.9947
{txt} 2.379 {res}    4036      1      1      0.9922    0.0014     0.9890    0.9945
{txt}  2.39 {res}    4034      1      0      0.9919    0.0014     0.9887    0.9943
{txt} 2.423 {res}    4033      0      1      0.9919    0.0014     0.9887    0.9943
{txt} 2.428 {res}    4032      0      1      0.9919    0.0014     0.9887    0.9943
{txt} 2.568 {res}    4031      1      1      0.9917    0.0014     0.9884    0.9941
{txt}  2.59 {res}    4029      0      1      0.9917    0.0014     0.9884    0.9941
{txt} 2.716 {res}    4028      0      1      0.9917    0.0014     0.9884    0.9941
{txt} 2.727 {res}    4027      0      1      0.9917    0.0014     0.9884    0.9941
{txt} 2.746 {res}    4026      0      1      0.9917    0.0014     0.9884    0.9941
{txt} 2.757 {res}    4025      1      0      0.9914    0.0014     0.9881    0.9938
{txt} 2.771 {res}    4024      1      0      0.9912    0.0015     0.9878    0.9936
{txt} 2.801 {res}    4023      0      1      0.9912    0.0015     0.9878    0.9936
{txt} 2.831 {res}    4022      1      0      0.9909    0.0015     0.9875    0.9934
{txt} 2.867 {res}    4021      0      1      0.9909    0.0015     0.9875    0.9934
{txt} 2.951 {res}    4020      1      0      0.9907    0.0015     0.9872    0.9932
{txt} 2.979 {res}    4019      1      0      0.9905    0.0015     0.9870    0.9930
{txt} 3.003 {res}    4018      1      0      0.9902    0.0015     0.9867    0.9928
{txt} 3.012 {res}    4017      1      0      0.9900    0.0016     0.9864    0.9926
{txt} 3.017 {res}    4016      0      1      0.9900    0.0016     0.9864    0.9926
{txt}  3.02 {res}    4015      0      1      0.9900    0.0016     0.9864    0.9926
{txt} 3.044 {res}    4014      1      0      0.9897    0.0016     0.9861    0.9924
{txt} 3.121 {res}    4013      1      0      0.9895    0.0016     0.9858    0.9922
{txt} 3.124 {res}    4012      0      1      0.9895    0.0016     0.9858    0.9922
{txt} 3.127 {res}    4011      1      0      0.9892    0.0016     0.9855    0.9920
{txt} 3.159 {res}    4010      0      1      0.9892    0.0016     0.9855    0.9920
{txt} 3.217 {res}    4009      0      1      0.9892    0.0016     0.9855    0.9920
{txt} 3.225 {res}    4008      1      0      0.9890    0.0016     0.9853    0.9918
{txt}  3.25 {res}    4007      1      0      0.9887    0.0017     0.9850    0.9915
{txt} 3.277 {res}    4006      0      2      0.9887    0.0017     0.9850    0.9915
{txt} 3.296 {res}    4004      0      1      0.9887    0.0017     0.9850    0.9915
{txt} 3.324 {res}    4003      0      1      0.9887    0.0017     0.9850    0.9915
{txt} 3.381 {res}    4002      1      0      0.9885    0.0017     0.9847    0.9913
{txt} 3.387 {res}    4001      1      0      0.9882    0.0017     0.9844    0.9911
{txt} 3.395 {res}    4000      1      0      0.9880    0.0017     0.9841    0.9909
{txt} 3.474 {res}    3999      0      1      0.9880    0.0017     0.9841    0.9909
{txt} 3.567 {res}    3998      0      1      0.9880    0.0017     0.9841    0.9909
{txt} 3.573 {res}    3997      0      1      0.9880    0.0017     0.9841    0.9909
{txt} 3.628 {res}    3996      1      0      0.9877    0.0017     0.9839    0.9907
{txt} 3.658 {res}    3995      1      0      0.9875    0.0017     0.9836    0.9905
{txt} 3.696 {res}    3994      0      1      0.9875    0.0017     0.9836    0.9905
{txt}  3.71 {res}    3993      0      1      0.9875    0.0017     0.9836    0.9905
{txt} 3.745 {res}    3992      0      1      0.9875    0.0017     0.9836    0.9905
{txt} 3.751 {res}    3991      0      1      0.9875    0.0017     0.9836    0.9905
{txt} 3.775 {res}    3990      0      1      0.9875    0.0017     0.9836    0.9905
{txt} 3.781 {res}    3989      1      0      0.9872    0.0018     0.9833    0.9903
{txt} 3.789 {res}    3988      1      0      0.9870    0.0018     0.9830    0.9901
{txt}   3.8 {res}    3987      1      0      0.9868    0.0018     0.9827    0.9898
{txt} 3.819 {res}    3986      0      1      0.9868    0.0018     0.9827    0.9898
{txt} 3.822 {res}    3985      0      1      0.9868    0.0018     0.9827    0.9898
{txt} 3.877 {res}    3984      0      1      0.9868    0.0018     0.9827    0.9898
{txt} 3.904 {res}    3983      1      0      0.9865    0.0018     0.9825    0.9896
{txt} 3.923 {res}    3982      0      1      0.9865    0.0018     0.9825    0.9896
{txt} 3.943 {res}    3981      1      0      0.9863    0.0018     0.9822    0.9894
{txt} 3.948 {res}    3980      0      1      0.9863    0.0018     0.9822    0.9894
{txt} 3.981 {res}    3979      0      1      0.9863    0.0018     0.9822    0.9894
{txt} 3.984 {res}    3978      0      1      0.9863    0.0018     0.9822    0.9894
{txt} 3.986 {res}    3977      0      1      0.9863    0.0018     0.9822    0.9894
{txt} 4.003 {res}    3976      0      1      0.9863    0.0018     0.9822    0.9894
{txt} 4.014 {res}    3975      0      1      0.9863    0.0018     0.9822    0.9894
{txt} 4.079 {res}    3974      0      1      0.9863    0.0018     0.9822    0.9894
{txt} 4.134 {res}    3973      1      0      0.9860    0.0018     0.9819    0.9892
{txt} 4.153 {res}    3972      1      0      0.9858    0.0019     0.9816    0.9890
{txt} 4.235 {res}    3971      0      1      0.9858    0.0019     0.9816    0.9890
{txt} 4.249 {res}    3970      1      1      0.9855    0.0019     0.9813    0.9888
{txt} 4.277 {res}    3968      1      0      0.9853    0.0019     0.9811    0.9885
{txt} 4.312 {res}    3967      0      1      0.9853    0.0019     0.9811    0.9885
{txt} 4.331 {res}    3966      0      1      0.9853    0.0019     0.9811    0.9885
{txt} 4.356 {res}    3965      1      0      0.9850    0.0019     0.9808    0.9883
{txt}  4.37 {res}    3964      1      0      0.9848    0.0019     0.9805    0.9881
{txt}   4.4 {res}    3963      0      1      0.9848    0.0019     0.9805    0.9881
{txt} 4.408 {res}    3962      1      0      0.9845    0.0019     0.9802    0.9879
{txt} 4.435 {res}    3961      1      0      0.9843    0.0020     0.9799    0.9877
{txt} 4.441 {res}    3960      1      0      0.9840    0.0020     0.9797    0.9874
{txt} 4.452 {res}    3959      1      0      0.9838    0.0020     0.9794    0.9872
{txt}  4.46 {res}    3958      0      1      0.9838    0.0020     0.9794    0.9872
{txt} 4.501 {res}    3957      1      1      0.9835    0.0020     0.9791    0.9870
{txt} 4.515 {res}    3955      0      1      0.9835    0.0020     0.9791    0.9870
{txt} 4.545 {res}    3954      0      1      0.9835    0.0020     0.9791    0.9870
{txt} 4.556 {res}    3953      1      0      0.9833    0.0020     0.9788    0.9868
{txt}  4.58 {res}    3952      1      0      0.9830    0.0020     0.9786    0.9866
{txt} 4.616 {res}    3951      0      1      0.9830    0.0020     0.9786    0.9866
{txt} 4.632 {res}    3950      0      1      0.9830    0.0020     0.9786    0.9866
{txt} 4.704 {res}    3949      1      0      0.9828    0.0020     0.9783    0.9863
{txt} 4.734 {res}    3948      1      0      0.9825    0.0021     0.9780    0.9861
{txt}  4.75 {res}    3947      1      0      0.9823    0.0021     0.9777    0.9859
{txt} 4.764 {res}    3946      1      0      0.9820    0.0021     0.9774    0.9857
{txt} 4.783 {res}    3945      0      1      0.9820    0.0021     0.9774    0.9857
{txt} 4.805 {res}    3944      0      1      0.9820    0.0021     0.9774    0.9857
{txt}  4.81 {res}    3943      0      1      0.9820    0.0021     0.9774    0.9857
{txt} 4.821 {res}    3942      0      1      0.9820    0.0021     0.9774    0.9857
{txt} 4.846 {res}    3941      0      1      0.9820    0.0021     0.9774    0.9857
{txt} 4.868 {res}    3940      1      0      0.9818    0.0021     0.9772    0.9855
{txt} 4.876 {res}    3939      1      1      0.9815    0.0021     0.9769    0.9852
{txt} 4.923 {res}    3937      1      0      0.9813    0.0021     0.9766    0.9850
{txt} 4.934 {res}    3936      1      0      0.9810    0.0021     0.9763    0.9848
{txt} 4.947 {res}    3935      1      0      0.9808    0.0022     0.9761    0.9846
{txt} 4.969 {res}    3934      1      1      0.9805    0.0022     0.9758    0.9844
{txt}  5.06 {res}    3932      1      0      0.9803    0.0022     0.9755    0.9841
{txt} 5.068 {res}    3931      1      0      0.9800    0.0022     0.9752    0.9839
{txt} 5.081 {res}    3930      1      0      0.9798    0.0022     0.9750    0.9837
{txt} 5.101 {res}    3929      0      1      0.9798    0.0022     0.9750    0.9837
{txt}  5.12 {res}    3928      1      0      0.9795    0.0022     0.9747    0.9835
{txt} 5.144 {res}    3927      0      1      0.9795    0.0022     0.9747    0.9835
{txt}  5.15 {res}    3926      0      1      0.9795    0.0022     0.9747    0.9835
{txt} 5.155 {res}    3925      1      0      0.9793    0.0022     0.9744    0.9832
{txt} 5.158 {res}    3924      1      0      0.9790    0.0023     0.9741    0.9830
{txt} 5.194 {res}    3923      1      0      0.9788    0.0023     0.9739    0.9828
{txt} 5.207 {res}    3922      0      1      0.9788    0.0023     0.9739    0.9828
{txt} 5.213 {res}    3921      1      0      0.9785    0.0023     0.9736    0.9826
{txt} 5.224 {res}    3920      1      0      0.9783    0.0023     0.9733    0.9823
{txt} 5.232 {res}    3919      0      1      0.9783    0.0023     0.9733    0.9823
{txt} 5.257 {res}    3918      1      0      0.9780    0.0023     0.9730    0.9821
{txt} 5.276 {res}    3917      1      0      0.9778    0.0023     0.9728    0.9819
{txt} 5.298 {res}    3916      1      0      0.9775    0.0023     0.9725    0.9817
{txt}   5.3 {res}    3915      1      0      0.9773    0.0023     0.9722    0.9814
{txt} 5.309 {res}    3914      0      1      0.9773    0.0023     0.9722    0.9814
{txt} 5.331 {res}    3913      0      1      0.9773    0.0023     0.9722    0.9814
{txt} 5.358 {res}    3912      1      0      0.9770    0.0024     0.9719    0.9812
{txt} 5.363 {res}    3911      0      1      0.9770    0.0024     0.9719    0.9812
{txt} 5.391 {res}    3910      1      0      0.9768    0.0024     0.9717    0.9810
{txt} 5.432 {res}    3909      0      1      0.9768    0.0024     0.9717    0.9810
{txt} 5.443 {res}    3908      0      1      0.9768    0.0024     0.9717    0.9810
{txt} 5.498 {res}    3907      1      0      0.9765    0.0024     0.9714    0.9808
{txt} 5.511 {res}    3906      0      1      0.9765    0.0024     0.9714    0.9808
{txt} 5.517 {res}    3905      0      1      0.9765    0.0024     0.9714    0.9808
{txt} 5.602 {res}    3904      0      1      0.9765    0.0024     0.9714    0.9808
{txt} 5.634 {res}    3903      0      1      0.9765    0.0024     0.9714    0.9808
{txt}  5.67 {res}    3902      1      0      0.9763    0.0024     0.9711    0.9805
{txt} 5.689 {res}    3901      1      0      0.9760    0.0024     0.9708    0.9803
{txt}  5.76 {res}    3900      0      1      0.9760    0.0024     0.9708    0.9803
{txt} 5.782 {res}    3899      0      1      0.9760    0.0024     0.9708    0.9803
{txt} 5.788 {res}    3898      1      0      0.9758    0.0024     0.9706    0.9801
{txt} 5.796 {res}    3897      1      0      0.9755    0.0024     0.9703    0.9799
{txt}  5.81 {res}    3896      0      1      0.9755    0.0024     0.9703    0.9799
{txt} 5.854 {res}    3895      0      1      0.9755    0.0024     0.9703    0.9799
{txt} 5.862 {res}    3894      0      1      0.9755    0.0024     0.9703    0.9799
{txt} 5.881 {res}    3893      0      1      0.9755    0.0024     0.9703    0.9799
{txt} 5.884 {res}    3892      1      0      0.9753    0.0024     0.9700    0.9796
{txt} 5.897 {res}    3891      1      0      0.9750    0.0025     0.9697    0.9794
{txt} 5.906 {res}    3890      0      1      0.9750    0.0025     0.9697    0.9794
{txt} 5.908 {res}    3889      1      0      0.9748    0.0025     0.9695    0.9792
{txt} 5.911 {res}    3888      0      1      0.9748    0.0025     0.9695    0.9792
{txt}  5.99 {res}    3887      1      0      0.9745    0.0025     0.9692    0.9790
{txt} 6.007 {res}    3886      1      0      0.9743    0.0025     0.9689    0.9787
{txt} 6.037 {res}    3885      0      1      0.9743    0.0025     0.9689    0.9787
{txt} 6.042 {res}    3884      1      0      0.9740    0.0025     0.9686    0.9785
{txt} 6.045 {res}    3883      1      0      0.9738    0.0025     0.9684    0.9783
{txt} 6.073 {res}    3882      0      1      0.9738    0.0025     0.9684    0.9783
{txt} 6.105 {res}    3881      0      1      0.9738    0.0025     0.9684    0.9783
{txt} 6.108 {res}    3880      1      0      0.9735    0.0025     0.9681    0.9780
{txt} 6.141 {res}    3879      0      1      0.9735    0.0025     0.9681    0.9780
{txt} 6.152 {res}    3878      0      1      0.9735    0.0025     0.9681    0.9780
{txt} 6.215 {res}    3877      0      1      0.9735    0.0025     0.9681    0.9780
{txt} 6.229 {res}    3876      1      0      0.9733    0.0025     0.9678    0.9778
{txt} 6.256 {res}    3875      0      1      0.9733    0.0025     0.9678    0.9778
{txt} 6.261 {res}    3874      0      1      0.9733    0.0025     0.9678    0.9778
{txt} 6.292 {res}    3873      0      1      0.9733    0.0025     0.9678    0.9778
{txt} 6.327 {res}    3872      0      1      0.9733    0.0025     0.9678    0.9778
{txt}  6.33 {res}    3871      1      1      0.9730    0.0025     0.9675    0.9776
{txt} 6.333 {res}    3869      1      0      0.9728    0.0026     0.9673    0.9774
{txt} 6.376 {res}    3868      0      1      0.9728    0.0026     0.9673    0.9774
{txt} 6.423 {res}    3867      0      1      0.9728    0.0026     0.9673    0.9774
{txt} 6.428 {res}    3866      0      1      0.9728    0.0026     0.9673    0.9774
{txt} 6.472 {res}    3865      0      1      0.9728    0.0026     0.9673    0.9774
{txt} 6.475 {res}    3864      0      1      0.9728    0.0026     0.9673    0.9774
{txt} 6.535 {res}    3863      1      0      0.9725    0.0026     0.9670    0.9771
{txt} 6.541 {res}    3862      0      1      0.9725    0.0026     0.9670    0.9771
{txt} 6.546 {res}    3861      0      1      0.9725    0.0026     0.9670    0.9771
{txt} 6.557 {res}    3860      0      1      0.9725    0.0026     0.9670    0.9771
{txt}  6.56 {res}    3859      1      0      0.9723    0.0026     0.9667    0.9769
{txt} 6.568 {res}    3858      1      0      0.9720    0.0026     0.9665    0.9767
{txt} 6.571 {res}    3857      0      1      0.9720    0.0026     0.9665    0.9767
{txt} 6.587 {res}    3856      0      1      0.9720    0.0026     0.9665    0.9767
{txt} 6.612 {res}    3855      1      0      0.9718    0.0026     0.9662    0.9764
{txt} 6.637 {res}    3854      0      1      0.9718    0.0026     0.9662    0.9764
{txt} 6.639 {res}    3853      0      1      0.9718    0.0026     0.9662    0.9764
{txt} 6.664 {res}    3852      1      0      0.9715    0.0026     0.9659    0.9762
{txt} 6.716 {res}    3851      1      1      0.9713    0.0026     0.9656    0.9760
{txt} 6.727 {res}    3849      1      0      0.9710    0.0026     0.9654    0.9758
{txt} 6.749 {res}    3848      1      0      0.9708    0.0027     0.9651    0.9755
{txt} 6.773 {res}    3847      0      1      0.9708    0.0027     0.9651    0.9755
{txt} 6.784 {res}    3846      0      1      0.9708    0.0027     0.9651    0.9755
{txt} 6.793 {res}    3845      0      1      0.9708    0.0027     0.9651    0.9755
{txt} 6.801 {res}    3844      1      0      0.9705    0.0027     0.9648    0.9753
{txt} 6.812 {res}    3843      0      1      0.9705    0.0027     0.9648    0.9753
{txt} 6.825 {res}    3842      1      0      0.9703    0.0027     0.9645    0.9751
{txt} 6.853 {res}    3841      0      1      0.9703    0.0027     0.9645    0.9751
{txt}  6.88 {res}    3840      1      0      0.9700    0.0027     0.9643    0.9748
{txt}  6.93 {res}    3839      0      1      0.9700    0.0027     0.9643    0.9748
{txt} 6.954 {res}    3838      0      1      0.9700    0.0027     0.9643    0.9748
{txt} 6.962 {res}    3837      1      0      0.9697    0.0027     0.9640    0.9746
{txt} 6.982 {res}    3836      0      1      0.9697    0.0027     0.9640    0.9746
{txt} 7.014 {res}    3835      0      1      0.9697    0.0027     0.9640    0.9746
{txt} 7.028 {res}    3834      0      1      0.9697    0.0027     0.9640    0.9746
{txt} 7.031 {res}    3833      0      1      0.9697    0.0027     0.9640    0.9746
{txt} 7.058 {res}    3832      1      0      0.9695    0.0027     0.9637    0.9744
{txt} 7.064 {res}    3831      0      1      0.9695    0.0027     0.9637    0.9744
{txt} 7.069 {res}    3830      2      0      0.9690    0.0027     0.9632    0.9739
{txt} 7.083 {res}    3828      0      1      0.9690    0.0027     0.9632    0.9739
{txt} 7.088 {res}    3827      0      1      0.9690    0.0027     0.9632    0.9739
{txt} 7.091 {res}    3826      0      1      0.9690    0.0027     0.9632    0.9739
{txt} 7.121 {res}    3825      0      1      0.9690    0.0027     0.9632    0.9739
{txt} 7.127 {res}    3824      1      0      0.9687    0.0027     0.9629    0.9737
{txt} 7.151 {res}    3823      1      0      0.9685    0.0028     0.9626    0.9734
{txt} 7.157 {res}    3822      0      1      0.9685    0.0028     0.9626    0.9734
{txt} 7.173 {res}    3821      0      1      0.9685    0.0028     0.9626    0.9734
{txt} 7.211 {res}    3820      0      1      0.9685    0.0028     0.9626    0.9734
{txt} 7.228 {res}    3819      2      0      0.9680    0.0028     0.9621    0.9730
{txt} 7.231 {res}    3817      0      1      0.9680    0.0028     0.9621    0.9730
{txt} 7.299 {res}    3816      0      1      0.9680    0.0028     0.9621    0.9730
{txt} 7.307 {res}    3815      1      0      0.9677    0.0028     0.9618    0.9728
{txt} 7.321 {res}    3814      0      1      0.9677    0.0028     0.9618    0.9728
{txt} 7.329 {res}    3813      0      1      0.9677    0.0028     0.9618    0.9728
{txt} 7.411 {res}    3812      0      1      0.9677    0.0028     0.9618    0.9728
{txt} 7.414 {res}    3811      0      1      0.9677    0.0028     0.9618    0.9728
{txt} 7.431 {res}    3810      0      1      0.9677    0.0028     0.9618    0.9728
{txt} 7.439 {res}    3809      1      0      0.9675    0.0028     0.9615    0.9725
{txt} 7.444 {res}    3808      0      1      0.9675    0.0028     0.9615    0.9725
{txt} 7.496 {res}    3807      1      0      0.9672    0.0028     0.9612    0.9723
{txt} 7.521 {res}    3806      1      0      0.9670    0.0028     0.9610    0.9721
{txt} 7.526 {res}    3805      0      1      0.9670    0.0028     0.9610    0.9721
{txt} 7.535 {res}    3804      0      1      0.9670    0.0028     0.9610    0.9721
{txt} 7.554 {res}    3803      0      1      0.9670    0.0028     0.9610    0.9721
{txt} 7.592 {res}    3802      1      0      0.9667    0.0028     0.9607    0.9718
{txt} 7.608 {res}    3801      1      0      0.9665    0.0028     0.9604    0.9716
{txt} 7.617 {res}    3800      1      0      0.9662    0.0028     0.9601    0.9714
{txt} 7.622 {res}    3799      0      1      0.9662    0.0028     0.9601    0.9714
{txt}  7.65 {res}    3798      1      0      0.9659    0.0029     0.9599    0.9711
{txt} 7.685 {res}    3797      0      2      0.9659    0.0029     0.9599    0.9711
{txt} 7.699 {res}    3795      0      1      0.9659    0.0029     0.9599    0.9711
{txt} 7.713 {res}    3794      1      0      0.9657    0.0029     0.9596    0.9709
{txt} 7.715 {res}    3793      0      1      0.9657    0.0029     0.9596    0.9709
{txt} 7.737 {res}    3792      0      1      0.9657    0.0029     0.9596    0.9709
{txt} 7.841 {res}    3791      0      1      0.9657    0.0029     0.9596    0.9709
{txt}  7.86 {res}    3790      1      0      0.9654    0.0029     0.9593    0.9707
{txt} 7.915 {res}    3789      0      1      0.9654    0.0029     0.9593    0.9707
{txt} 7.929 {res}    3788      1      0      0.9652    0.0029     0.9590    0.9704
{txt}  7.97 {res}    3787      1      1      0.9649    0.0029     0.9588    0.9702
{txt} 8.071 {res}    3785      1      0      0.9647    0.0029     0.9585    0.9699
{txt} 8.074 {res}    3784      0      1      0.9647    0.0029     0.9585    0.9699
{txt} 8.093 {res}    3783      0      1      0.9647    0.0029     0.9585    0.9699
{txt} 8.104 {res}    3782      0      1      0.9647    0.0029     0.9585    0.9699
{txt} 8.115 {res}    3781      1      0      0.9644    0.0029     0.9582    0.9697
{txt} 8.118 {res}    3780      0      1      0.9644    0.0029     0.9582    0.9697
{txt} 8.159 {res}    3779      0      1      0.9644    0.0029     0.9582    0.9697
{txt} 8.162 {res}    3778      0      1      0.9644    0.0029     0.9582    0.9697
{txt} 8.167 {res}    3777      0      1      0.9644    0.0029     0.9582    0.9697
{txt}  8.17 {res}    3776      0      1      0.9644    0.0029     0.9582    0.9697
{txt} 8.181 {res}    3775      2      0      0.9639    0.0029     0.9577    0.9692
{txt} 8.194 {res}    3773      1      0      0.9636    0.0030     0.9574    0.9690
{txt}   8.2 {res}    3772      1      0      0.9634    0.0030     0.9571    0.9688
{txt} 8.225 {res}    3771      0      1      0.9634    0.0030     0.9571    0.9688
{txt}  8.26 {res}    3770      0      1      0.9634    0.0030     0.9571    0.9688
{txt} 8.282 {res}    3769      0      1      0.9634    0.0030     0.9571    0.9688
{txt} 8.339 {res}    3768      1      0      0.9631    0.0030     0.9568    0.9685
{txt} 8.392 {res}    3767      0      1      0.9631    0.0030     0.9568    0.9685
{txt} 8.397 {res}    3766      0      1      0.9631    0.0030     0.9568    0.9685
{txt} 8.424 {res}    3765      0      2      0.9631    0.0030     0.9568    0.9685
{txt} 8.463 {res}    3763      0      1      0.9631    0.0030     0.9568    0.9685
{txt} 8.512 {res}    3762      1      0      0.9629    0.0030     0.9566    0.9683
{txt} 8.556 {res}    3761      1      0      0.9626    0.0030     0.9563    0.9681
{txt} 8.569 {res}    3760      0      1      0.9626    0.0030     0.9563    0.9681
{txt} 8.575 {res}    3759      0      1      0.9626    0.0030     0.9563    0.9681
{txt} 8.578 {res}    3758      0      1      0.9626    0.0030     0.9563    0.9681
{txt} 8.616 {res}    3757      1      0      0.9624    0.0030     0.9560    0.9678
{txt} 8.641 {res}    3756      0      1      0.9624    0.0030     0.9560    0.9678
{txt} 8.654 {res}    3755      1      0      0.9621    0.0030     0.9557    0.9676
{txt} 8.695 {res}    3754      0      1      0.9621    0.0030     0.9557    0.9676
{txt} 8.717 {res}    3753      1      0      0.9619    0.0030     0.9555    0.9674
{txt} 8.783 {res}    3752      0      1      0.9619    0.0030     0.9555    0.9674
{txt} 8.813 {res}    3751      0      1      0.9619    0.0030     0.9555    0.9674
{txt} 8.876 {res}    3750      1      0      0.9616    0.0030     0.9552    0.9671
{txt}  8.89 {res}    3749      0      1      0.9616    0.0030     0.9552    0.9671
{txt} 8.901 {res}    3748      0      1      0.9616    0.0030     0.9552    0.9671
{txt} 8.906 {res}    3747      1      0      0.9613    0.0030     0.9549    0.9669
{txt} 8.961 {res}    3746      0      1      0.9613    0.0030     0.9549    0.9669
{txt} 8.986 {res}    3745      0      1      0.9613    0.0030     0.9549    0.9669
{txt} 9.002 {res}    3744      1      0      0.9611    0.0031     0.9546    0.9666
{txt} 9.054 {res}    3743      1      0      0.9608    0.0031     0.9543    0.9664
{txt} 9.076 {res}    3742      0      1      0.9608    0.0031     0.9543    0.9664
{txt} 9.166 {res}    3741      0      1      0.9608    0.0031     0.9543    0.9664
{txt} 9.169 {res}    3740      1      0      0.9606    0.0031     0.9541    0.9662
{txt} 9.221 {res}    3739      0      1      0.9606    0.0031     0.9541    0.9662
{txt} 9.251 {res}    3738      0      1      0.9606    0.0031     0.9541    0.9662
{txt} 9.284 {res}    3737      1      0      0.9603    0.0031     0.9538    0.9659
{txt} 9.292 {res}    3736      0      1      0.9603    0.0031     0.9538    0.9659
{txt} 9.303 {res}    3735      1      0      0.9601    0.0031     0.9535    0.9657
{txt} 9.322 {res}    3734      1      0      0.9598    0.0031     0.9532    0.9655
{txt} 9.325 {res}    3733      0      1      0.9598    0.0031     0.9532    0.9655
{txt} 9.347 {res}    3732      1      0      0.9595    0.0031     0.9530    0.9652
{txt} 9.352 {res}    3731      0      1      0.9595    0.0031     0.9530    0.9652
{txt} 9.388 {res}    3730      0      2      0.9595    0.0031     0.9530    0.9652
{txt} 9.402 {res}    3728      0      1      0.9595    0.0031     0.9530    0.9652
{txt} 9.459 {res}    3727      0      1      0.9595    0.0031     0.9530    0.9652
{txt}  9.47 {res}    3726      1      0      0.9593    0.0031     0.9527    0.9650
{txt} 9.478 {res}    3725      1      0      0.9590    0.0031     0.9524    0.9647
{txt} 9.481 {res}    3724      0      1      0.9590    0.0031     0.9524    0.9647
{txt} 9.503 {res}    3723      0      1      0.9590    0.0031     0.9524    0.9647
{txt}  9.55 {res}    3722      0      1      0.9590    0.0031     0.9524    0.9647
{txt} 9.552 {res}    3721      0      1      0.9590    0.0031     0.9524    0.9647
{txt} 9.555 {res}    3720      0      1      0.9590    0.0031     0.9524    0.9647
{txt}  9.61 {res}    3719      0      1      0.9590    0.0031     0.9524    0.9647
{txt} 9.621 {res}    3718      0      1      0.9590    0.0031     0.9524    0.9647
{txt} 9.632 {res}    3717      0      1      0.9590    0.0031     0.9524    0.9647
{txt} 9.681 {res}    3716      1      0      0.9588    0.0031     0.9521    0.9645
{txt} 9.687 {res}    3715      0      1      0.9588    0.0031     0.9521    0.9645
{txt} 9.717 {res}    3714      0      1      0.9588    0.0031     0.9521    0.9645
{txt} 9.719 {res}    3713      0      1      0.9588    0.0031     0.9521    0.9645
{txt} 9.758 {res}    3712      0      1      0.9588    0.0031     0.9521    0.9645
{txt}  9.76 {res}    3711      0      1      0.9588    0.0031     0.9521    0.9645
{txt} 9.777 {res}    3710      0      1      0.9588    0.0031     0.9521    0.9645
{txt} 9.782 {res}    3709      0      1      0.9588    0.0031     0.9521    0.9645
{txt} 9.802 {res}    3708      1      0      0.9585    0.0032     0.9519    0.9643
{txt} 9.812 {res}    3707      1      0      0.9583    0.0032     0.9516    0.9640
{txt} 9.821 {res}    3706      0      2      0.9583    0.0032     0.9516    0.9640
{txt} 9.823 {res}    3704      0      1      0.9583    0.0032     0.9516    0.9640
{txt} 9.843 {res}    3703      0      1      0.9583    0.0032     0.9516    0.9640
{txt} 9.856 {res}    3702      1      0      0.9580    0.0032     0.9513    0.9638
{txt} 9.859 {res}    3701      0      1      0.9580    0.0032     0.9513    0.9638
{txt} 9.875 {res}    3700      2      0      0.9575    0.0032     0.9507    0.9633
{txt} 9.908 {res}    3698      0      1      0.9575    0.0032     0.9507    0.9633
{txt} 9.916 {res}    3697      0      1      0.9575    0.0032     0.9507    0.9633
{txt} 9.922 {res}    3696      1      0      0.9572    0.0032     0.9505    0.9631
{txt} 9.925 {res}    3695      1      0      0.9570    0.0032     0.9502    0.9628
{txt} 9.938 {res}    3694      1      0      0.9567    0.0032     0.9499    0.9626
{txt} 9.944 {res}    3693      1      1      0.9564    0.0032     0.9496    0.9623
{txt} 9.966 {res}    3691      1      0      0.9562    0.0032     0.9494    0.9621
{txt} 9.979 {res}    3690      0      1      0.9562    0.0032     0.9494    0.9621
{txt} 9.982 {res}    3689      0      1      0.9562    0.0032     0.9494    0.9621
{txt} 9.985 {res}    3688      0      1      0.9562    0.0032     0.9494    0.9621
{txt} 10.01 {res}    3687      0      2      0.9562    0.0032     0.9494    0.9621
{txt} 10.01 {res}    3685      0      1      0.9562    0.0032     0.9494    0.9621
{txt} 10.02 {res}    3684      0      1      0.9562    0.0032     0.9494    0.9621
{txt} 10.05 {res}    3683      0      1      0.9562    0.0032     0.9494    0.9621
{txt} 10.06 {res}    3682      1      0      0.9559    0.0032     0.9491    0.9619
{txt} 10.08 {res}    3681      0      2      0.9559    0.0032     0.9491    0.9619
{txt}  10.1 {res}    3679      1      0      0.9557    0.0033     0.9488    0.9616
{txt} 10.11 {res}    3678      0      1      0.9557    0.0033     0.9488    0.9616
{txt} 10.11 {res}    3677      0      1      0.9557    0.0033     0.9488    0.9616
{txt} 10.12 {res}    3676      0      1      0.9557    0.0033     0.9488    0.9616
{txt} 10.12 {res}    3675      1      1      0.9554    0.0033     0.9485    0.9614
{txt} 10.14 {res}    3673      1      0      0.9551    0.0033     0.9482    0.9611
{txt} 10.14 {res}    3672      0      1      0.9551    0.0033     0.9482    0.9611
{txt} 10.16 {res}    3671      1      0      0.9549    0.0033     0.9480    0.9609
{txt} 10.16 {res}    3670      1      0      0.9546    0.0033     0.9477    0.9607
{txt} 10.19 {res}    3669      0      1      0.9546    0.0033     0.9477    0.9607
{txt} 10.21 {res}    3668      0      1      0.9546    0.0033     0.9477    0.9607
{txt} 10.21 {res}    3667      0      1      0.9546    0.0033     0.9477    0.9607
{txt} 10.23 {res}    3666      0      1      0.9546    0.0033     0.9477    0.9607
{txt} 10.27 {res}    3665      0      1      0.9546    0.0033     0.9477    0.9607
{txt} 10.29 {res}    3664      0      1      0.9546    0.0033     0.9477    0.9607
{txt} 10.29 {res}    3663      0      1      0.9546    0.0033     0.9477    0.9607
{txt}  10.3 {res}    3662      0      1      0.9546    0.0033     0.9477    0.9607
{txt} 10.34 {res}    3661      1      0      0.9544    0.0033     0.9474    0.9604
{txt} 10.37 {res}    3660      1      0      0.9541    0.0033     0.9471    0.9602
{txt} 10.37 {res}    3659      1      0      0.9538    0.0033     0.9469    0.9599
{txt} 10.38 {res}    3658      1      0      0.9536    0.0033     0.9466    0.9597
{txt}  10.4 {res}    3657      0      1      0.9536    0.0033     0.9466    0.9597
{txt}  10.4 {res}    3656      1      0      0.9533    0.0033     0.9463    0.9594
{txt} 10.41 {res}    3655      0      2      0.9533    0.0033     0.9463    0.9594
{txt} 10.42 {res}    3653      0      1      0.9533    0.0033     0.9463    0.9594
{txt} 10.51 {res}    3652      0      1      0.9533    0.0033     0.9463    0.9594
{txt} 10.51 {res}    3651      0      1      0.9533    0.0033     0.9463    0.9594
{txt} 10.52 {res}    3650      1      0      0.9531    0.0034     0.9460    0.9592
{txt} 10.53 {res}    3649      1      0      0.9528    0.0034     0.9457    0.9590
{txt} 10.54 {res}    3648      0      1      0.9528    0.0034     0.9457    0.9590
{txt} 10.54 {res}    3647      0      1      0.9528    0.0034     0.9457    0.9590
{txt} 10.57 {res}    3646      0      1      0.9528    0.0034     0.9457    0.9590
{txt}  10.6 {res}    3645      0      1      0.9528    0.0034     0.9457    0.9590
{txt} 10.61 {res}    3644      1      0      0.9525    0.0034     0.9455    0.9587
{txt} 10.62 {res}    3643      0      1      0.9525    0.0034     0.9455    0.9587
{txt} 10.62 {res}    3642      1      0      0.9523    0.0034     0.9452    0.9585
{txt} 10.63 {res}    3641      1      0      0.9520    0.0034     0.9449    0.9582
{txt} 10.63 {res}    3640      0      1      0.9520    0.0034     0.9449    0.9582
{txt} 10.63 {res}    3639      1      0      0.9517    0.0034     0.9446    0.9580
{txt} 10.64 {res}    3638      1      0      0.9515    0.0034     0.9443    0.9577
{txt} 10.66 {res}    3637      0      1      0.9515    0.0034     0.9443    0.9577
{txt} 10.67 {res}    3636      0      1      0.9515    0.0034     0.9443    0.9577
{txt}  10.7 {res}    3635      0      1      0.9515    0.0034     0.9443    0.9577
{txt} 10.77 {res}    3634      0      1      0.9515    0.0034     0.9443    0.9577
{txt} 10.79 {res}    3633      0      1      0.9515    0.0034     0.9443    0.9577
{txt}  10.8 {res}    3632      1      0      0.9512    0.0034     0.9441    0.9575
{txt}  10.8 {res}    3631      1      1      0.9510    0.0034     0.9438    0.9572
{txt} 10.82 {res}    3629      0      2      0.9510    0.0034     0.9438    0.9572
{txt} 10.88 {res}    3627      0      1      0.9510    0.0034     0.9438    0.9572
{txt} 10.88 {res}    3626      1      0      0.9507    0.0034     0.9435    0.9570
{txt}  10.9 {res}    3625      0      1      0.9507    0.0034     0.9435    0.9570
{txt} 10.93 {res}    3624      1      0      0.9504    0.0034     0.9432    0.9568
{txt} 10.95 {res}    3623      0      1      0.9504    0.0034     0.9432    0.9568
{txt} 10.95 {res}    3622      1      0      0.9502    0.0035     0.9429    0.9565
{txt}    11 {res}    3621      0      1      0.9502    0.0035     0.9429    0.9565
{txt} 11.01 {res}    3620      1      0      0.9499    0.0035     0.9427    0.9563
{txt} 11.02 {res}    3619      0      1      0.9499    0.0035     0.9427    0.9563
{txt} 11.03 {res}    3618      0      1      0.9499    0.0035     0.9427    0.9563
{txt} 11.04 {res}    3617      1      1      0.9497    0.0035     0.9424    0.9560
{txt} 11.05 {res}    3615      0      1      0.9497    0.0035     0.9424    0.9560
{txt} 11.06 {res}    3614      0      1      0.9497    0.0035     0.9424    0.9560
{txt} 11.07 {res}    3613      1      0      0.9494    0.0035     0.9421    0.9558
{txt} 11.08 {res}    3612      1      0      0.9491    0.0035     0.9418    0.9555
{txt} 11.09 {res}    3611      0      1      0.9491    0.0035     0.9418    0.9555
{txt} 11.09 {res}    3610      1      0      0.9489    0.0035     0.9415    0.9553
{txt} 11.12 {res}    3609      0      1      0.9489    0.0035     0.9415    0.9553
{txt} 11.18 {res}    3608      1      0      0.9486    0.0035     0.9413    0.9550
{txt}  11.2 {res}    3607      0      1      0.9486    0.0035     0.9413    0.9550
{txt} 11.23 {res}    3606      1      0      0.9483    0.0035     0.9410    0.9548
{txt} 11.23 {res}    3605      0      1      0.9483    0.0035     0.9410    0.9548
{txt} 11.24 {res}    3604      1      0      0.9481    0.0035     0.9407    0.9546
{txt} 11.27 {res}    3603      0      1      0.9481    0.0035     0.9407    0.9546
{txt}  11.3 {res}    3602      0      1      0.9481    0.0035     0.9407    0.9546
{txt} 11.34 {res}    3601      1      0      0.9478    0.0035     0.9404    0.9543
{txt} 11.35 {res}    3600      0      2      0.9478    0.0035     0.9404    0.9543
{txt} 11.35 {res}    3598      0      1      0.9478    0.0035     0.9404    0.9543
{txt} 11.37 {res}    3597      0      1      0.9478    0.0035     0.9404    0.9543
{txt} 11.38 {res}    3596      1      0      0.9475    0.0035     0.9401    0.9541
{txt} 11.39 {res}    3595      1      0      0.9473    0.0036     0.9399    0.9538
{txt}  11.4 {res}    3594      1      0      0.9470    0.0036     0.9396    0.9536
{txt} 11.41 {res}    3593      1      1      0.9468    0.0036     0.9393    0.9533
{txt} 11.41 {res}    3591      1      0      0.9465    0.0036     0.9390    0.9531
{txt} 11.44 {res}    3590      0      1      0.9465    0.0036     0.9390    0.9531
{txt} 11.45 {res}    3589      1      0      0.9462    0.0036     0.9387    0.9528
{txt}  11.5 {res}    3588      1      0      0.9460    0.0036     0.9385    0.9526
{txt} 11.51 {res}    3587      0      1      0.9460    0.0036     0.9385    0.9526
{txt} 11.54 {res}    3586      1      0      0.9457    0.0036     0.9382    0.9523
{txt} 11.55 {res}    3585      1      0      0.9454    0.0036     0.9379    0.9521
{txt} 11.58 {res}    3584      1      0      0.9452    0.0036     0.9376    0.9518
{txt} 11.59 {res}    3583      0      1      0.9452    0.0036     0.9376    0.9518
{txt} 11.62 {res}    3582      0      1      0.9452    0.0036     0.9376    0.9518
{txt} 11.62 {res}    3581      0      1      0.9452    0.0036     0.9376    0.9518
{txt} 11.62 {res}    3580      0      1      0.9452    0.0036     0.9376    0.9518
{txt} 11.63 {res}    3579      0      1      0.9452    0.0036     0.9376    0.9518
{txt} 11.66 {res}    3578      0      1      0.9452    0.0036     0.9376    0.9518
{txt} 11.67 {res}    3577      1      0      0.9449    0.0036     0.9373    0.9516
{txt} 11.68 {res}    3576      0      1      0.9449    0.0036     0.9373    0.9516
{txt} 11.69 {res}    3575      1      0      0.9446    0.0036     0.9370    0.9513
{txt} 11.71 {res}    3574      1      1      0.9444    0.0036     0.9368    0.9511
{txt} 11.73 {res}    3572      1      0      0.9441    0.0037     0.9365    0.9509
{txt} 11.73 {res}    3571      0      1      0.9441    0.0037     0.9365    0.9509
{txt} 11.75 {res}    3570      0      1      0.9441    0.0037     0.9365    0.9509
{txt} 11.76 {res}    3569      0      1      0.9441    0.0037     0.9365    0.9509
{txt} 11.82 {res}    3568      0      1      0.9441    0.0037     0.9365    0.9509
{txt} 11.82 {res}    3567      2      0      0.9436    0.0037     0.9359    0.9504
{txt} 11.83 {res}    3565      0      1      0.9436    0.0037     0.9359    0.9504
{txt} 11.84 {res}    3564      0      1      0.9436    0.0037     0.9359    0.9504
{txt} 11.87 {res}    3563      1      0      0.9433    0.0037     0.9356    0.9501
{txt} 11.88 {res}    3562      1      0      0.9431    0.0037     0.9354    0.9499
{txt} 11.89 {res}    3561      1      0      0.9428    0.0037     0.9351    0.9496
{txt} 11.91 {res}    3560      1      0      0.9425    0.0037     0.9348    0.9494
{txt} 11.92 {res}    3559      0      1      0.9425    0.0037     0.9348    0.9494
{txt} 11.93 {res}    3558      0      1      0.9425    0.0037     0.9348    0.9494
{txt} 11.93 {res}    3557      0      1      0.9425    0.0037     0.9348    0.9494
{txt} 11.93 {res}    3556      0      1      0.9425    0.0037     0.9348    0.9494
{txt} 11.94 {res}    3555      0      1      0.9425    0.0037     0.9348    0.9494
{txt} 11.96 {res}    3554      0      1      0.9425    0.0037     0.9348    0.9494
{txt} 11.99 {res}    3553      0      1      0.9425    0.0037     0.9348    0.9494
{txt} 12.02 {res}    3552      0      1      0.9425    0.0037     0.9348    0.9494
{txt} 12.04 {res}    3551      1      0      0.9423    0.0037     0.9345    0.9491
{txt} 12.04 {res}    3550      1      0      0.9420    0.0037     0.9342    0.9489
{txt} 12.11 {res}    3549      0      1      0.9420    0.0037     0.9342    0.9489
{txt} 12.16 {res}    3548      1      0      0.9417    0.0037     0.9340    0.9486
{txt} 12.16 {res}    3547      0      1      0.9417    0.0037     0.9340    0.9486
{txt} 12.17 {res}    3546      1      1      0.9415    0.0037     0.9337    0.9484
{txt} 12.18 {res}    3544      0      1      0.9415    0.0037     0.9337    0.9484
{txt} 12.19 {res}    3543      0      1      0.9415    0.0037     0.9337    0.9484
{txt} 12.21 {res}    3542      1      0      0.9412    0.0037     0.9334    0.9481
{txt} 12.23 {res}    3541      0      1      0.9412    0.0037     0.9334    0.9481
{txt} 12.24 {res}    3540      0      1      0.9412    0.0037     0.9334    0.9481
{txt} 12.26 {res}    3539      1      0      0.9409    0.0038     0.9331    0.9479
{txt} 12.28 {res}    3538      0      1      0.9409    0.0038     0.9331    0.9479
{txt}  12.3 {res}    3537      0      1      0.9409    0.0038     0.9331    0.9479
{txt} 12.32 {res}    3536      1      0      0.9407    0.0038     0.9328    0.9476
{txt} 12.32 {res}    3535      1      0      0.9404    0.0038     0.9325    0.9474
{txt} 12.36 {res}    3534      0      1      0.9404    0.0038     0.9325    0.9474
{txt} 12.36 {res}    3533      0      1      0.9404    0.0038     0.9325    0.9474
{txt} 12.38 {res}    3532      0      1      0.9404    0.0038     0.9325    0.9474
{txt} 12.42 {res}    3531      0      1      0.9404    0.0038     0.9325    0.9474
{txt} 12.44 {res}    3530      0      1      0.9404    0.0038     0.9325    0.9474
{txt} 12.45 {res}    3529      1      0      0.9401    0.0038     0.9323    0.9471
{txt} 12.47 {res}    3528      1      0      0.9399    0.0038     0.9320    0.9469
{txt} 12.48 {res}    3527      1      0      0.9396    0.0038     0.9317    0.9466
{txt} 12.49 {res}    3526      0      1      0.9396    0.0038     0.9317    0.9466
{txt} 12.49 {res}    3525      0      1      0.9396    0.0038     0.9317    0.9466
{txt}  12.5 {res}    3524      1      0      0.9393    0.0038     0.9314    0.9464
{txt} 12.51 {res}    3523      0      1      0.9393    0.0038     0.9314    0.9464
{txt} 12.53 {res}    3522      1      1      0.9391    0.0038     0.9311    0.9461
{txt} 12.54 {res}    3520      1      0      0.9388    0.0038     0.9308    0.9459
{txt} 12.56 {res}    3519      1      0      0.9385    0.0038     0.9306    0.9456
{txt} 12.57 {res}    3518      1      0      0.9383    0.0038     0.9303    0.9454
{txt} 12.61 {res}    3517      1      0      0.9380    0.0038     0.9300    0.9451
{txt} 12.61 {res}    3516      1      0      0.9377    0.0039     0.9297    0.9449
{txt} 12.64 {res}    3515      0      1      0.9377    0.0039     0.9297    0.9449
{txt} 12.69 {res}    3514      0      1      0.9377    0.0039     0.9297    0.9449
{txt}  12.7 {res}    3513      1      0      0.9375    0.0039     0.9294    0.9446
{txt} 12.71 {res}    3512      0      1      0.9375    0.0039     0.9294    0.9446
{txt} 12.74 {res}    3511      0      1      0.9375    0.0039     0.9294    0.9446
{txt} 12.74 {res}    3510      1      0      0.9372    0.0039     0.9292    0.9444
{txt} 12.74 {res}    3509      0      1      0.9372    0.0039     0.9292    0.9444
{txt} 12.76 {res}    3508      0      1      0.9372    0.0039     0.9292    0.9444
{txt}  12.8 {res}    3507      0      1      0.9372    0.0039     0.9292    0.9444
{txt} 12.82 {res}    3506      0      1      0.9372    0.0039     0.9292    0.9444
{txt} 12.82 {res}    3505      1      0      0.9369    0.0039     0.9289    0.9441
{txt} 12.83 {res}    3504      0      1      0.9369    0.0039     0.9289    0.9441
{txt} 12.87 {res}    3503      0      1      0.9369    0.0039     0.9289    0.9441
{txt} 12.88 {res}    3502      0      1      0.9369    0.0039     0.9289    0.9441
{txt}  12.9 {res}    3501      1      0      0.9367    0.0039     0.9286    0.9439
{txt} 12.91 {res}    3500      1      1      0.9364    0.0039     0.9283    0.9436
{txt} 12.92 {res}    3498      0      1      0.9364    0.0039     0.9283    0.9436
{txt} 12.93 {res}    3497      1      0      0.9361    0.0039     0.9280    0.9434
{txt} 12.94 {res}    3496      1      0      0.9359    0.0039     0.9277    0.9431
{txt} 12.95 {res}    3495      0      1      0.9359    0.0039     0.9277    0.9431
{txt} 12.95 {res}    3494      0      1      0.9359    0.0039     0.9277    0.9431
{txt} 12.99 {res}    3493      1      0      0.9356    0.0039     0.9275    0.9429
{txt} 13.01 {res}    3492      1      0      0.9353    0.0039     0.9272    0.9426
{txt} 13.02 {res}    3491      0      1      0.9353    0.0039     0.9272    0.9426
{txt} 13.04 {res}    3490      0      1      0.9353    0.0039     0.9272    0.9426
{txt} 13.07 {res}    3489      0      1      0.9353    0.0039     0.9272    0.9426
{txt} 13.08 {res}    3488      0      1      0.9353    0.0039     0.9272    0.9426
{txt} 13.09 {res}    3487      0      1      0.9353    0.0039     0.9272    0.9426
{txt} 13.11 {res}    3486      0      1      0.9353    0.0039     0.9272    0.9426
{txt} 13.11 {res}    3485      1      0      0.9351    0.0039     0.9269    0.9423
{txt} 13.12 {res}    3484      1      0      0.9348    0.0039     0.9266    0.9421
{txt} 13.12 {res}    3483      0      1      0.9348    0.0039     0.9266    0.9421
{txt} 13.12 {res}    3482      0      1      0.9348    0.0039     0.9266    0.9421
{txt} 13.14 {res}    3481      1      0      0.9345    0.0040     0.9263    0.9418
{txt} 13.14 {res}    3480      1      0      0.9343    0.0040     0.9260    0.9416
{txt} 13.19 {res}    3479      0      1      0.9343    0.0040     0.9260    0.9416
{txt}  13.2 {res}    3478      0      1      0.9343    0.0040     0.9260    0.9416
{txt} 13.26 {res}    3477      1      0      0.9340    0.0040     0.9257    0.9413
{txt} 13.26 {res}    3476      0      1      0.9340    0.0040     0.9257    0.9413
{txt} 13.26 {res}    3475      0      1      0.9340    0.0040     0.9257    0.9413
{txt} 13.28 {res}    3474      1      0      0.9337    0.0040     0.9255    0.9411
{txt} 13.29 {res}    3473      1      0      0.9334    0.0040     0.9252    0.9408
{txt} 13.29 {res}    3472      1      0      0.9332    0.0040     0.9249    0.9406
{txt} 13.31 {res}    3471      1      0      0.9329    0.0040     0.9246    0.9403
{txt} 13.31 {res}    3470      1      0      0.9326    0.0040     0.9243    0.9401
{txt} 13.33 {res}    3469      0      1      0.9326    0.0040     0.9243    0.9401
{txt} 13.33 {res}    3468      1      0      0.9324    0.0040     0.9240    0.9398
{txt} 13.33 {res}    3467      2      0      0.9318    0.0040     0.9235    0.9393
{txt} 13.35 {res}    3465      1      0      0.9316    0.0040     0.9232    0.9391
{txt} 13.36 {res}    3464      1      0      0.9313    0.0040     0.9229    0.9388
{txt} 13.38 {res}    3463      1      0      0.9310    0.0041     0.9226    0.9385
{txt} 13.38 {res}    3462      1      0      0.9308    0.0041     0.9223    0.9383
{txt} 13.39 {res}    3461      0      1      0.9308    0.0041     0.9223    0.9383
{txt}  13.4 {res}    3460      1      0      0.9305    0.0041     0.9221    0.9380
{txt}  13.4 {res}    3459      0      1      0.9305    0.0041     0.9221    0.9380
{txt} 13.42 {res}    3458      1      0      0.9302    0.0041     0.9218    0.9378
{txt} 13.42 {res}    3457      0      1      0.9302    0.0041     0.9218    0.9378
{txt} 13.43 {res}    3456      0      1      0.9302    0.0041     0.9218    0.9378
{txt} 13.46 {res}    3455      0      1      0.9302    0.0041     0.9218    0.9378
{txt} 13.47 {res}    3454      0      1      0.9302    0.0041     0.9218    0.9378
{txt}  13.5 {res}    3453      1      0      0.9299    0.0041     0.9215    0.9375
{txt} 13.51 {res}    3452      0      1      0.9299    0.0041     0.9215    0.9375
{txt} 13.55 {res}    3451      1      0      0.9297    0.0041     0.9212    0.9373
{txt} 13.57 {res}    3450      1      0      0.9294    0.0041     0.9209    0.9370
{txt} 13.58 {res}    3449      0      1      0.9294    0.0041     0.9209    0.9370
{txt}  13.6 {res}    3448      0      1      0.9294    0.0041     0.9209    0.9370
{txt} 13.61 {res}    3447      0      1      0.9294    0.0041     0.9209    0.9370
{txt} 13.62 {res}    3446      0      1      0.9294    0.0041     0.9209    0.9370
{txt} 13.63 {res}    3445      0      1      0.9294    0.0041     0.9209    0.9370
{txt} 13.65 {res}    3444      0      1      0.9294    0.0041     0.9209    0.9370
{txt} 13.66 {res}    3443      1      0      0.9291    0.0041     0.9206    0.9368
{txt} 13.68 {res}    3442      0      1      0.9291    0.0041     0.9206    0.9368
{txt} 13.69 {res}    3441      0      1      0.9291    0.0041     0.9206    0.9368
{txt}  13.7 {res}    3440      1      0      0.9289    0.0041     0.9203    0.9365
{txt} 13.71 {res}    3439      0      1      0.9289    0.0041     0.9203    0.9365
{txt} 13.71 {res}    3438      0      1      0.9289    0.0041     0.9203    0.9365
{txt} 13.72 {res}    3437      0      1      0.9289    0.0041     0.9203    0.9365
{txt} 13.72 {res}    3436      0      1      0.9289    0.0041     0.9203    0.9365
{txt} 13.73 {res}    3435      1      0      0.9286    0.0041     0.9201    0.9363
{txt} 13.74 {res}    3434      0      1      0.9286    0.0041     0.9201    0.9363
{txt} 13.74 {res}    3433      0      1      0.9286    0.0041     0.9201    0.9363
{txt} 13.77 {res}    3432      1      0      0.9283    0.0041     0.9198    0.9360
{txt} 13.77 {res}    3431      1      0      0.9281    0.0041     0.9195    0.9357
{txt} 13.79 {res}    3430      0      1      0.9281    0.0041     0.9195    0.9357
{txt} 13.79 {res}    3429      1      0      0.9278    0.0041     0.9192    0.9355
{txt}  13.8 {res}    3428      0      1      0.9278    0.0041     0.9192    0.9355
{txt} 13.82 {res}    3427      1      0      0.9275    0.0042     0.9189    0.9352
{txt} 13.87 {res}    3426      0      1      0.9275    0.0042     0.9189    0.9352
{txt} 13.87 {res}    3425      0      1      0.9275    0.0042     0.9189    0.9352
{txt} 13.88 {res}    3424      1      0      0.9272    0.0042     0.9186    0.9350
{txt} 13.88 {res}    3423      0      1      0.9272    0.0042     0.9186    0.9350
{txt} 13.89 {res}    3422      0      1      0.9272    0.0042     0.9186    0.9350
{txt} 13.92 {res}    3421      0      1      0.9272    0.0042     0.9186    0.9350
{txt} 13.95 {res}    3420      1      0      0.9270    0.0042     0.9183    0.9347
{txt} 13.95 {res}    3419      0      1      0.9270    0.0042     0.9183    0.9347
{txt} 13.96 {res}    3418      1      1      0.9267    0.0042     0.9181    0.9345
{txt} 13.97 {res}    3416      1      0      0.9264    0.0042     0.9178    0.9342
{txt} 14.01 {res}    3415      1      0      0.9262    0.0042     0.9175    0.9340
{txt} 14.02 {res}    3414      0      1      0.9262    0.0042     0.9175    0.9340
{txt} 14.02 {res}    3413      0      1      0.9262    0.0042     0.9175    0.9340
{txt} 14.03 {res}    3412      0      1      0.9262    0.0042     0.9175    0.9340
{txt} 14.04 {res}    3411      0      1      0.9262    0.0042     0.9175    0.9340
{txt} 14.05 {res}    3410      0      1      0.9262    0.0042     0.9175    0.9340
{txt} 14.06 {res}    3409      1      0      0.9259    0.0042     0.9172    0.9337
{txt} 14.06 {res}    3408      0      1      0.9259    0.0042     0.9172    0.9337
{txt} 14.06 {res}    3407      0      1      0.9259    0.0042     0.9172    0.9337
{txt} 14.07 {res}    3406      0      1      0.9259    0.0042     0.9172    0.9337
{txt} 14.09 {res}    3405      0      1      0.9259    0.0042     0.9172    0.9337
{txt} 14.09 {res}    3404      0      1      0.9259    0.0042     0.9172    0.9337
{txt}  14.1 {res}    3403      0      1      0.9259    0.0042     0.9172    0.9337
{txt} 14.11 {res}    3402      0      1      0.9259    0.0042     0.9172    0.9337
{txt} 14.12 {res}    3401      1      0      0.9256    0.0042     0.9169    0.9334
{txt} 14.12 {res}    3400      0      1      0.9256    0.0042     0.9169    0.9334
{txt} 14.15 {res}    3399      0      1      0.9256    0.0042     0.9169    0.9334
{txt} 14.18 {res}    3398      1      0      0.9253    0.0042     0.9166    0.9332
{txt} 14.22 {res}    3397      0      1      0.9253    0.0042     0.9166    0.9332
{txt} 14.23 {res}    3396      1      0      0.9251    0.0042     0.9163    0.9329
{txt} 14.25 {res}    3395      0      1      0.9251    0.0042     0.9163    0.9329
{txt} 14.26 {res}    3394      1      0      0.9248    0.0042     0.9161    0.9327
{txt} 14.26 {res}    3393      2      0      0.9243    0.0042     0.9155    0.9322
{txt} 14.31 {res}    3391      1      0      0.9240    0.0043     0.9152    0.9319
{txt} 14.31 {res}    3390      1      0      0.9237    0.0043     0.9149    0.9316
{txt} 14.32 {res}    3389      0      1      0.9237    0.0043     0.9149    0.9316
{txt} 14.32 {res}    3388      0      1      0.9237    0.0043     0.9149    0.9316
{txt} 14.35 {res}    3387      1      0      0.9234    0.0043     0.9146    0.9314
{txt} 14.38 {res}    3386      1      2      0.9232    0.0043     0.9143    0.9311
{txt} 14.41 {res}    3383      0      1      0.9232    0.0043     0.9143    0.9311
{txt} 14.43 {res}    3382      0      2      0.9232    0.0043     0.9143    0.9311
{txt} 14.43 {res}    3380      0      2      0.9232    0.0043     0.9143    0.9311
{txt} 14.44 {res}    3378      0      1      0.9232    0.0043     0.9143    0.9311
{txt} 14.46 {res}    3377      1      0      0.9229    0.0043     0.9140    0.9309
{txt}  14.5 {res}    3376      0      1      0.9229    0.0043     0.9140    0.9309
{txt} 14.54 {res}    3375      0      1      0.9229    0.0043     0.9140    0.9309
{txt} 14.55 {res}    3374      0      1      0.9229    0.0043     0.9140    0.9309
{txt} 14.55 {res}    3373      1      0      0.9226    0.0043     0.9138    0.9306
{txt} 14.57 {res}    3372      0      1      0.9226    0.0043     0.9138    0.9306
{txt} 14.57 {res}    3371      0      1      0.9226    0.0043     0.9138    0.9306
{txt} 14.57 {res}    3370      0      2      0.9226    0.0043     0.9138    0.9306
{txt}  14.6 {res}    3368      1      0      0.9223    0.0043     0.9135    0.9303
{txt} 14.65 {res}    3367      1      1      0.9221    0.0043     0.9132    0.9301
{txt} 14.68 {res}    3365      1      0      0.9218    0.0043     0.9129    0.9298
{txt} 14.72 {res}    3364      0      1      0.9218    0.0043     0.9129    0.9298
{txt} 14.72 {res}    3363      0      1      0.9218    0.0043     0.9129    0.9298
{txt} 14.73 {res}    3362      0      1      0.9218    0.0043     0.9129    0.9298
{txt} 14.74 {res}    3361      0      2      0.9218    0.0043     0.9129    0.9298
{txt} 14.77 {res}    3359      0      1      0.9218    0.0043     0.9129    0.9298
{txt} 14.78 {res}    3358      0      1      0.9218    0.0043     0.9129    0.9298
{txt} 14.78 {res}    3357      1      0      0.9215    0.0043     0.9126    0.9296
{txt} 14.81 {res}    3356      1      0      0.9212    0.0043     0.9123    0.9293
{txt} 14.82 {res}    3355      0      1      0.9212    0.0043     0.9123    0.9293
{txt} 14.87 {res}    3354      1      0      0.9210    0.0043     0.9120    0.9290
{txt} 14.89 {res}    3353      2      2      0.9204    0.0043     0.9114    0.9285
{txt} 14.89 {res}    3349      0      1      0.9204    0.0043     0.9114    0.9285
{txt}  14.9 {res}    3348      0      1      0.9204    0.0043     0.9114    0.9285
{txt} 14.91 {res}    3347      1      0      0.9201    0.0044     0.9112    0.9283
{txt} 14.92 {res}    3346      0      1      0.9201    0.0044     0.9112    0.9283
{txt} 14.93 {res}    3345      0      1      0.9201    0.0044     0.9112    0.9283
{txt} 14.94 {res}    3344      0      1      0.9201    0.0044     0.9112    0.9283
{txt} 14.97 {res}    3343      0      1      0.9201    0.0044     0.9112    0.9283
{txt} 15.02 {res}    3342      1      0      0.9199    0.0044     0.9109    0.9280
{txt} 15.05 {res}    3341      0      2      0.9199    0.0044     0.9109    0.9280
{txt} 15.05 {res}    3339      1      0      0.9196    0.0044     0.9106    0.9277
{txt} 15.06 {res}    3338      0      1      0.9196    0.0044     0.9106    0.9277
{txt} 15.07 {res}    3337      1      0      0.9193    0.0044     0.9103    0.9275
{txt}  15.1 {res}    3336      0      1      0.9193    0.0044     0.9103    0.9275
{txt}  15.1 {res}    3335      1      0      0.9190    0.0044     0.9100    0.9272
{txt} 15.11 {res}    3334      0      1      0.9190    0.0044     0.9100    0.9272
{txt} 15.13 {res}    3333      1      0      0.9188    0.0044     0.9097    0.9270
{txt} 15.13 {res}    3332      0      1      0.9188    0.0044     0.9097    0.9270
{txt} 15.13 {res}    3331      0      1      0.9188    0.0044     0.9097    0.9270
{txt} 15.14 {res}    3330      0      1      0.9188    0.0044     0.9097    0.9270
{txt} 15.16 {res}    3329      0      1      0.9188    0.0044     0.9097    0.9270
{txt} 15.17 {res}    3328      0      1      0.9188    0.0044     0.9097    0.9270
{txt} 15.18 {res}    3327      0      1      0.9188    0.0044     0.9097    0.9270
{txt}  15.2 {res}    3326      1      0      0.9185    0.0044     0.9094    0.9267
{txt}  15.2 {res}    3325      1      0      0.9182    0.0044     0.9091    0.9264
{txt} 15.21 {res}    3324      0      1      0.9182    0.0044     0.9091    0.9264
{txt} 15.24 {res}    3323      0      1      0.9182    0.0044     0.9091    0.9264
{txt} 15.25 {res}    3322      0      1      0.9182    0.0044     0.9091    0.9264
{txt} 15.26 {res}    3321      0      1      0.9182    0.0044     0.9091    0.9264
{txt} 15.26 {res}    3320      1      0      0.9179    0.0044     0.9088    0.9262
{txt} 15.27 {res}    3319      1      0      0.9177    0.0044     0.9085    0.9259
{txt} 15.27 {res}    3318      1      0      0.9174    0.0044     0.9083    0.9256
{txt} 15.27 {res}    3317      0      1      0.9174    0.0044     0.9083    0.9256
{txt} 15.28 {res}    3316      0      1      0.9174    0.0044     0.9083    0.9256
{txt}  15.3 {res}    3315      1      0      0.9171    0.0044     0.9080    0.9254
{txt}  15.3 {res}    3314      0      1      0.9171    0.0044     0.9080    0.9254
{txt}  15.3 {res}    3313      0      1      0.9171    0.0044     0.9080    0.9254
{txt} 15.31 {res}    3312      0      1      0.9171    0.0044     0.9080    0.9254
{txt} 15.31 {res}    3311      0      1      0.9171    0.0044     0.9080    0.9254
{txt} 15.32 {res}    3310      1      0      0.9168    0.0044     0.9077    0.9251
{txt} 15.32 {res}    3309      0      1      0.9168    0.0044     0.9077    0.9251
{txt} 15.33 {res}    3308      0      1      0.9168    0.0044     0.9077    0.9251
{txt} 15.34 {res}    3307      1      0      0.9166    0.0045     0.9074    0.9249
{txt} 15.36 {res}    3306      3      0      0.9157    0.0045     0.9065    0.9241
{txt} 15.38 {res}    3303      0      1      0.9157    0.0045     0.9065    0.9241
{txt} 15.38 {res}    3302      1      0      0.9154    0.0045     0.9062    0.9238
{txt} 15.38 {res}    3301      0      1      0.9154    0.0045     0.9062    0.9238
{txt} 15.39 {res}    3300      0      1      0.9154    0.0045     0.9062    0.9238
{txt} 15.39 {res}    3299      0      1      0.9154    0.0045     0.9062    0.9238
{txt} 15.39 {res}    3298      1      0      0.9152    0.0045     0.9059    0.9235
{txt} 15.39 {res}    3297      0      1      0.9152    0.0045     0.9059    0.9235
{txt} 15.41 {res}    3296      0      1      0.9152    0.0045     0.9059    0.9235
{txt} 15.43 {res}    3295      1      0      0.9149    0.0045     0.9056    0.9233
{txt} 15.44 {res}    3294      1      0      0.9146    0.0045     0.9053    0.9230
{txt} 15.44 {res}    3293      0      1      0.9146    0.0045     0.9053    0.9230
{txt} 15.45 {res}    3292      1      0      0.9143    0.0045     0.9050    0.9228
{txt} 15.47 {res}    3291      1      0      0.9141    0.0045     0.9048    0.9225
{txt} 15.48 {res}    3290      0      1      0.9141    0.0045     0.9048    0.9225
{txt} 15.49 {res}    3289      1      0      0.9138    0.0045     0.9045    0.9222
{txt}  15.5 {res}    3288      0      1      0.9138    0.0045     0.9045    0.9222
{txt} 15.52 {res}    3287      0      1      0.9138    0.0045     0.9045    0.9222
{txt} 15.53 {res}    3286      0      1      0.9138    0.0045     0.9045    0.9222
{txt} 15.56 {res}    3285      0      1      0.9138    0.0045     0.9045    0.9222
{txt} 15.59 {res}    3284      1      0      0.9135    0.0045     0.9042    0.9220
{txt} 15.63 {res}    3283      0      1      0.9135    0.0045     0.9042    0.9220
{txt} 15.64 {res}    3282      0      1      0.9135    0.0045     0.9042    0.9220
{txt} 15.66 {res}    3281      1      0      0.9132    0.0045     0.9039    0.9217
{txt} 15.67 {res}    3280      0      2      0.9132    0.0045     0.9039    0.9217
{txt} 15.68 {res}    3278      0      1      0.9132    0.0045     0.9039    0.9217
{txt} 15.69 {res}    3277      0      1      0.9132    0.0045     0.9039    0.9217
{txt} 15.69 {res}    3276      0      1      0.9132    0.0045     0.9039    0.9217
{txt} 15.73 {res}    3275      0      1      0.9132    0.0045     0.9039    0.9217
{txt} 15.76 {res}    3274      0      1      0.9132    0.0045     0.9039    0.9217
{txt} 15.77 {res}    3273      1      0      0.9129    0.0045     0.9036    0.9214
{txt} 15.78 {res}    3272      1      0      0.9127    0.0046     0.9033    0.9212
{txt} 15.79 {res}    3271      0      1      0.9127    0.0046     0.9033    0.9212
{txt} 15.81 {res}    3270      0      1      0.9127    0.0046     0.9033    0.9212
{txt} 15.81 {res}    3269      1      0      0.9124    0.0046     0.9030    0.9209
{txt} 15.84 {res}    3268      0      1      0.9124    0.0046     0.9030    0.9209
{txt} 15.85 {res}    3267      0      1      0.9124    0.0046     0.9030    0.9209
{txt} 15.86 {res}    3266      1      0      0.9121    0.0046     0.9027    0.9206
{txt} 15.86 {res}    3265      1      0      0.9118    0.0046     0.9024    0.9204
{txt}  15.9 {res}    3264      0      1      0.9118    0.0046     0.9024    0.9204
{txt} 15.92 {res}    3263      0      1      0.9118    0.0046     0.9024    0.9204
{txt} 15.96 {res}    3262      1      0      0.9115    0.0046     0.9021    0.9201
{txt} 15.99 {res}    3261      1      0      0.9113    0.0046     0.9018    0.9198
{txt} 16.01 {res}    3260      0      1      0.9113    0.0046     0.9018    0.9198
{txt} 16.04 {res}    3259      1      0      0.9110    0.0046     0.9015    0.9196
{txt} 16.05 {res}    3258      0      1      0.9110    0.0046     0.9015    0.9196
{txt} 16.07 {res}    3257      0      1      0.9110    0.0046     0.9015    0.9196
{txt} 16.08 {res}    3256      1      0      0.9107    0.0046     0.9012    0.9193
{txt} 16.09 {res}    3255      0      1      0.9107    0.0046     0.9012    0.9193
{txt} 16.09 {res}    3254      0      1      0.9107    0.0046     0.9012    0.9193
{txt}  16.1 {res}    3253      0      1      0.9107    0.0046     0.9012    0.9193
{txt} 16.11 {res}    3252      0      1      0.9107    0.0046     0.9012    0.9193
{txt} 16.11 {res}    3251      0      1      0.9107    0.0046     0.9012    0.9193
{txt} 16.13 {res}    3250      0      1      0.9107    0.0046     0.9012    0.9193
{txt} 16.14 {res}    3249      0      1      0.9107    0.0046     0.9012    0.9193
{txt} 16.15 {res}    3248      0      1      0.9107    0.0046     0.9012    0.9193
{txt} 16.16 {res}    3247      1      1      0.9104    0.0046     0.9009    0.9190
{txt} 16.18 {res}    3245      0      1      0.9104    0.0046     0.9009    0.9190
{txt} 16.18 {res}    3244      1      0      0.9101    0.0046     0.9007    0.9188
{txt} 16.24 {res}    3243      0      1      0.9101    0.0046     0.9007    0.9188
{txt} 16.24 {res}    3242      0      2      0.9101    0.0046     0.9007    0.9188
{txt} 16.29 {res}    3240      1      0      0.9099    0.0046     0.9004    0.9185
{txt}  16.3 {res}    3239      0      1      0.9099    0.0046     0.9004    0.9185
{txt}  16.3 {res}    3238      0      1      0.9099    0.0046     0.9004    0.9185
{txt} 16.31 {res}    3237      0      1      0.9099    0.0046     0.9004    0.9185
{txt} 16.32 {res}    3236      1      0      0.9096    0.0046     0.9001    0.9182
{txt} 16.35 {res}    3235      1      0      0.9093    0.0046     0.8998    0.9180
{txt} 16.42 {res}    3234      0      1      0.9093    0.0046     0.8998    0.9180
{txt} 16.43 {res}    3233      1      1      0.9090    0.0046     0.8995    0.9177
{txt} 16.43 {res}    3231      1      0      0.9087    0.0047     0.8992    0.9174
{txt} 16.44 {res}    3230      0      1      0.9087    0.0047     0.8992    0.9174
{txt} 16.45 {res}    3229      0      1      0.9087    0.0047     0.8992    0.9174
{txt} 16.45 {res}    3228      1      0      0.9085    0.0047     0.8989    0.9172
{txt} 16.48 {res}    3227      0      1      0.9085    0.0047     0.8989    0.9172
{txt} 16.48 {res}    3226      0      1      0.9085    0.0047     0.8989    0.9172
{txt} 16.49 {res}    3225      0      1      0.9085    0.0047     0.8989    0.9172
{txt}  16.5 {res}    3224      0      1      0.9085    0.0047     0.8989    0.9172
{txt}  16.5 {res}    3223      0      1      0.9085    0.0047     0.8989    0.9172
{txt} 16.53 {res}    3222      0      1      0.9085    0.0047     0.8989    0.9172
{txt} 16.54 {res}    3221      1      0      0.9082    0.0047     0.8986    0.9169
{txt} 16.56 {res}    3220      0      1      0.9082    0.0047     0.8986    0.9169
{txt} 16.58 {res}    3219      1      0      0.9079    0.0047     0.8983    0.9166
{txt} 16.59 {res}    3218      2      0      0.9073    0.0047     0.8977    0.9161
{txt}  16.6 {res}    3216      0      1      0.9073    0.0047     0.8977    0.9161
{txt} 16.62 {res}    3215      1      1      0.9071    0.0047     0.8974    0.9158
{txt} 16.64 {res}    3213      0      1      0.9071    0.0047     0.8974    0.9158
{txt} 16.65 {res}    3212      0      1      0.9071    0.0047     0.8974    0.9158
{txt} 16.66 {res}    3211      0      1      0.9071    0.0047     0.8974    0.9158
{txt} 16.67 {res}    3210      1      0      0.9068    0.0047     0.8971    0.9156
{txt} 16.68 {res}    3209      1      0      0.9065    0.0047     0.8968    0.9153
{txt} 16.77 {res}    3208      0      1      0.9065    0.0047     0.8968    0.9153
{txt} 16.77 {res}    3207      1      0      0.9062    0.0047     0.8965    0.9150
{txt} 16.78 {res}    3206      0      1      0.9062    0.0047     0.8965    0.9150
{txt} 16.79 {res}    3205      0      1      0.9062    0.0047     0.8965    0.9150
{txt} 16.79 {res}    3204      0      1      0.9062    0.0047     0.8965    0.9150
{txt}  16.8 {res}    3203      1      1      0.9059    0.0047     0.8962    0.9148
{txt}  16.8 {res}    3201      1      0      0.9056    0.0047     0.8959    0.9145
{txt} 16.82 {res}    3200      0      1      0.9056    0.0047     0.8959    0.9145
{txt} 16.88 {res}    3199      0      1      0.9056    0.0047     0.8959    0.9145
{txt} 16.89 {res}    3198      1      0      0.9054    0.0047     0.8956    0.9142
{txt} 16.91 {res}    3197      1      0      0.9051    0.0047     0.8953    0.9139
{txt} 16.92 {res}    3196      0      1      0.9051    0.0047     0.8953    0.9139
{txt} 16.93 {res}    3195      0      1      0.9051    0.0047     0.8953    0.9139
{txt} 16.93 {res}    3194      1      0      0.9048    0.0048     0.8950    0.9137
{txt} 16.93 {res}    3193      1      0      0.9045    0.0048     0.8947    0.9134
{txt} 16.94 {res}    3192      0      2      0.9045    0.0048     0.8947    0.9134
{txt} 16.94 {res}    3190      0      1      0.9045    0.0048     0.8947    0.9134
{txt} 16.95 {res}    3189      0      1      0.9045    0.0048     0.8947    0.9134
{txt} 16.97 {res}    3188      0      1      0.9045    0.0048     0.8947    0.9134
{txt} 16.97 {res}    3187      1      0      0.9042    0.0048     0.8944    0.9131
{txt} 16.98 {res}    3186      0      2      0.9042    0.0048     0.8944    0.9131
{txt} 16.99 {res}    3184      0      1      0.9042    0.0048     0.8944    0.9131
{txt}    17 {res}    3183      0      1      0.9042    0.0048     0.8944    0.9131
{txt} 17.01 {res}    3182      0      1      0.9042    0.0048     0.8944    0.9131
{txt} 17.01 {res}    3181      0      1      0.9042    0.0048     0.8944    0.9131
{txt} 17.02 {res}    3180      1      0      0.9039    0.0048     0.8941    0.9129
{txt} 17.03 {res}    3179      1      0      0.9037    0.0048     0.8938    0.9126
{txt} 17.04 {res}    3178      1      0      0.9034    0.0048     0.8935    0.9123
{txt} 17.05 {res}    3177      0      1      0.9034    0.0048     0.8935    0.9123
{txt} 17.05 {res}    3176      1      0      0.9031    0.0048     0.8932    0.9121
{txt} 17.06 {res}    3175      1      0      0.9028    0.0048     0.8929    0.9118
{txt} 17.07 {res}    3174      1      0      0.9025    0.0048     0.8927    0.9115
{txt} 17.07 {res}    3173      1      0      0.9022    0.0048     0.8924    0.9112
{txt}  17.1 {res}    3172      0      1      0.9022    0.0048     0.8924    0.9112
{txt} 17.11 {res}    3171      1      0      0.9019    0.0048     0.8921    0.9110
{txt} 17.12 {res}    3170      0      1      0.9019    0.0048     0.8921    0.9110
{txt} 17.14 {res}    3169      0      1      0.9019    0.0048     0.8921    0.9110
{txt} 17.14 {res}    3168      0      1      0.9019    0.0048     0.8921    0.9110
{txt} 17.15 {res}    3167      1      0      0.9017    0.0048     0.8918    0.9107
{txt} 17.17 {res}    3166      0      1      0.9017    0.0048     0.8918    0.9107
{txt} 17.18 {res}    3165      0      1      0.9017    0.0048     0.8918    0.9107
{txt}  17.2 {res}    3164      0      1      0.9017    0.0048     0.8918    0.9107
{txt}  17.2 {res}    3163      1      1      0.9014    0.0048     0.8915    0.9104
{txt} 17.22 {res}    3161      1      0      0.9011    0.0048     0.8912    0.9102
{txt} 17.27 {res}    3160      1      0      0.9008    0.0048     0.8909    0.9099
{txt} 17.29 {res}    3159      0      1      0.9008    0.0048     0.8909    0.9099
{txt}  17.3 {res}    3158      0      1      0.9008    0.0048     0.8909    0.9099
{txt} 17.37 {res}    3157      0      1      0.9008    0.0048     0.8909    0.9099
{txt} 17.39 {res}    3156      0      1      0.9008    0.0048     0.8909    0.9099
{txt} 17.39 {res}    3155      0      1      0.9008    0.0048     0.8909    0.9099
{txt} 17.45 {res}    3154      1      0      0.9005    0.0049     0.8906    0.9096
{txt} 17.47 {res}    3153      0      1      0.9005    0.0049     0.8906    0.9096
{txt} 17.48 {res}    3152      1      0      0.9002    0.0049     0.8903    0.9093
{txt} 17.48 {res}    3151      0      1      0.9002    0.0049     0.8903    0.9093
{txt} 17.49 {res}    3150      0      1      0.9002    0.0049     0.8903    0.9093
{txt} 17.51 {res}    3149      0      1      0.9002    0.0049     0.8903    0.9093
{txt} 17.53 {res}    3148      0      1      0.9002    0.0049     0.8903    0.9093
{txt} 17.54 {res}    3147      0      1      0.9002    0.0049     0.8903    0.9093
{txt} 17.55 {res}    3146      0      1      0.9002    0.0049     0.8903    0.9093
{txt} 17.55 {res}    3145      0      2      0.9002    0.0049     0.8903    0.9093
{txt} 17.56 {res}    3143      1      0      0.8999    0.0049     0.8900    0.9091
{txt} 17.56 {res}    3142      1      0      0.8997    0.0049     0.8897    0.9088
{txt} 17.57 {res}    3141      0      1      0.8997    0.0049     0.8897    0.9088
{txt} 17.59 {res}    3140      0      1      0.8997    0.0049     0.8897    0.9088
{txt} 17.61 {res}    3139      0      1      0.8997    0.0049     0.8897    0.9088
{txt} 17.62 {res}    3138      0      2      0.8997    0.0049     0.8897    0.9088
{txt} 17.62 {res}    3136      1      0      0.8994    0.0049     0.8894    0.9085
{txt} 17.63 {res}    3135      2      1      0.8988    0.0049     0.8888    0.9080
{txt} 17.66 {res}    3132      1      0      0.8985    0.0049     0.8885    0.9077
{txt} 17.66 {res}    3131      1      1      0.8982    0.0049     0.8882    0.9074
{txt} 17.67 {res}    3129      1      0      0.8979    0.0049     0.8879    0.9072
{txt} 17.69 {res}    3128      0      1      0.8979    0.0049     0.8879    0.9072
{txt}  17.7 {res}    3127      0      2      0.8979    0.0049     0.8879    0.9072
{txt} 17.72 {res}    3125      0      1      0.8979    0.0049     0.8879    0.9072
{txt} 17.77 {res}    3124      1      0      0.8977    0.0049     0.8876    0.9069
{txt} 17.78 {res}    3123      0      1      0.8977    0.0049     0.8876    0.9069
{txt}  17.8 {res}    3122      1      0      0.8974    0.0049     0.8873    0.9066
{txt} 17.81 {res}    3121      0      1      0.8974    0.0049     0.8873    0.9066
{txt} 17.83 {res}    3120      0      1      0.8974    0.0049     0.8873    0.9066
{txt} 17.84 {res}    3119      1      0      0.8971    0.0049     0.8870    0.9063
{txt} 17.84 {res}    3118      0      1      0.8971    0.0049     0.8870    0.9063
{txt} 17.85 {res}    3117      0      1      0.8971    0.0049     0.8870    0.9063
{txt} 17.85 {res}    3116      0      1      0.8971    0.0049     0.8870    0.9063
{txt} 17.87 {res}    3115      1      0      0.8968    0.0049     0.8867    0.9061
{txt} 17.88 {res}    3114      0      2      0.8968    0.0049     0.8867    0.9061
{txt} 17.88 {res}    3112      0      1      0.8968    0.0049     0.8867    0.9061
{txt} 17.89 {res}    3111      0      1      0.8968    0.0049     0.8867    0.9061
{txt} 17.94 {res}    3110      0      1      0.8968    0.0049     0.8867    0.9061
{txt} 17.95 {res}    3109      1      0      0.8965    0.0050     0.8864    0.9058
{txt} 17.95 {res}    3108      0      1      0.8965    0.0050     0.8864    0.9058
{txt} 17.96 {res}    3107      0      1      0.8965    0.0050     0.8864    0.9058
{txt} 17.97 {res}    3106      0      1      0.8965    0.0050     0.8864    0.9058
{txt} 17.98 {res}    3105      0      1      0.8965    0.0050     0.8864    0.9058
{txt} 18.01 {res}    3104      0      1      0.8965    0.0050     0.8864    0.9058
{txt} 18.02 {res}    3103      1      0      0.8962    0.0050     0.8861    0.9055
{txt} 18.02 {res}    3102      0      1      0.8962    0.0050     0.8861    0.9055
{txt} 18.03 {res}    3101      0      1      0.8962    0.0050     0.8861    0.9055
{txt} 18.05 {res}    3100      0      1      0.8962    0.0050     0.8861    0.9055
{txt} 18.06 {res}    3099      0      1      0.8962    0.0050     0.8861    0.9055
{txt} 18.07 {res}    3098      1      0      0.8959    0.0050     0.8858    0.9052
{txt} 18.08 {res}    3097      0      1      0.8959    0.0050     0.8858    0.9052
{txt} 18.08 {res}    3096      0      1      0.8959    0.0050     0.8858    0.9052
{txt} 18.11 {res}    3095      1      0      0.8956    0.0050     0.8854    0.9050
{txt} 18.12 {res}    3094      0      1      0.8956    0.0050     0.8854    0.9050
{txt} 18.13 {res}    3093      0      1      0.8956    0.0050     0.8854    0.9050
{txt} 18.13 {res}    3092      1      0      0.8953    0.0050     0.8851    0.9047
{txt} 18.14 {res}    3091      1      0      0.8951    0.0050     0.8848    0.9044
{txt} 18.14 {res}    3090      0      1      0.8951    0.0050     0.8848    0.9044
{txt} 18.15 {res}    3089      0      1      0.8951    0.0050     0.8848    0.9044
{txt} 18.16 {res}    3088      0      1      0.8951    0.0050     0.8848    0.9044
{txt} 18.16 {res}    3087      0      1      0.8951    0.0050     0.8848    0.9044
{txt} 18.22 {res}    3086      0      1      0.8951    0.0050     0.8848    0.9044
{txt} 18.23 {res}    3085      0      1      0.8951    0.0050     0.8848    0.9044
{txt} 18.24 {res}    3084      1      0      0.8948    0.0050     0.8845    0.9041
{txt} 18.27 {res}    3083      1      0      0.8945    0.0050     0.8842    0.9039
{txt} 18.28 {res}    3082      1      0      0.8942    0.0050     0.8839    0.9036
{txt} 18.31 {res}    3081      1      0      0.8939    0.0050     0.8836    0.9033
{txt} 18.32 {res}    3080      0      1      0.8939    0.0050     0.8836    0.9033
{txt} 18.32 {res}    3079      0      1      0.8939    0.0050     0.8836    0.9033
{txt} 18.34 {res}    3078      1      0      0.8936    0.0050     0.8833    0.9030
{txt} 18.39 {res}    3077      0      1      0.8936    0.0050     0.8833    0.9030
{txt}  18.4 {res}    3076      0      1      0.8936    0.0050     0.8833    0.9030
{txt} 18.42 {res}    3075      0      1      0.8936    0.0050     0.8833    0.9030
{txt} 18.44 {res}    3074      0      1      0.8936    0.0050     0.8833    0.9030
{txt} 18.47 {res}    3073      1      1      0.8933    0.0050     0.8830    0.9027
{txt} 18.47 {res}    3071      0      1      0.8933    0.0050     0.8830    0.9027
{txt} 18.49 {res}    3070      1      0      0.8930    0.0050     0.8827    0.9025
{txt}  18.5 {res}    3069      0      1      0.8930    0.0050     0.8827    0.9025
{txt}  18.5 {res}    3068      0      1      0.8930    0.0050     0.8827    0.9025
{txt} 18.52 {res}    3067      0      1      0.8930    0.0050     0.8827    0.9025
{txt} 18.53 {res}    3066      1      0      0.8927    0.0050     0.8824    0.9022
{txt} 18.55 {res}    3065      0      1      0.8927    0.0050     0.8824    0.9022
{txt} 18.57 {res}    3064      0      1      0.8927    0.0050     0.8824    0.9022
{txt} 18.58 {res}    3063      0      1      0.8927    0.0050     0.8824    0.9022
{txt} 18.61 {res}    3062      1      0      0.8924    0.0050     0.8821    0.9019
{txt} 18.63 {res}    3061      0      1      0.8924    0.0050     0.8821    0.9019
{txt} 18.64 {res}    3060      1      1      0.8921    0.0051     0.8818    0.9016
{txt} 18.66 {res}    3058      0      1      0.8921    0.0051     0.8818    0.9016
{txt} 18.67 {res}    3057      0      1      0.8921    0.0051     0.8818    0.9016
{txt} 18.68 {res}    3056      0      2      0.8921    0.0051     0.8818    0.9016
{txt}  18.7 {res}    3054      1      0      0.8919    0.0051     0.8815    0.9014
{txt}  18.7 {res}    3053      0      1      0.8919    0.0051     0.8815    0.9014
{txt} 18.72 {res}    3052      0      1      0.8919    0.0051     0.8815    0.9014
{txt} 18.74 {res}    3051      0      1      0.8919    0.0051     0.8815    0.9014
{txt} 18.75 {res}    3050      1      0      0.8916    0.0051     0.8812    0.9011
{txt} 18.76 {res}    3049      0      1      0.8916    0.0051     0.8812    0.9011
{txt} 18.83 {res}    3048      0      1      0.8916    0.0051     0.8812    0.9011
{txt} 18.87 {res}    3047      0      1      0.8916    0.0051     0.8812    0.9011
{txt} 18.89 {res}    3046      0      1      0.8916    0.0051     0.8812    0.9011
{txt}  18.9 {res}    3045      1      0      0.8913    0.0051     0.8809    0.9008
{txt} 18.92 {res}    3044      0      1      0.8913    0.0051     0.8809    0.9008
{txt} 18.92 {res}    3043      0      1      0.8913    0.0051     0.8809    0.9008
{txt} 18.96 {res}    3042      1      1      0.8910    0.0051     0.8806    0.9005
{txt} 18.96 {res}    3040      0      1      0.8910    0.0051     0.8806    0.9005
{txt} 18.98 {res}    3039      1      0      0.8907    0.0051     0.8803    0.9002
{txt} 18.99 {res}    3038      0      1      0.8907    0.0051     0.8803    0.9002
{txt}    19 {res}    3037      1      0      0.8904    0.0051     0.8800    0.9000
{txt}    19 {res}    3036      1      0      0.8901    0.0051     0.8797    0.8997
{txt} 19.01 {res}    3035      1      1      0.8898    0.0051     0.8794    0.8994
{txt} 19.02 {res}    3033      0      1      0.8898    0.0051     0.8794    0.8994
{txt} 19.03 {res}    3032      0      1      0.8898    0.0051     0.8794    0.8994
{txt} 19.03 {res}    3031      0      1      0.8898    0.0051     0.8794    0.8994
{txt} 19.04 {res}    3030      0      1      0.8898    0.0051     0.8794    0.8994
{txt} 19.06 {res}    3029      1      0      0.8895    0.0051     0.8790    0.8991
{txt} 19.08 {res}    3028      1      0      0.8892    0.0051     0.8787    0.8988
{txt} 19.08 {res}    3027      0      1      0.8892    0.0051     0.8787    0.8988
{txt} 19.09 {res}    3026      0      1      0.8892    0.0051     0.8787    0.8988
{txt} 19.09 {res}    3025      0      1      0.8892    0.0051     0.8787    0.8988
{txt}  19.1 {res}    3024      0      1      0.8892    0.0051     0.8787    0.8988
{txt} 19.13 {res}    3023      0      1      0.8892    0.0051     0.8787    0.8988
{txt} 19.14 {res}    3022      0      1      0.8892    0.0051     0.8787    0.8988
{txt} 19.18 {res}    3021      0      2      0.8892    0.0051     0.8787    0.8988
{txt}  19.2 {res}    3019      0      1      0.8892    0.0051     0.8787    0.8988
{txt}  19.2 {res}    3018      0      1      0.8892    0.0051     0.8787    0.8988
{txt} 19.21 {res}    3017      0      1      0.8892    0.0051     0.8787    0.8988
{txt} 19.22 {res}    3016      1      0      0.8889    0.0051     0.8784    0.8986
{txt} 19.23 {res}    3015      1      0      0.8886    0.0051     0.8781    0.8983
{txt} 19.24 {res}    3014      0      1      0.8886    0.0051     0.8781    0.8983
{txt} 19.26 {res}    3013      1      0      0.8883    0.0051     0.8778    0.8980
{txt} 19.27 {res}    3012      0      1      0.8883    0.0051     0.8778    0.8980
{txt} 19.29 {res}    3011      0      1      0.8883    0.0051     0.8778    0.8980
{txt}  19.3 {res}    3010      0      1      0.8883    0.0051     0.8778    0.8980
{txt}  19.3 {res}    3009      0      1      0.8883    0.0051     0.8778    0.8980
{txt}  19.3 {res}    3008      0      1      0.8883    0.0051     0.8778    0.8980
{txt} 19.32 {res}    3007      1      0      0.8880    0.0051     0.8775    0.8977
{txt} 19.33 {res}    3006      0      1      0.8880    0.0051     0.8775    0.8977
{txt} 19.34 {res}    3005      0      1      0.8880    0.0051     0.8775    0.8977
{txt} 19.35 {res}    3004      0      1      0.8880    0.0051     0.8775    0.8977
{txt} 19.36 {res}    3003      1      0      0.8877    0.0052     0.8772    0.8974
{txt} 19.36 {res}    3002      1      0      0.8874    0.0052     0.8769    0.8971
{txt} 19.38 {res}    3001      0      1      0.8874    0.0052     0.8769    0.8971
{txt} 19.38 {res}    3000      0      1      0.8874    0.0052     0.8769    0.8971
{txt}  19.4 {res}    2999      0      1      0.8874    0.0052     0.8769    0.8971
{txt} 19.41 {res}    2998      0      1      0.8874    0.0052     0.8769    0.8971
{txt} 19.43 {res}    2997      1      0      0.8871    0.0052     0.8766    0.8969
{txt} 19.44 {res}    2996      1      0      0.8869    0.0052     0.8763    0.8966
{txt} 19.47 {res}    2995      1      0      0.8866    0.0052     0.8760    0.8963
{txt} 19.47 {res}    2994      0      1      0.8866    0.0052     0.8760    0.8963
{txt} 19.48 {res}    2993      0      1      0.8866    0.0052     0.8760    0.8963
{txt} 19.49 {res}    2992      1      0      0.8863    0.0052     0.8757    0.8960
{txt} 19.49 {res}    2991      0      1      0.8863    0.0052     0.8757    0.8960
{txt} 19.49 {res}    2990      0      1      0.8863    0.0052     0.8757    0.8960
{txt} 19.53 {res}    2989      0      1      0.8863    0.0052     0.8757    0.8960
{txt} 19.56 {res}    2988      0      1      0.8863    0.0052     0.8757    0.8960
{txt} 19.58 {res}    2987      1      0      0.8860    0.0052     0.8753    0.8957
{txt} 19.59 {res}    2986      0      1      0.8860    0.0052     0.8753    0.8957
{txt} 19.59 {res}    2985      0      2      0.8860    0.0052     0.8753    0.8957
{txt} 19.61 {res}    2983      1      0      0.8857    0.0052     0.8750    0.8954
{txt} 19.65 {res}    2982      0      1      0.8857    0.0052     0.8750    0.8954
{txt} 19.66 {res}    2981      0      1      0.8857    0.0052     0.8750    0.8954
{txt} 19.67 {res}    2980      1      0      0.8854    0.0052     0.8747    0.8952
{txt} 19.68 {res}    2979      1      0      0.8851    0.0052     0.8744    0.8949
{txt} 19.69 {res}    2978      0      1      0.8851    0.0052     0.8744    0.8949
{txt} 19.69 {res}    2977      0      1      0.8851    0.0052     0.8744    0.8949
{txt} 19.74 {res}    2976      1      0      0.8848    0.0052     0.8741    0.8946
{txt} 19.75 {res}    2975      0      1      0.8848    0.0052     0.8741    0.8946
{txt} 19.75 {res}    2974      1      0      0.8845    0.0052     0.8738    0.8943
{txt} 19.78 {res}    2973      1      0      0.8842    0.0052     0.8735    0.8940
{txt} 19.78 {res}    2972      0      1      0.8842    0.0052     0.8735    0.8940
{txt} 19.79 {res}    2971      0      1      0.8842    0.0052     0.8735    0.8940
{txt} 19.82 {res}    2970      0      1      0.8842    0.0052     0.8735    0.8940
{txt} 19.84 {res}    2969      0      1      0.8842    0.0052     0.8735    0.8940
{txt} 19.87 {res}    2968      0      1      0.8842    0.0052     0.8735    0.8940
{txt} 19.88 {res}    2967      1      0      0.8839    0.0052     0.8732    0.8937
{txt}  19.9 {res}    2966      0      1      0.8839    0.0052     0.8732    0.8937
{txt}  19.9 {res}    2965      1      0      0.8836    0.0052     0.8729    0.8935
{txt}  19.9 {res}    2964      0      1      0.8836    0.0052     0.8729    0.8935
{txt} 19.94 {res}    2963      0      2      0.8836    0.0052     0.8729    0.8935
{txt} 19.96 {res}    2961      1      0      0.8833    0.0053     0.8725    0.8932
{txt} 19.97 {res}    2960      1      0      0.8830    0.0053     0.8722    0.8929
{txt} 19.97 {res}    2959      0      2      0.8830    0.0053     0.8722    0.8929
{txt} 19.99 {res}    2957      1      1      0.8827    0.0053     0.8719    0.8926
{txt}    20 {res}    2955      0      2      0.8827    0.0053     0.8719    0.8926
{txt} 20.01 {res}    2953      0      2      0.8827    0.0053     0.8719    0.8926
{txt} 20.01 {res}    2951      0      1      0.8827    0.0053     0.8719    0.8926
{txt} 20.03 {res}    2950      0      1      0.8827    0.0053     0.8719    0.8926
{txt} 20.05 {res}    2949      0      1      0.8827    0.0053     0.8719    0.8926
{txt} 20.05 {res}    2948      1      0      0.8824    0.0053     0.8716    0.8923
{txt} 20.06 {res}    2947      1      0      0.8821    0.0053     0.8713    0.8920
{txt} 20.09 {res}    2946      0      1      0.8821    0.0053     0.8713    0.8920
{txt}  20.1 {res}    2945      0      1      0.8821    0.0053     0.8713    0.8920
{txt} 20.12 {res}    2944      2      0      0.8815    0.0053     0.8707    0.8915
{txt} 20.13 {res}    2942      1      0      0.8812    0.0053     0.8704    0.8912
{txt} 20.14 {res}    2941      1      0      0.8809    0.0053     0.8701    0.8909
{txt} 20.15 {res}    2940      0      1      0.8809    0.0053     0.8701    0.8909
{txt} 20.16 {res}    2939      1      0      0.8806    0.0053     0.8697    0.8906
{txt} 20.17 {res}    2938      1      0      0.8803    0.0053     0.8694    0.8903
{txt} 20.17 {res}    2937      1      0      0.8800    0.0053     0.8691    0.8900
{txt} 20.19 {res}    2936      0      1      0.8800    0.0053     0.8691    0.8900
{txt}  20.2 {res}    2935      0      1      0.8800    0.0053     0.8691    0.8900
{txt} 20.25 {res}    2934      1      0      0.8797    0.0053     0.8688    0.8897
{txt} 20.27 {res}    2933      0      1      0.8797    0.0053     0.8688    0.8897
{txt} 20.28 {res}    2932      0      1      0.8797    0.0053     0.8688    0.8897
{txt} 20.31 {res}    2931      1      0      0.8794    0.0053     0.8685    0.8894
{txt} 20.34 {res}    2930      0      1      0.8794    0.0053     0.8685    0.8894
{txt} 20.34 {res}    2929      0      1      0.8794    0.0053     0.8685    0.8894
{txt} 20.36 {res}    2928      1      1      0.8791    0.0053     0.8682    0.8892
{txt} 20.37 {res}    2926      0      1      0.8791    0.0053     0.8682    0.8892
{txt} 20.38 {res}    2925      1      0      0.8788    0.0054     0.8679    0.8889
{txt} 20.39 {res}    2924      1      1      0.8785    0.0054     0.8675    0.8886
{txt}  20.4 {res}    2922      1      0      0.8782    0.0054     0.8672    0.8883
{txt} 20.41 {res}    2921      1      0      0.8779    0.0054     0.8669    0.8880
{txt} 20.42 {res}    2920      0      1      0.8779    0.0054     0.8669    0.8880
{txt} 20.45 {res}    2919      0      1      0.8779    0.0054     0.8669    0.8880
{txt} 20.46 {res}    2918      0      1      0.8779    0.0054     0.8669    0.8880
{txt} 20.47 {res}    2917      1      0      0.8776    0.0054     0.8666    0.8877
{txt} 20.47 {res}    2916      1      0      0.8773    0.0054     0.8663    0.8874
{txt}  20.5 {res}    2915      1      0      0.8770    0.0054     0.8660    0.8871
{txt} 20.51 {res}    2914      0      2      0.8770    0.0054     0.8660    0.8871
{txt} 20.54 {res}    2912      0      1      0.8770    0.0054     0.8660    0.8871
{txt} 20.55 {res}    2911      1      0      0.8767    0.0054     0.8657    0.8869
{txt} 20.55 {res}    2910      0      1      0.8767    0.0054     0.8657    0.8869
{txt} 20.57 {res}    2909      0      1      0.8767    0.0054     0.8657    0.8869
{txt} 20.58 {res}    2908      1      0      0.8764    0.0054     0.8654    0.8866
{txt} 20.58 {res}    2907      0      1      0.8764    0.0054     0.8654    0.8866
{txt} 20.65 {res}    2906      1      0      0.8761    0.0054     0.8650    0.8863
{txt} 20.65 {res}    2905      1      0      0.8758    0.0054     0.8647    0.8860
{txt} 20.65 {res}    2904      0      1      0.8758    0.0054     0.8647    0.8860
{txt} 20.66 {res}    2903      1      0      0.8755    0.0054     0.8644    0.8857
{txt} 20.67 {res}    2902      0      1      0.8755    0.0054     0.8644    0.8857
{txt} 20.68 {res}    2901      0      1      0.8755    0.0054     0.8644    0.8857
{txt} 20.68 {res}    2900      0      1      0.8755    0.0054     0.8644    0.8857
{txt} 20.69 {res}    2899      1      0      0.8752    0.0054     0.8641    0.8854
{txt} 20.72 {res}    2898      0      1      0.8752    0.0054     0.8641    0.8854
{txt} 20.72 {res}    2897      1      2      0.8749    0.0054     0.8638    0.8851
{txt} 20.73 {res}    2894      0      1      0.8749    0.0054     0.8638    0.8851
{txt} 20.73 {res}    2893      0      1      0.8749    0.0054     0.8638    0.8851
{txt} 20.74 {res}    2892      1      0      0.8746    0.0054     0.8635    0.8848
{txt} 20.74 {res}    2891      0      1      0.8746    0.0054     0.8635    0.8848
{txt} 20.75 {res}    2890      1      0      0.8743    0.0055     0.8631    0.8845
{txt} 20.76 {res}    2889      1      0      0.8740    0.0055     0.8628    0.8843
{txt} 20.77 {res}    2888      0      1      0.8740    0.0055     0.8628    0.8843
{txt} 20.77 {res}    2887      1      0      0.8737    0.0055     0.8625    0.8840
{txt} 20.78 {res}    2886      1      0      0.8734    0.0055     0.8622    0.8837
{txt} 20.78 {res}    2885      0      1      0.8734    0.0055     0.8622    0.8837
{txt} 20.79 {res}    2884      1      1      0.8731    0.0055     0.8619    0.8834
{txt} 20.79 {res}    2882      0      1      0.8731    0.0055     0.8619    0.8834
{txt} 20.81 {res}    2881      0      1      0.8731    0.0055     0.8619    0.8834
{txt} 20.81 {res}    2880      0      1      0.8731    0.0055     0.8619    0.8834
{txt} 20.83 {res}    2879      0      1      0.8731    0.0055     0.8619    0.8834
{txt} 20.84 {res}    2878      0      1      0.8731    0.0055     0.8619    0.8834
{txt} 20.84 {res}    2877      0      1      0.8731    0.0055     0.8619    0.8834
{txt} 20.86 {res}    2876      0      1      0.8731    0.0055     0.8619    0.8834
{txt} 20.86 {res}    2875      1      0      0.8728    0.0055     0.8616    0.8831
{txt} 20.87 {res}    2874      1      0      0.8724    0.0055     0.8613    0.8828
{txt} 20.89 {res}    2873      1      1      0.8721    0.0055     0.8609    0.8825
{txt}  20.9 {res}    2871      1      0      0.8718    0.0055     0.8606    0.8822
{txt}  20.9 {res}    2870      1      0      0.8715    0.0055     0.8603    0.8819
{txt}  20.9 {res}    2869      0      1      0.8715    0.0055     0.8603    0.8819
{txt} 20.91 {res}    2868      1      0      0.8712    0.0055     0.8600    0.8816
{txt} 20.94 {res}    2867      0      1      0.8712    0.0055     0.8600    0.8816
{txt} 20.96 {res}    2866      0      1      0.8712    0.0055     0.8600    0.8816
{txt} 20.97 {res}    2865      2      0      0.8706    0.0055     0.8594    0.8811
{txt} 20.99 {res}    2863      0      1      0.8706    0.0055     0.8594    0.8811
{txt} 20.99 {res}    2862      0      1      0.8706    0.0055     0.8594    0.8811
{txt}    21 {res}    2861      0      1      0.8706    0.0055     0.8594    0.8811
{txt} 21.02 {res}    2860      0      1      0.8706    0.0055     0.8594    0.8811
{txt} 21.03 {res}    2859      0      1      0.8706    0.0055     0.8594    0.8811
{txt} 21.04 {res}    2858      1      0      0.8703    0.0055     0.8590    0.8808
{txt} 21.05 {res}    2857      1      0      0.8700    0.0055     0.8587    0.8805
{txt} 21.05 {res}    2856      0      1      0.8700    0.0055     0.8587    0.8805
{txt}  21.1 {res}    2855      0      1      0.8700    0.0055     0.8587    0.8805
{txt} 21.11 {res}    2854      1      1      0.8697    0.0056     0.8584    0.8802
{txt} 21.11 {res}    2852      0      1      0.8697    0.0056     0.8584    0.8802
{txt} 21.14 {res}    2851      1      0      0.8694    0.0056     0.8581    0.8799
{txt} 21.16 {res}    2850      0      1      0.8694    0.0056     0.8581    0.8799
{txt} 21.19 {res}    2849      0      1      0.8694    0.0056     0.8581    0.8799
{txt} 21.21 {res}    2848      0      1      0.8694    0.0056     0.8581    0.8799
{txt} 21.25 {res}    2847      1      0      0.8691    0.0056     0.8578    0.8796
{txt} 21.25 {res}    2846      1      0      0.8688    0.0056     0.8575    0.8793
{txt} 21.26 {res}    2845      1      0      0.8685    0.0056     0.8571    0.8790
{txt} 21.28 {res}    2844      1      0      0.8682    0.0056     0.8568    0.8787
{txt} 21.28 {res}    2843      1      0      0.8679    0.0056     0.8565    0.8784
{txt} 21.28 {res}    2842      0      1      0.8679    0.0056     0.8565    0.8784
{txt}  21.3 {res}    2841      1      0      0.8676    0.0056     0.8562    0.8781
{txt} 21.31 {res}    2840      0      1      0.8676    0.0056     0.8562    0.8781
{txt} 21.34 {res}    2839      0      1      0.8676    0.0056     0.8562    0.8781
{txt} 21.34 {res}    2838      1      0      0.8673    0.0056     0.8559    0.8778
{txt} 21.34 {res}    2837      0      1      0.8673    0.0056     0.8559    0.8778
{txt} 21.35 {res}    2836      0      1      0.8673    0.0056     0.8559    0.8778
{txt} 21.36 {res}    2835      0      1      0.8673    0.0056     0.8559    0.8778
{txt} 21.36 {res}    2834      0      1      0.8673    0.0056     0.8559    0.8778
{txt} 21.38 {res}    2833      0      1      0.8673    0.0056     0.8559    0.8778
{txt}  21.4 {res}    2832      1      0      0.8670    0.0056     0.8555    0.8775
{txt}  21.4 {res}    2831      0      1      0.8670    0.0056     0.8555    0.8775
{txt}  21.4 {res}    2830      1      0      0.8667    0.0056     0.8552    0.8772
{txt} 21.41 {res}    2829      0      1      0.8667    0.0056     0.8552    0.8772
{txt} 21.42 {res}    2828      0      1      0.8667    0.0056     0.8552    0.8772
{txt} 21.46 {res}    2827      0      1      0.8667    0.0056     0.8552    0.8772
{txt} 21.49 {res}    2826      0      1      0.8667    0.0056     0.8552    0.8772
{txt} 21.51 {res}    2825      0      1      0.8667    0.0056     0.8552    0.8772
{txt} 21.54 {res}    2824      0      1      0.8667    0.0056     0.8552    0.8772
{txt} 21.54 {res}    2823      2      0      0.8660    0.0056     0.8546    0.8767
{txt} 21.56 {res}    2821      0      1      0.8660    0.0056     0.8546    0.8767
{txt} 21.59 {res}    2820      0      1      0.8660    0.0056     0.8546    0.8767
{txt} 21.59 {res}    2819      0      1      0.8660    0.0056     0.8546    0.8767
{txt}  21.6 {res}    2818      0      1      0.8660    0.0056     0.8546    0.8767
{txt}  21.6 {res}    2817      1      1      0.8657    0.0056     0.8543    0.8764
{txt} 21.61 {res}    2815      1      0      0.8654    0.0056     0.8539    0.8761
{txt} 21.62 {res}    2814      1      0      0.8651    0.0056     0.8536    0.8758
{txt} 21.63 {res}    2813      0      1      0.8651    0.0056     0.8536    0.8758
{txt} 21.63 {res}    2812      2      0      0.8645    0.0057     0.8530    0.8752
{txt} 21.64 {res}    2810      0      1      0.8645    0.0057     0.8530    0.8752
{txt} 21.67 {res}    2809      1      0      0.8642    0.0057     0.8527    0.8749
{txt} 21.69 {res}    2808      1      0      0.8639    0.0057     0.8523    0.8746
{txt} 21.69 {res}    2807      0      1      0.8639    0.0057     0.8523    0.8746
{txt} 21.71 {res}    2806      1      0      0.8636    0.0057     0.8520    0.8743
{txt} 21.73 {res}    2805      1      0      0.8633    0.0057     0.8517    0.8740
{txt} 21.74 {res}    2804      0      1      0.8633    0.0057     0.8517    0.8740
{txt} 21.77 {res}    2803      1      0      0.8630    0.0057     0.8514    0.8737
{txt} 21.77 {res}    2802      0      1      0.8630    0.0057     0.8514    0.8737
{txt} 21.81 {res}    2801      1      0      0.8627    0.0057     0.8511    0.8734
{txt} 21.83 {res}    2800      0      1      0.8627    0.0057     0.8511    0.8734
{txt} 21.83 {res}    2799      0      1      0.8627    0.0057     0.8511    0.8734
{txt} 21.85 {res}    2798      1      0      0.8623    0.0057     0.8507    0.8731
{txt} 21.86 {res}    2797      0      1      0.8623    0.0057     0.8507    0.8731
{txt} 21.89 {res}    2796      1      0      0.8620    0.0057     0.8504    0.8728
{txt}  21.9 {res}    2795      0      1      0.8620    0.0057     0.8504    0.8728
{txt} 21.91 {res}    2794      2      0      0.8614    0.0057     0.8498    0.8722
{txt} 21.95 {res}    2792      1      1      0.8611    0.0057     0.8495    0.8719
{txt} 21.96 {res}    2790      0      1      0.8611    0.0057     0.8495    0.8719
{txt} 21.97 {res}    2789      1      0      0.8608    0.0057     0.8491    0.8716
{txt} 21.99 {res}    2788      0      1      0.8608    0.0057     0.8491    0.8716
{txt} 21.99 {res}    2787      1      0      0.8605    0.0057     0.8488    0.8713
{txt}    22 {res}    2786      0      1      0.8605    0.0057     0.8488    0.8713
{txt} 22.03 {res}    2785      0      1      0.8605    0.0057     0.8488    0.8713
{txt} 22.03 {res}    2784      0      1      0.8605    0.0057     0.8488    0.8713
{txt} 22.04 {res}    2783      1      0      0.8602    0.0057     0.8485    0.8710
{txt} 22.04 {res}    2782      1      0      0.8599    0.0058     0.8482    0.8707
{txt} 22.05 {res}    2781      0      1      0.8599    0.0058     0.8482    0.8707
{txt} 22.05 {res}    2780      0      1      0.8599    0.0058     0.8482    0.8707
{txt} 22.07 {res}    2779      0      2      0.8599    0.0058     0.8482    0.8707
{txt} 22.08 {res}    2777      0      1      0.8599    0.0058     0.8482    0.8707
{txt} 22.09 {res}    2776      1      0      0.8596    0.0058     0.8479    0.8704
{txt} 22.13 {res}    2775      0      1      0.8596    0.0058     0.8479    0.8704
{txt} 22.18 {res}    2774      0      1      0.8596    0.0058     0.8479    0.8704
{txt} 22.21 {res}    2773      1      0      0.8593    0.0058     0.8475    0.8702
{txt} 22.21 {res}    2772      1      0      0.8589    0.0058     0.8472    0.8699
{txt} 22.23 {res}    2771      1      0      0.8586    0.0058     0.8469    0.8696
{txt} 22.23 {res}    2770      0      1      0.8586    0.0058     0.8469    0.8696
{txt} 22.25 {res}    2769      0      1      0.8586    0.0058     0.8469    0.8696
{txt} 22.26 {res}    2768      0      1      0.8586    0.0058     0.8469    0.8696
{txt} 22.27 {res}    2767      0      1      0.8586    0.0058     0.8469    0.8696
{txt} 22.28 {res}    2766      0      1      0.8586    0.0058     0.8469    0.8696
{txt}  22.3 {res}    2765      1      0      0.8583    0.0058     0.8466    0.8693
{txt} 22.33 {res}    2764      0      1      0.8583    0.0058     0.8466    0.8693
{txt} 22.34 {res}    2763      1      0      0.8580    0.0058     0.8462    0.8690
{txt} 22.35 {res}    2762      1      0      0.8577    0.0058     0.8459    0.8687
{txt} 22.36 {res}    2761      1      0      0.8574    0.0058     0.8456    0.8684
{txt} 22.37 {res}    2760      1      0      0.8571    0.0058     0.8453    0.8681
{txt} 22.37 {res}    2759      1      0      0.8568    0.0058     0.8450    0.8678
{txt} 22.37 {res}    2758      1      1      0.8565    0.0058     0.8446    0.8675
{txt} 22.38 {res}    2756      0      1      0.8565    0.0058     0.8446    0.8675
{txt} 22.39 {res}    2755      1      0      0.8562    0.0058     0.8443    0.8672
{txt} 22.41 {res}    2754      0      1      0.8562    0.0058     0.8443    0.8672
{txt} 22.44 {res}    2753      1      0      0.8558    0.0058     0.8440    0.8669
{txt} 22.45 {res}    2752      1      0      0.8555    0.0058     0.8437    0.8666
{txt} 22.48 {res}    2751      0      1      0.8555    0.0058     0.8437    0.8666
{txt} 22.49 {res}    2750      0      1      0.8555    0.0058     0.8437    0.8666
{txt} 22.49 {res}    2749      0      1      0.8555    0.0058     0.8437    0.8666
{txt}  22.5 {res}    2748      0      1      0.8555    0.0058     0.8437    0.8666
{txt} 22.54 {res}    2747      0      1      0.8555    0.0058     0.8437    0.8666
{txt} 22.54 {res}    2746      0      1      0.8555    0.0058     0.8437    0.8666
{txt} 22.56 {res}    2745      0      1      0.8555    0.0058     0.8437    0.8666
{txt} 22.57 {res}    2744      0      1      0.8555    0.0058     0.8437    0.8666
{txt} 22.57 {res}    2743      0      1      0.8555    0.0058     0.8437    0.8666
{txt}  22.6 {res}    2742      1      0      0.8552    0.0058     0.8433    0.8663
{txt} 22.62 {res}    2741      0      1      0.8552    0.0058     0.8433    0.8663
{txt} 22.63 {res}    2740      0      1      0.8552    0.0058     0.8433    0.8663
{txt} 22.64 {res}    2739      0      1      0.8552    0.0058     0.8433    0.8663
{txt} 22.65 {res}    2738      1      0      0.8549    0.0059     0.8430    0.8660
{txt} 22.65 {res}    2737      0      1      0.8549    0.0059     0.8430    0.8660
{txt} 22.66 {res}    2736      0      1      0.8549    0.0059     0.8430    0.8660
{txt} 22.68 {res}    2735      0      3      0.8549    0.0059     0.8430    0.8660
{txt}  22.7 {res}    2732      0      1      0.8549    0.0059     0.8430    0.8660
{txt}  22.7 {res}    2731      0      1      0.8549    0.0059     0.8430    0.8660
{txt} 22.71 {res}    2730      1      0      0.8546    0.0059     0.8427    0.8657
{txt} 22.71 {res}    2729      0      1      0.8546    0.0059     0.8427    0.8657
{txt} 22.72 {res}    2728      0      1      0.8546    0.0059     0.8427    0.8657
{txt} 22.74 {res}    2727      1      0      0.8543    0.0059     0.8424    0.8654
{txt} 22.74 {res}    2726      0      1      0.8543    0.0059     0.8424    0.8654
{txt} 22.75 {res}    2725      0      1      0.8543    0.0059     0.8424    0.8654
{txt} 22.76 {res}    2724      1      0      0.8540    0.0059     0.8420    0.8651
{txt} 22.77 {res}    2723      0      1      0.8540    0.0059     0.8420    0.8651
{txt} 22.78 {res}    2722      0      1      0.8540    0.0059     0.8420    0.8651
{txt} 22.78 {res}    2721      0      1      0.8540    0.0059     0.8420    0.8651
{txt} 22.81 {res}    2720      0      1      0.8540    0.0059     0.8420    0.8651
{txt} 22.82 {res}    2719      0      1      0.8540    0.0059     0.8420    0.8651
{txt} 22.83 {res}    2718      0      1      0.8540    0.0059     0.8420    0.8651
{txt} 22.84 {res}    2717      0      1      0.8540    0.0059     0.8420    0.8651
{txt} 22.86 {res}    2716      0      1      0.8540    0.0059     0.8420    0.8651
{txt} 22.88 {res}    2715      1      1      0.8537    0.0059     0.8417    0.8648
{txt} 22.89 {res}    2713      1      0      0.8533    0.0059     0.8414    0.8645
{txt} 22.89 {res}    2712      0      1      0.8533    0.0059     0.8414    0.8645
{txt}  22.9 {res}    2711      1      0      0.8530    0.0059     0.8411    0.8642
{txt} 22.92 {res}    2710      1      1      0.8527    0.0059     0.8407    0.8639
{txt} 22.93 {res}    2708      1      0      0.8524    0.0059     0.8404    0.8636
{txt} 22.96 {res}    2707      0      1      0.8524    0.0059     0.8404    0.8636
{txt} 22.98 {res}    2706      0      1      0.8524    0.0059     0.8404    0.8636
{txt}    23 {res}    2705      0      1      0.8524    0.0059     0.8404    0.8636
{txt} 23.01 {res}    2704      1      1      0.8521    0.0059     0.8401    0.8633
{txt} 23.03 {res}    2702      2      0      0.8514    0.0059     0.8394    0.8626
{txt} 23.03 {res}    2700      0      1      0.8514    0.0059     0.8394    0.8626
{txt} 23.04 {res}    2699      0      1      0.8514    0.0059     0.8394    0.8626
{txt} 23.04 {res}    2698      0      1      0.8514    0.0059     0.8394    0.8626
{txt} 23.06 {res}    2697      0      1      0.8514    0.0059     0.8394    0.8626
{txt}  23.1 {res}    2696      0      1      0.8514    0.0059     0.8394    0.8626
{txt} 23.14 {res}    2695      1      0      0.8511    0.0059     0.8391    0.8623
{txt} 23.14 {res}    2694      0      1      0.8511    0.0059     0.8391    0.8623
{txt} 23.15 {res}    2693      1      1      0.8508    0.0059     0.8388    0.8620
{txt} 23.15 {res}    2691      0      1      0.8508    0.0059     0.8388    0.8620
{txt} 23.16 {res}    2690      1      0      0.8505    0.0059     0.8384    0.8617
{txt} 23.19 {res}    2689      1      1      0.8502    0.0059     0.8381    0.8614
{txt} 23.19 {res}    2687      0      1      0.8502    0.0059     0.8381    0.8614
{txt} 23.19 {res}    2686      0      1      0.8502    0.0059     0.8381    0.8614
{txt} 23.21 {res}    2685      1      0      0.8499    0.0060     0.8378    0.8611
{txt} 23.24 {res}    2684      0      1      0.8499    0.0060     0.8378    0.8611
{txt} 23.26 {res}    2683      0      1      0.8499    0.0060     0.8378    0.8611
{txt} 23.26 {res}    2682      0      1      0.8499    0.0060     0.8378    0.8611
{txt} 23.27 {res}    2681      0      1      0.8499    0.0060     0.8378    0.8611
{txt} 23.27 {res}    2680      0      1      0.8499    0.0060     0.8378    0.8611
{txt} 23.29 {res}    2679      0      1      0.8499    0.0060     0.8378    0.8611
{txt} 23.29 {res}    2678      1      0      0.8495    0.0060     0.8375    0.8608
{txt}  23.3 {res}    2677      1      0      0.8492    0.0060     0.8371    0.8605
{txt} 23.31 {res}    2676      1      2      0.8489    0.0060     0.8368    0.8602
{txt} 23.31 {res}    2673      1      0      0.8486    0.0060     0.8365    0.8599
{txt} 23.32 {res}    2672      0      1      0.8486    0.0060     0.8365    0.8599
{txt} 23.32 {res}    2671      0      1      0.8486    0.0060     0.8365    0.8599
{txt} 23.35 {res}    2670      0      1      0.8486    0.0060     0.8365    0.8599
{txt} 23.38 {res}    2669      0      1      0.8486    0.0060     0.8365    0.8599
{txt}  23.4 {res}    2668      1      0      0.8483    0.0060     0.8361    0.8596
{txt} 23.41 {res}    2667      0      1      0.8483    0.0060     0.8361    0.8596
{txt} 23.41 {res}    2666      0      1      0.8483    0.0060     0.8361    0.8596
{txt} 23.43 {res}    2665      0      1      0.8483    0.0060     0.8361    0.8596
{txt} 23.44 {res}    2664      1      0      0.8480    0.0060     0.8358    0.8593
{txt} 23.44 {res}    2663      1      0      0.8476    0.0060     0.8355    0.8590
{txt} 23.48 {res}    2662      0      1      0.8476    0.0060     0.8355    0.8590
{txt} 23.52 {res}    2661      0      1      0.8476    0.0060     0.8355    0.8590
{txt} 23.53 {res}    2660      0      1      0.8476    0.0060     0.8355    0.8590
{txt} 23.57 {res}    2659      0      1      0.8476    0.0060     0.8355    0.8590
{txt} 23.59 {res}    2658      1      0      0.8473    0.0060     0.8351    0.8587
{txt} 23.59 {res}    2657      0      1      0.8473    0.0060     0.8351    0.8587
{txt} 23.61 {res}    2656      0      1      0.8473    0.0060     0.8351    0.8587
{txt} 23.62 {res}    2655      0      1      0.8473    0.0060     0.8351    0.8587
{txt} 23.62 {res}    2654      1      0      0.8470    0.0060     0.8348    0.8584
{txt} 23.63 {res}    2653      0      1      0.8470    0.0060     0.8348    0.8584
{txt} 23.63 {res}    2652      0      1      0.8470    0.0060     0.8348    0.8584
{txt} 23.64 {res}    2651      0      1      0.8470    0.0060     0.8348    0.8584
{txt} 23.66 {res}    2650      0      1      0.8470    0.0060     0.8348    0.8584
{txt} 23.68 {res}    2649      0      1      0.8470    0.0060     0.8348    0.8584
{txt}  23.7 {res}    2648      0      1      0.8470    0.0060     0.8348    0.8584
{txt}  23.7 {res}    2647      1      0      0.8467    0.0060     0.8345    0.8581
{txt} 23.71 {res}    2646      1      0      0.8464    0.0060     0.8341    0.8578
{txt} 23.72 {res}    2645      0      1      0.8464    0.0060     0.8341    0.8578
{txt} 23.74 {res}    2644      0      1      0.8464    0.0060     0.8341    0.8578
{txt} 23.75 {res}    2643      0      1      0.8464    0.0060     0.8341    0.8578
{txt} 23.75 {res}    2642      0      2      0.8464    0.0060     0.8341    0.8578
{txt} 23.78 {res}    2640      0      1      0.8464    0.0060     0.8341    0.8578
{txt} 23.79 {res}    2639      0      2      0.8464    0.0060     0.8341    0.8578
{txt} 23.81 {res}    2637      1      0      0.8460    0.0060     0.8338    0.8575
{txt} 23.81 {res}    2636      1      0      0.8457    0.0060     0.8335    0.8571
{txt} 23.82 {res}    2635      0      1      0.8457    0.0060     0.8335    0.8571
{txt} 23.83 {res}    2634      0      2      0.8457    0.0060     0.8335    0.8571
{txt} 23.84 {res}    2632      1      1      0.8454    0.0060     0.8331    0.8568
{txt} 23.84 {res}    2630      0      1      0.8454    0.0060     0.8331    0.8568
{txt} 23.85 {res}    2629      1      0      0.8451    0.0060     0.8328    0.8565
{txt} 23.88 {res}    2628      0      1      0.8451    0.0060     0.8328    0.8565
{txt} 23.88 {res}    2627      0      1      0.8451    0.0060     0.8328    0.8565
{txt} 23.89 {res}    2626      0      1      0.8451    0.0060     0.8328    0.8565
{txt} 23.89 {res}    2625      0      1      0.8451    0.0060     0.8328    0.8565
{txt} 23.91 {res}    2624      0      1      0.8451    0.0060     0.8328    0.8565
{txt} 23.93 {res}    2623      0      1      0.8451    0.0060     0.8328    0.8565
{txt} 23.93 {res}    2622      1      0      0.8448    0.0061     0.8325    0.8562
{txt} 23.94 {res}    2621      0      2      0.8448    0.0061     0.8325    0.8562
{txt} 23.95 {res}    2619      0      1      0.8448    0.0061     0.8325    0.8562
{txt} 23.96 {res}    2618      0      1      0.8448    0.0061     0.8325    0.8562
{txt} 23.97 {res}    2617      1      0      0.8444    0.0061     0.8321    0.8559
{txt} 23.98 {res}    2616      1      0      0.8441    0.0061     0.8318    0.8556
{txt}    24 {res}    2615      0   2615      0.8441    0.0061     0.8318    0.8556
{txt}Yes 
 .1451 {res}     106      0      1      1.0000         .          .         .
{txt}  .397 {res}     105      0      1      1.0000         .          .         .
{txt} .8405 {res}     104      0      1      1.0000         .          .         .
{txt} .8953 {res}     103      1      0      0.9903    0.0097     0.9331    0.9986
{txt} 1.919 {res}     102      1      0      0.9806    0.0136     0.9246    0.9951
{txt} 2.092 {res}     101      0      1      0.9806    0.0136     0.9246    0.9951
{txt} 2.278 {res}     100      0      1      0.9806    0.0136     0.9246    0.9951
{txt} 2.434 {res}      99      0      1      0.9806    0.0136     0.9246    0.9951
{txt} 3.326 {res}      98      0      1      0.9806    0.0136     0.9246    0.9951
{txt} 3.343 {res}      97      1      0      0.9705    0.0168     0.9112    0.9904
{txt} 3.951 {res}      96      1      0      0.9604    0.0194     0.8978    0.9849
{txt} 4.345 {res}      95      0      1      0.9604    0.0194     0.8978    0.9849
{txt}   4.4 {res}      94      0      1      0.9604    0.0194     0.8978    0.9849
{txt} 4.682 {res}      93      1      0      0.9500    0.0218     0.8841    0.9789
{txt} 4.761 {res}      92      1      0      0.9397    0.0239     0.8707    0.9725
{txt} 4.906 {res}      91      1      0      0.9294    0.0258     0.8575    0.9657
{txt} 5.782 {res}      90      1      0      0.9191    0.0275     0.8446    0.9587
{txt} 5.864 {res}      89      0      1      0.9191    0.0275     0.8446    0.9587
{txt} 6.004 {res}      88      0      1      0.9191    0.0275     0.8446    0.9587
{txt}  6.88 {res}      87      1      0      0.9085    0.0291     0.8314    0.9513
{txt} 7.017 {res}      86      1      0      0.8979    0.0306     0.8185    0.9438
{txt} 7.384 {res}      85      0      1      0.8979    0.0306     0.8185    0.9438
{txt} 7.778 {res}      84      0      1      0.8979    0.0306     0.8185    0.9438
{txt} 8.041 {res}      83      1      0      0.8871    0.0321     0.8053    0.9359
{txt} 8.145 {res}      82      1      0      0.8763    0.0335     0.7923    0.9278
{txt} 8.186 {res}      81      0      1      0.8763    0.0335     0.7923    0.9278
{txt} 8.452 {res}      80      1      0      0.8653    0.0348     0.7792    0.9196
{txt} 8.695 {res}      79      0      1      0.8653    0.0348     0.7792    0.9196
{txt} 9.446 {res}      78      0      1      0.8653    0.0348     0.7792    0.9196
{txt} 9.769 {res}      77      0      1      0.8653    0.0348     0.7792    0.9196
{txt} 10.21 {res}      76      1      0      0.8540    0.0362     0.7656    0.9109
{txt} 10.32 {res}      75      1      0      0.8426    0.0374     0.7522    0.9021
{txt} 10.95 {res}      74      1      0      0.8312    0.0386     0.7389    0.8932
{txt} 11.21 {res}      73      1      0      0.8198    0.0397     0.7258    0.8841
{txt} 11.43 {res}      72      1      0      0.8084    0.0408     0.7128    0.8749
{txt} 11.45 {res}      71      0      1      0.8084    0.0408     0.7128    0.8749
{txt} 12.31 {res}      70      0      1      0.8084    0.0408     0.7128    0.8749
{txt} 12.35 {res}      69      0      1      0.8084    0.0408     0.7128    0.8749
{txt} 12.55 {res}      68      1      0      0.7965    0.0419     0.6992    0.8653
{txt} 12.61 {res}      67      1      0      0.7846    0.0429     0.6857    0.8556
{txt} 12.64 {res}      66      1      0      0.7727    0.0439     0.6723    0.8458
{txt} 13.51 {res}      65      0      1      0.7727    0.0439     0.6723    0.8458
{txt} 13.91 {res}      64      1      0      0.7607    0.0448     0.6589    0.8358
{txt} 14.19 {res}      63      0      1      0.7607    0.0448     0.6589    0.8358
{txt} 14.41 {res}      62      0      1      0.7607    0.0448     0.6589    0.8358
{txt} 14.57 {res}      61      0      1      0.7607    0.0448     0.6589    0.8358
{txt} 14.73 {res}      60      1      0      0.7480    0.0458     0.6446    0.8253
{txt} 14.74 {res}      59      1      0      0.7353    0.0468     0.6305    0.8147
{txt} 14.97 {res}      58      1      0      0.7226    0.0477     0.6166    0.8040
{txt} 15.32 {res}      57      1      0      0.7100    0.0485     0.6027    0.7931
{txt} 15.44 {res}      56      0      1      0.7100    0.0485     0.6027    0.7931
{txt} 15.57 {res}      55      1      0      0.6971    0.0493     0.5887    0.7821
{txt} 15.78 {res}      54      0      1      0.6971    0.0493     0.5887    0.7821
{txt} 15.93 {res}      53      0      1      0.6971    0.0493     0.5887    0.7821
{txt}    16 {res}      52      0      1      0.6971    0.0493     0.5887    0.7821
{txt} 16.17 {res}      51      0      1      0.6971    0.0493     0.5887    0.7821
{txt} 16.21 {res}      50      1      0      0.6831    0.0502     0.5733    0.7702
{txt} 16.36 {res}      49      1      0      0.6692    0.0511     0.5582    0.7582
{txt} 16.52 {res}      48      0      1      0.6692    0.0511     0.5582    0.7582
{txt} 16.78 {res}      47      0      1      0.6692    0.0511     0.5582    0.7582
{txt}  17.1 {res}      46      0      1      0.6692    0.0511     0.5582    0.7582
{txt} 17.16 {res}      45      0      1      0.6692    0.0511     0.5582    0.7582
{txt} 17.22 {res}      44      1      0      0.6540    0.0522     0.5414    0.7453
{txt} 17.36 {res}      43      0      1      0.6540    0.0522     0.5414    0.7453
{txt} 17.97 {res}      42      1      0      0.6384    0.0532     0.5243    0.7320
{txt}  18.2 {res}      41      0      1      0.6384    0.0532     0.5243    0.7320
{txt} 18.28 {res}      40      1      0      0.6224    0.0542     0.5068    0.7184
{txt} 18.44 {res}      39      0      1      0.6224    0.0542     0.5068    0.7184
{txt} 18.61 {res}      38      0      1      0.6224    0.0542     0.5068    0.7184
{txt} 18.89 {res}      37      1      0      0.6056    0.0553     0.4884    0.7040
{txt} 20.11 {res}      36      0      1      0.6056    0.0553     0.4884    0.7040
{txt} 20.15 {res}      35      0      1      0.6056    0.0553     0.4884    0.7040
{txt} 20.49 {res}      34      0      1      0.6056    0.0553     0.4884    0.7040
{txt} 20.76 {res}      33      0      1      0.6056    0.0553     0.4884    0.7040
{txt} 21.41 {res}      32      0      1      0.6056    0.0553     0.4884    0.7040
{txt} 21.89 {res}      31      1      0      0.5861    0.0568     0.4664    0.6877
{txt} 21.93 {res}      30      1      0      0.5665    0.0582     0.4449    0.6712
{txt} 21.94 {res}      29      1      0      0.5470    0.0594     0.4238    0.6544
{txt} 22.08 {res}      28      1      0      0.5275    0.0604     0.4031    0.6374
{txt} 22.63 {res}      27      0      1      0.5275    0.0604     0.4031    0.6374
{txt} 23.01 {res}      26      0      1      0.5275    0.0604     0.4031    0.6374
{txt} 23.39 {res}      25      1      0      0.5064    0.0616     0.3807    0.6191
{txt} 23.48 {res}      24      0      1      0.5064    0.0616     0.3807    0.6191
{txt} 23.87 {res}      23      0      1      0.5064    0.0616     0.3807    0.6191
{txt}    24 {res}      22      0     22      0.5064    0.0616     0.3807    0.6191
{txt}{hline 72}
{p 0 6 0 }Note: {help j_stslist_netlost:Net Lost} equals the number lost minus the number who entered.{p_end}

{com}. 
. *2c. test for diff in survival
. sts test diabetes

         {txt}failure _d:  {res}mi_chd == 1
   {txt}analysis time _t:  {res}lasttime


{txt}{title:Log-rank test for equality of survivor functions}

{col 9} {c |}   Events         Events
diabetes {c |}  observed       expected
{hline 9}{c +}{hline 25}
No       {c |}{res}       566         593.70
{txt}Yes      {c |}{res}        38          10.30
{txt}{hline 9}{c +}{hline 25}
Total    {c |}{res}       604         604.00

               {txt}chi2(1) = {res}     75.93
               {txt}Pr>chi2 = {res}    0.0000
{txt}
{com}. 
. *3a.i. martingale residuals
. stcox, estimate

         {txt}failure _d:  {res}mi_chd == 1
   {txt}analysis time _t:  {res}lasttime

{txt}Iteration 0:   log likelihood = {res}-4917.2648
{txt}Refining estimates:
Iteration 0:   log likelihood = {res}-4917.2648

{txt}Cox regression -- Breslow method for ties

No. of subjects = {res}       4,212                  {txt}Number of obs    =  {res}     4,212
{txt}No. of failures = {res}         604
{txt}Time at risk    = {res} 85246.57632
                                                {txt}LR chi2({res}0{txt})       =  {res}      0.00
{txt}Log likelihood  =   {res}-4917.2648                  {txt}Prob > chi2      =  {res}         .

{txt}{hline 13}{c TT}{hline 11}{hline 11}{hline 9}{hline 8}{hline 13}{hline 12}
{col 1}          _t{col 14}{c |} Haz. Ratio{col 26}   Std. Err.{col 38}      z{col 46}   P>|z|{col 54}     [95% Con{col 67}f. Interval]
{hline 13}{c BT}{hline 11}{hline 11}{hline 9}{hline 8}{hline 13}{hline 12}

{com}. predict mg, mgale
{txt}
{com}. lowess mg sysbp
{res}{txt}
{com}. lowess mg totchol
{res}{txt}
{com}. lowess mg bmi
{res}{txt}
{com}. 
. *3a.iii. center variables
. summarize sysbp, meanonly
{txt}
{com}. gen c_sysbp = sysbp - r(mean)
{txt}
{com}. summarize totchol, meanonly
{txt}
{com}. gen c_totchol = totchol - r(mean)
{txt}
{com}. summarize bmi, meanonly
{txt}
{com}. gen c_bmi = bmi - r(mean)
{txt}
{com}. 
. *3b. univariate associations
. stcox c_sysbp

         {txt}failure _d:  {res}mi_chd == 1
   {txt}analysis time _t:  {res}lasttime

{txt}Iteration 0:   log likelihood = {res}-4917.2648
{txt}Iteration 1:   log likelihood = {res} -4842.124
{txt}Iteration 2:   log likelihood = {res}-4832.1578
{txt}Iteration 3:   log likelihood = {res}-4832.0886
{txt}Iteration 4:   log likelihood = {res}-4832.0886
{txt}Refining estimates:
Iteration 0:   log likelihood = {res}-4832.0886

{txt}Cox regression -- Breslow method for ties

No. of subjects = {res}       4,212                  {txt}Number of obs    =  {res}     4,212
{txt}No. of failures = {res}         604
{txt}Time at risk    = {res} 85246.57632
                                                {txt}LR chi2({res}1{txt})       =  {res}    170.35
{txt}Log likelihood  =   {res}-4832.0886                  {txt}Prob > chi2      =  {res}    0.0000

{txt}{hline 13}{c TT}{hline 11}{hline 11}{hline 9}{hline 8}{hline 13}{hline 12}
{col 1}          _t{col 14}{c |} Haz. Ratio{col 26}   Std. Err.{col 38}      z{col 46}   P>|z|{col 54}     [95% Con{col 67}f. Interval]
{hline 13}{c +}{hline 11}{hline 11}{hline 9}{hline 8}{hline 13}{hline 12}
{space 5}c_sysbp {c |}{col 14}{res}{space 2}  1.02243{col 26}{space 2}  .001591{col 37}{space 1}   14.26{col 46}{space 3}0.000{col 54}{space 4} 1.019317{col 67}{space 3} 1.025553
{txt}{hline 13}{c BT}{hline 11}{hline 11}{hline 9}{hline 8}{hline 13}{hline 12}

{com}. stcox c_totchol

         {txt}failure _d:  {res}mi_chd == 1
   {txt}analysis time _t:  {res}lasttime

{txt}Iteration 0:   log likelihood = {res}-4917.2648
{txt}Iteration 1:   log likelihood = {res}-4881.4445
{txt}Iteration 2:   log likelihood = {res} -4878.658
{txt}Iteration 3:   log likelihood = {res}-4878.6065
{txt}Iteration 4:   log likelihood = {res}-4878.6065
{txt}Refining estimates:
Iteration 0:   log likelihood = {res}-4878.6065

{txt}Cox regression -- Breslow method for ties

No. of subjects = {res}       4,212                  {txt}Number of obs    =  {res}     4,212
{txt}No. of failures = {res}         604
{txt}Time at risk    = {res} 85246.57632
                                                {txt}LR chi2({res}1{txt})       =  {res}     77.32
{txt}Log likelihood  =   {res}-4878.6065                  {txt}Prob > chi2      =  {res}    0.0000

{txt}{hline 13}{c TT}{hline 11}{hline 11}{hline 9}{hline 8}{hline 13}{hline 12}
{col 1}          _t{col 14}{c |} Haz. Ratio{col 26}   Std. Err.{col 38}      z{col 46}   P>|z|{col 54}     [95% Con{col 67}f. Interval]
{hline 13}{c +}{hline 11}{hline 11}{hline 9}{hline 8}{hline 13}{hline 12}
{space 3}c_totchol {c |}{col 14}{res}{space 2} 1.007118{col 26}{space 2} .0007207{col 37}{space 1}    9.91{col 46}{space 3}0.000{col 54}{space 4} 1.005706{col 67}{space 3} 1.008531
{txt}{hline 13}{c BT}{hline 11}{hline 11}{hline 9}{hline 8}{hline 13}{hline 12}

{com}. stcox c_bmi

         {txt}failure _d:  {res}mi_chd == 1
   {txt}analysis time _t:  {res}lasttime

{txt}Iteration 0:   log likelihood = {res}-4917.2648
{txt}Iteration 1:   log likelihood = {res}-4892.9528
{txt}Iteration 2:   log likelihood = {res}-4892.0683
{txt}Iteration 3:   log likelihood = {res} -4892.067
{txt}Refining estimates:
Iteration 0:   log likelihood = {res} -4892.067

{txt}Cox regression -- Breslow method for ties

No. of subjects = {res}       4,212                  {txt}Number of obs    =  {res}     4,212
{txt}No. of failures = {res}         604
{txt}Time at risk    = {res} 85246.57632
                                                {txt}LR chi2({res}1{txt})       =  {res}     50.40
{txt}Log likelihood  =   {res} -4892.067                  {txt}Prob > chi2      =  {res}    0.0000

{txt}{hline 13}{c TT}{hline 11}{hline 11}{hline 9}{hline 8}{hline 13}{hline 12}
{col 1}          _t{col 14}{c |} Haz. Ratio{col 26}   Std. Err.{col 38}      z{col 46}   P>|z|{col 54}     [95% Con{col 67}f. Interval]
{hline 13}{c +}{hline 11}{hline 11}{hline 9}{hline 8}{hline 13}{hline 12}
{space 7}c_bmi {c |}{col 14}{res}{space 2} 1.067265{col 26}{space 2} .0091915{col 37}{space 1}    7.56{col 46}{space 3}0.000{col 54}{space 4} 1.049401{col 67}{space 3} 1.085433
{txt}{hline 13}{c BT}{hline 11}{hline 11}{hline 9}{hline 8}{hline 13}{hline 12}

{com}. stcox i.cursmoke

         {txt}failure _d:  {res}mi_chd == 1
   {txt}analysis time _t:  {res}lasttime

{txt}Iteration 0:   log likelihood = {res}-4917.2648
{txt}Iteration 1:   log likelihood = {res}-4911.4785
{txt}Iteration 2:   log likelihood = {res}-4911.4785
{txt}Refining estimates:
Iteration 0:   log likelihood = {res}-4911.4785

{txt}Cox regression -- Breslow method for ties

No. of subjects = {res}       4,212                  {txt}Number of obs    =  {res}     4,212
{txt}No. of failures = {res}         604
{txt}Time at risk    = {res} 85246.57632
                                                {txt}LR chi2({res}1{txt})       =  {res}     11.57
{txt}Log likelihood  =   {res}-4911.4785                  {txt}Prob > chi2      =  {res}    0.0007

{txt}{hline 13}{c TT}{hline 11}{hline 11}{hline 9}{hline 8}{hline 13}{hline 12}
{col 1}          _t{col 14}{c |} Haz. Ratio{col 26}   Std. Err.{col 38}      z{col 46}   P>|z|{col 54}     [95% Con{col 67}f. Interval]
{hline 13}{c +}{hline 11}{hline 11}{hline 9}{hline 8}{hline 13}{hline 12}
{space 4}cursmoke {c |}
{space 8}Yes  {c |}{col 14}{res}{space 2} 1.319898{col 26}{space 2} .1080631{col 37}{space 1}    3.39{col 46}{space 3}0.001{col 54}{space 4} 1.124218{col 67}{space 3} 1.549638
{txt}{hline 13}{c BT}{hline 11}{hline 11}{hline 9}{hline 8}{hline 13}{hline 12}

{com}. stcox i.diabetes

         {txt}failure _d:  {res}mi_chd == 1
   {txt}analysis time _t:  {res}lasttime

{txt}Iteration 0:   log likelihood = {res}-4917.2648
{txt}Iteration 1:   log likelihood = {res}-4894.6429
{txt}Iteration 2:   log likelihood = {res}-4894.6398
{txt}Refining estimates:
Iteration 0:   log likelihood = {res}-4894.6398

{txt}Cox regression -- Breslow method for ties

No. of subjects = {res}       4,212                  {txt}Number of obs    =  {res}     4,212
{txt}No. of failures = {res}         604
{txt}Time at risk    = {res} 85246.57632
                                                {txt}LR chi2({res}1{txt})       =  {res}     45.25
{txt}Log likelihood  =   {res}-4894.6398                  {txt}Prob > chi2      =  {res}    0.0000

{txt}{hline 13}{c TT}{hline 11}{hline 11}{hline 9}{hline 8}{hline 13}{hline 12}
{col 1}          _t{col 14}{c |} Haz. Ratio{col 26}   Std. Err.{col 38}      z{col 46}   P>|z|{col 54}     [95% Con{col 67}f. Interval]
{hline 13}{c +}{hline 11}{hline 11}{hline 9}{hline 8}{hline 13}{hline 12}
{space 4}diabetes {c |}
{space 8}Yes  {c |}{col 14}{res}{space 2} 3.886087{col 26}{space 2} .6528675{col 37}{space 1}    8.08{col 46}{space 3}0.000{col 54}{space 4} 2.795823{col 67}{space 3} 5.401513
{txt}{hline 13}{c BT}{hline 11}{hline 11}{hline 9}{hline 8}{hline 13}{hline 12}

{com}. stcox age

         {txt}failure _d:  {res}mi_chd == 1
   {txt}analysis time _t:  {res}lasttime

{txt}Iteration 0:   log likelihood = {res}-4917.2648
{txt}Iteration 1:   log likelihood = {res}-4865.9844
{txt}Iteration 2:   log likelihood = {res}-4865.9133
{txt}Refining estimates:
Iteration 0:   log likelihood = {res}-4865.9133

{txt}Cox regression -- Breslow method for ties

No. of subjects = {res}       4,212                  {txt}Number of obs    =  {res}     4,212
{txt}No. of failures = {res}         604
{txt}Time at risk    = {res} 85246.57632
                                                {txt}LR chi2({res}1{txt})       =  {res}    102.70
{txt}Log likelihood  =   {res}-4865.9133                  {txt}Prob > chi2      =  {res}    0.0000

{txt}{hline 13}{c TT}{hline 11}{hline 11}{hline 9}{hline 8}{hline 13}{hline 12}
{col 1}          _t{col 14}{c |} Haz. Ratio{col 26}   Std. Err.{col 38}      z{col 46}   P>|z|{col 54}     [95% Con{col 67}f. Interval]
{hline 13}{c +}{hline 11}{hline 11}{hline 9}{hline 8}{hline 13}{hline 12}
{space 9}age {c |}{col 14}{res}{space 2} 1.050164{col 26}{space 2} .0050722{col 37}{space 1}   10.13{col 46}{space 3}0.000{col 54}{space 4} 1.040269{col 67}{space 3} 1.060152
{txt}{hline 13}{c BT}{hline 11}{hline 11}{hline 9}{hline 8}{hline 13}{hline 12}

{com}. stcox i.sex

         {txt}failure _d:  {res}mi_chd == 1
   {txt}analysis time _t:  {res}lasttime

{txt}Iteration 0:   log likelihood = {res}-4917.2648
{txt}Iteration 1:   log likelihood = {res}-4842.7701
{txt}Iteration 2:   log likelihood = {res}-4842.7505
{txt}Refining estimates:
Iteration 0:   log likelihood = {res}-4842.7505

{txt}Cox regression -- Breslow method for ties

No. of subjects = {res}       4,212                  {txt}Number of obs    =  {res}     4,212
{txt}No. of failures = {res}         604
{txt}Time at risk    = {res} 85246.57632
                                                {txt}LR chi2({res}1{txt})       =  {res}    149.03
{txt}Log likelihood  =   {res}-4842.7505                  {txt}Prob > chi2      =  {res}    0.0000

{txt}{hline 13}{c TT}{hline 11}{hline 11}{hline 9}{hline 8}{hline 13}{hline 12}
{col 1}          _t{col 14}{c |} Haz. Ratio{col 26}   Std. Err.{col 38}      z{col 46}   P>|z|{col 54}     [95% Con{col 67}f. Interval]
{hline 13}{c +}{hline 11}{hline 11}{hline 9}{hline 8}{hline 13}{hline 12}
{space 9}sex {c |}
{space 5}Female  {c |}{col 14}{res}{space 2} .3641827{col 26}{space 2} .0310349{col 37}{space 1}  -11.85{col 46}{space 3}0.000{col 54}{space 4} .3081638{col 67}{space 3} .4303848
{txt}{hline 13}{c BT}{hline 11}{hline 11}{hline 9}{hline 8}{hline 13}{hline 12}

{com}. stcox i.educ

         {txt}failure _d:  {res}mi_chd == 1
   {txt}analysis time _t:  {res}lasttime

{txt}Iteration 0:   log likelihood = {res}-4917.2648
{txt}Iteration 1:   log likelihood = {res}-4909.4964
{txt}Iteration 2:   log likelihood = {res}-4909.4806
{txt}Iteration 3:   log likelihood = {res}-4909.4806
{txt}Refining estimates:
Iteration 0:   log likelihood = {res}-4909.4806

{txt}Cox regression -- Breslow method for ties

No. of subjects = {res}       4,212                  {txt}Number of obs    =  {res}     4,212
{txt}No. of failures = {res}         604
{txt}Time at risk    = {res} 85246.57632
                                                {txt}LR chi2({res}3{txt})       =  {res}     15.57
{txt}Log likelihood  =   {res}-4909.4806                  {txt}Prob > chi2      =  {res}    0.0014

{txt}{hline 16}{c TT}{hline 11}{hline 11}{hline 9}{hline 8}{hline 13}{hline 12}
{col 1}             _t{col 17}{c |} Haz. Ratio{col 29}   Std. Err.{col 41}      z{col 49}   P>|z|{col 57}     [95% Con{col 70}f. Interval]
{hline 16}{c +}{hline 11}{hline 11}{hline 9}{hline 8}{hline 13}{hline 12}
{space 11}educ {c |}
{space 3}High School  {c |}{col 17}{res}{space 2} .7509232{col 29}{space 2} .0727324{col 40}{space 1}   -2.96{col 49}{space 3}0.003{col 57}{space 4} .6210841{col 70}{space 3} .9079053
{txt}{space 2}Some college  {c |}{col 17}{res}{space 2} .6633216{col 29}{space 2} .0843524{col 40}{space 1}   -3.23{col 49}{space 3}0.001{col 57}{space 4} .5169871{col 70}{space 3} .8510764
{txt}College degree  {c |}{col 17}{res}{space 2} .9297335{col 29}{space 2} .1206104{col 40}{space 1}   -0.56{col 49}{space 3}0.574{col 57}{space 4} .7210007{col 70}{space 3} 1.198895
{txt}{hline 16}{c BT}{hline 11}{hline 11}{hline 9}{hline 8}{hline 13}{hline 12}

{com}. 
. *3c.i. base model
. stcox c_sysbp c_totchol c_bmi i.cursmoke i.diabetes, nohr

         {txt}failure _d:  {res}mi_chd == 1
   {txt}analysis time _t:  {res}lasttime

{txt}Iteration 0:   log likelihood = {res}-4917.2648
{txt}Iteration 1:   log likelihood = {res}-4835.7267
{txt}Iteration 2:   log likelihood = {res}-4782.1765
{txt}Iteration 3:   log likelihood = {res}-4777.4983
{txt}Iteration 4:   log likelihood = {res}-4777.3693
{txt}Iteration 5:   log likelihood = {res}-4777.3691
{txt}Refining estimates:
Iteration 0:   log likelihood = {res}-4777.3691

{txt}Cox regression -- Breslow method for ties

No. of subjects = {res}       4,212                  {txt}Number of obs    =  {res}     4,212
{txt}No. of failures = {res}         604
{txt}Time at risk    = {res} 85246.57632
                                                {txt}LR chi2({res}5{txt})       =  {res}    279.79
{txt}Log likelihood  =   {res}-4777.3691                  {txt}Prob > chi2      =  {res}    0.0000

{txt}{hline 13}{c TT}{hline 11}{hline 11}{hline 9}{hline 8}{hline 13}{hline 12}
{col 1}          _t{col 14}{c |}      Coef.{col 26}   Std. Err.{col 38}      z{col 46}   P>|z|{col 54}     [95% Con{col 67}f. Interval]
{hline 13}{c +}{hline 11}{hline 11}{hline 9}{hline 8}{hline 13}{hline 12}
{space 5}c_sysbp {c |}{col 14}{res}{space 2} .0188782{col 26}{space 2} .0017655{col 37}{space 1}   10.69{col 46}{space 3}0.000{col 54}{space 4} .0154178{col 67}{space 3} .0223385
{txt}{space 3}c_totchol {c |}{col 14}{res}{space 2} .0052706{col 26}{space 2} .0007623{col 37}{space 1}    6.91{col 46}{space 3}0.000{col 54}{space 4} .0037766{col 67}{space 3} .0067647
{txt}{space 7}c_bmi {c |}{col 14}{res}{space 2} .0300784{col 26}{space 2} .0093653{col 37}{space 1}    3.21{col 46}{space 3}0.001{col 54}{space 4} .0117228{col 67}{space 3} .0484341
{txt}{space 12} {c |}
{space 4}cursmoke {c |}
{space 8}Yes  {c |}{col 14}{res}{space 2} .4850685{col 26}{space 2} .0835781{col 37}{space 1}    5.80{col 46}{space 3}0.000{col 54}{space 4} .3212585{col 67}{space 3} .6488785
{txt}{space 12} {c |}
{space 4}diabetes {c |}
{space 8}Yes  {c |}{col 14}{res}{space 2} 1.073338{col 26}{space 2} .1708889{col 37}{space 1}    6.28{col 46}{space 3}0.000{col 54}{space 4} .7384024{col 67}{space 3} 1.408274
{txt}{hline 13}{c BT}{hline 11}{hline 11}{hline 9}{hline 8}{hline 13}{hline 12}

{com}. estat ic

{txt}Akaike's information criterion and Bayesian information criterion

{hline 13}{c TT}{hline 63}
       Model {c |}          N   ll(null)  ll(model)      df        AIC        BIC
{hline 13}{c +}{hline 63}
{ralign 12:.}{col 14}{c |}{res}{col 16}     4,212{col 28}-4917.265{col 39}-4777.369{col 50}     5{col 58} 9564.738{col 69} 9596.467
{txt}{hline 13}{c BT}{hline 63}
{p 0 6 0 77}Note: BIC uses N = number of observations. See {helpb bic_note:{bind:[R] BIC note}}.{p_end}

{com}. 
. *3c.ii. test for confounder
. stcox c_sysbp c_totchol c_bmi i.cursmoke i.diabetes age, nohr

         {txt}failure _d:  {res}mi_chd == 1
   {txt}analysis time _t:  {res}lasttime

{txt}Iteration 0:   log likelihood = {res}-4917.2648
{txt}Iteration 1:   log likelihood = {res}-4815.7061
{txt}Iteration 2:   log likelihood = {res}-4765.9751
{txt}Iteration 3:   log likelihood = {res}-4761.5349
{txt}Iteration 4:   log likelihood = {res}-4761.4175
{txt}Iteration 5:   log likelihood = {res}-4761.4174
{txt}Refining estimates:
Iteration 0:   log likelihood = {res}-4761.4174

{txt}Cox regression -- Breslow method for ties

No. of subjects = {res}       4,212                  {txt}Number of obs    =  {res}     4,212
{txt}No. of failures = {res}         604
{txt}Time at risk    = {res} 85246.57632
                                                {txt}LR chi2({res}6{txt})       =  {res}    311.69
{txt}Log likelihood  =   {res}-4761.4174                  {txt}Prob > chi2      =  {res}    0.0000

{txt}{hline 13}{c TT}{hline 11}{hline 11}{hline 9}{hline 8}{hline 13}{hline 12}
{col 1}          _t{col 14}{c |}      Coef.{col 26}   Std. Err.{col 38}      z{col 46}   P>|z|{col 54}     [95% Con{col 67}f. Interval]
{hline 13}{c +}{hline 11}{hline 11}{hline 9}{hline 8}{hline 13}{hline 12}
{space 5}c_sysbp {c |}{col 14}{res}{space 2} .0153615{col 26}{space 2} .0018793{col 37}{space 1}    8.17{col 46}{space 3}0.000{col 54}{space 4} .0116781{col 67}{space 3}  .019045
{txt}{space 3}c_totchol {c |}{col 14}{res}{space 2} .0045997{col 26}{space 2} .0008074{col 37}{space 1}    5.70{col 46}{space 3}0.000{col 54}{space 4} .0030171{col 67}{space 3} .0061822
{txt}{space 7}c_bmi {c |}{col 14}{res}{space 2} .0333847{col 26}{space 2} .0094359{col 37}{space 1}    3.54{col 46}{space 3}0.000{col 54}{space 4} .0148907{col 67}{space 3} .0518788
{txt}{space 12} {c |}
{space 4}cursmoke {c |}
{space 8}Yes  {c |}{col 14}{res}{space 2} .5862566{col 26}{space 2} .0854038{col 37}{space 1}    6.86{col 46}{space 3}0.000{col 54}{space 4} .4188683{col 67}{space 3} .7536449
{txt}{space 12} {c |}
{space 4}diabetes {c |}
{space 8}Yes  {c |}{col 14}{res}{space 2} .9898474{col 26}{space 2} .1711352{col 37}{space 1}    5.78{col 46}{space 3}0.000{col 54}{space 4} .6544284{col 67}{space 3} 1.325266
{txt}{space 9}age {c |}{col 14}{res}{space 2} .0312388{col 26}{space 2} .0055157{col 37}{space 1}    5.66{col 46}{space 3}0.000{col 54}{space 4} .0204282{col 67}{space 3} .0420494
{txt}{hline 13}{c BT}{hline 11}{hline 11}{hline 9}{hline 8}{hline 13}{hline 12}

{com}. stcox c_sysbp c_totchol c_bmi i.cursmoke i.diabetes i.sex, nohr

         {txt}failure _d:  {res}mi_chd == 1
   {txt}analysis time _t:  {res}lasttime

{txt}Iteration 0:   log likelihood = {res}-4917.2648
{txt}Iteration 1:   log likelihood = {res} -4739.077
{txt}Iteration 2:   log likelihood = {res} -4697.782
{txt}Iteration 3:   log likelihood = {res}-4694.3241
{txt}Iteration 4:   log likelihood = {res}-4694.2489
{txt}Iteration 5:   log likelihood = {res}-4694.2488
{txt}Refining estimates:
Iteration 0:   log likelihood = {res}-4694.2488

{txt}Cox regression -- Breslow method for ties

No. of subjects = {res}       4,212                  {txt}Number of obs    =  {res}     4,212
{txt}No. of failures = {res}         604
{txt}Time at risk    = {res} 85246.57632
                                                {txt}LR chi2({res}6{txt})       =  {res}    446.03
{txt}Log likelihood  =   {res}-4694.2488                  {txt}Prob > chi2      =  {res}    0.0000

{txt}{hline 13}{c TT}{hline 11}{hline 11}{hline 9}{hline 8}{hline 13}{hline 12}
{col 1}          _t{col 14}{c |}      Coef.{col 26}   Std. Err.{col 38}      z{col 46}   P>|z|{col 54}     [95% Con{col 67}f. Interval]
{hline 13}{c +}{hline 11}{hline 11}{hline 9}{hline 8}{hline 13}{hline 12}
{space 5}c_sysbp {c |}{col 14}{res}{space 2} .0224537{col 26}{space 2} .0018186{col 37}{space 1}   12.35{col 46}{space 3}0.000{col 54}{space 4} .0188892{col 67}{space 3} .0260181
{txt}{space 3}c_totchol {c |}{col 14}{res}{space 2} .0056722{col 26}{space 2} .0006908{col 37}{space 1}    8.21{col 46}{space 3}0.000{col 54}{space 4} .0043181{col 67}{space 3} .0070262
{txt}{space 7}c_bmi {c |}{col 14}{res}{space 2} .0213528{col 26}{space 2} .0102507{col 37}{space 1}    2.08{col 46}{space 3}0.037{col 54}{space 4} .0012618{col 67}{space 3} .0414437
{txt}{space 12} {c |}
{space 4}cursmoke {c |}
{space 8}Yes  {c |}{col 14}{res}{space 2} .2479315{col 26}{space 2} .0856505{col 37}{space 1}    2.89{col 46}{space 3}0.004{col 54}{space 4} .0800596{col 67}{space 3} .4158033
{txt}{space 12} {c |}
{space 4}diabetes {c |}
{space 8}Yes  {c |}{col 14}{res}{space 2} 1.070228{col 26}{space 2} .1706131{col 37}{space 1}    6.27{col 46}{space 3}0.000{col 54}{space 4} .7358322{col 67}{space 3} 1.404623
{txt}{space 12} {c |}
{space 9}sex {c |}
{space 5}Female  {c |}{col 14}{res}{space 2}-1.112803{col 26}{space 2} .0889075{col 37}{space 1}  -12.52{col 46}{space 3}0.000{col 54}{space 4}-1.287059{col 67}{space 3}-.9385476
{txt}{hline 13}{c BT}{hline 11}{hline 11}{hline 9}{hline 8}{hline 13}{hline 12}

{com}. stcox c_sysbp c_totchol c_bmi i.cursmoke i.diabetes i.educ, nohr

         {txt}failure _d:  {res}mi_chd == 1
   {txt}analysis time _t:  {res}lasttime

{txt}Iteration 0:   log likelihood = {res}-4917.2648
{txt}Iteration 1:   log likelihood = {res}-4830.7635
{txt}Iteration 2:   log likelihood = {res} -4777.756
{txt}Iteration 3:   log likelihood = {res}-4773.1044
{txt}Iteration 4:   log likelihood = {res}-4772.9768
{txt}Iteration 5:   log likelihood = {res}-4772.9767
{txt}Refining estimates:
Iteration 0:   log likelihood = {res}-4772.9767

{txt}Cox regression -- Breslow method for ties

No. of subjects = {res}       4,212                  {txt}Number of obs    =  {res}     4,212
{txt}No. of failures = {res}         604
{txt}Time at risk    = {res} 85246.57632
                                                {txt}LR chi2({res}8{txt})       =  {res}    288.58
{txt}Log likelihood  =   {res}-4772.9767                  {txt}Prob > chi2      =  {res}    0.0000

{txt}{hline 16}{c TT}{hline 11}{hline 11}{hline 9}{hline 8}{hline 13}{hline 12}
{col 1}             _t{col 17}{c |}      Coef.{col 29}   Std. Err.{col 41}      z{col 49}   P>|z|{col 57}     [95% Con{col 70}f. Interval]
{hline 16}{c +}{hline 11}{hline 11}{hline 9}{hline 8}{hline 13}{hline 12}
{space 8}c_sysbp {c |}{col 17}{res}{space 2} .0188864{col 29}{space 2} .0017725{col 40}{space 1}   10.66{col 49}{space 3}0.000{col 57}{space 4} .0154124{col 70}{space 3} .0223604
{txt}{space 6}c_totchol {c |}{col 17}{res}{space 2} .0054065{col 29}{space 2} .0007716{col 40}{space 1}    7.01{col 49}{space 3}0.000{col 57}{space 4} .0038942{col 70}{space 3} .0069188
{txt}{space 10}c_bmi {c |}{col 17}{res}{space 2} .0277437{col 29}{space 2} .0094828{col 40}{space 1}    2.93{col 49}{space 3}0.003{col 57}{space 4} .0091578{col 70}{space 3} .0463296
{txt}{space 15} {c |}
{space 7}cursmoke {c |}
{space 11}Yes  {c |}{col 17}{res}{space 2} .4877015{col 29}{space 2} .0837163{col 40}{space 1}    5.83{col 49}{space 3}0.000{col 57}{space 4} .3236206{col 70}{space 3} .6517825
{txt}{space 15} {c |}
{space 7}diabetes {c |}
{space 11}Yes  {c |}{col 17}{res}{space 2} 1.061052{col 29}{space 2} .1710028{col 40}{space 1}    6.20{col 49}{space 3}0.000{col 57}{space 4} .7258931{col 70}{space 3} 1.396212
{txt}{space 15} {c |}
{space 11}educ {c |}
{space 3}High School  {c |}{col 17}{res}{space 2}-.1949561{col 29}{space 2} .0982278{col 40}{space 1}   -1.98{col 49}{space 3}0.047{col 57}{space 4}-.3874791{col 70}{space 3}-.0024331
{txt}{space 2}Some college  {c |}{col 17}{res}{space 2}-.2164069{col 29}{space 2} .1288827{col 40}{space 1}   -1.68{col 49}{space 3}0.093{col 57}{space 4}-.4690124{col 70}{space 3} .0361986
{txt}College degree  {c |}{col 17}{res}{space 2} .1342686{col 29}{space 2} .1314714{col 40}{space 1}    1.02{col 49}{space 3}0.307{col 57}{space 4}-.1234106{col 70}{space 3} .3919479
{txt}{hline 16}{c BT}{hline 11}{hline 11}{hline 9}{hline 8}{hline 13}{hline 12}

{com}. 
. *new model:
. stcox c_sysbp c_totchol c_bmi i.cursmoke i.diabetes age i.sex

         {txt}failure _d:  {res}mi_chd == 1
   {txt}analysis time _t:  {res}lasttime

{txt}Iteration 0:   log likelihood = {res}-4917.2648
{txt}Iteration 1:   log likelihood = {res}-4715.7356
{txt}Iteration 2:   log likelihood = {res}-4675.9373
{txt}Iteration 3:   log likelihood = {res}-4672.6644
{txt}Iteration 4:   log likelihood = {res}-4672.5958
{txt}Iteration 5:   log likelihood = {res}-4672.5958
{txt}Refining estimates:
Iteration 0:   log likelihood = {res}-4672.5958

{txt}Cox regression -- Breslow method for ties

No. of subjects = {res}       4,212                  {txt}Number of obs    =  {res}     4,212
{txt}No. of failures = {res}         604
{txt}Time at risk    = {res} 85246.57632
                                                {txt}LR chi2({res}7{txt})       =  {res}    489.34
{txt}Log likelihood  =   {res}-4672.5958                  {txt}Prob > chi2      =  {res}    0.0000

{txt}{hline 13}{c TT}{hline 11}{hline 11}{hline 9}{hline 8}{hline 13}{hline 12}
{col 1}          _t{col 14}{c |} Haz. Ratio{col 26}   Std. Err.{col 38}      z{col 46}   P>|z|{col 54}     [95% Con{col 67}f. Interval]
{hline 13}{c +}{hline 11}{hline 11}{hline 9}{hline 8}{hline 13}{hline 12}
{space 5}c_sysbp {c |}{col 14}{res}{space 2} 1.018901{col 26}{space 2} .0019442{col 37}{space 1}    9.81{col 46}{space 3}0.000{col 54}{space 4} 1.015098{col 67}{space 3} 1.022719
{txt}{space 3}c_totchol {c |}{col 14}{res}{space 2} 1.005359{col 26}{space 2} .0007254{col 37}{space 1}    7.41{col 46}{space 3}0.000{col 54}{space 4} 1.003938{col 67}{space 3} 1.006782
{txt}{space 7}c_bmi {c |}{col 14}{res}{space 2} 1.027835{col 26}{space 2} .0106298{col 37}{space 1}    2.65{col 46}{space 3}0.008{col 54}{space 4} 1.007211{col 67}{space 3} 1.048882
{txt}{space 12} {c |}
{space 4}cursmoke {c |}
{space 8}Yes  {c |}{col 14}{res}{space 2} 1.420204{col 26}{space 2}  .123722{col 37}{space 1}    4.03{col 46}{space 3}0.000{col 54}{space 4} 1.197286{col 67}{space 3} 1.684627
{txt}{space 12} {c |}
{space 4}diabetes {c |}
{space 8}Yes  {c |}{col 14}{res}{space 2} 2.663629{col 26}{space 2} .4551156{col 37}{space 1}    5.73{col 46}{space 3}0.000{col 54}{space 4} 1.905613{col 67}{space 3} 3.723167
{txt}{space 9}age {c |}{col 14}{res}{space 2} 1.036162{col 26}{space 2} .0055711{col 37}{space 1}    6.61{col 46}{space 3}0.000{col 54}{space 4}   1.0253{col 67}{space 3} 1.047139
{txt}{space 12} {c |}
{space 9}sex {c |}
{space 5}Female  {c |}{col 14}{res}{space 2} .3139068{col 26}{space 2} .0281356{col 37}{space 1}  -12.93{col 46}{space 3}0.000{col 54}{space 4} .2633341{col 67}{space 3} .3741919
{txt}{hline 13}{c BT}{hline 11}{hline 11}{hline 9}{hline 8}{hline 13}{hline 12}

{com}. estat ic

{txt}Akaike's information criterion and Bayesian information criterion

{hline 13}{c TT}{hline 63}
       Model {c |}          N   ll(null)  ll(model)      df        AIC        BIC
{hline 13}{c +}{hline 63}
{ralign 12:.}{col 14}{c |}{res}{col 16}     4,212{col 28}-4917.265{col 39}-4672.596{col 50}     7{col 58} 9359.192{col 69} 9403.611
{txt}{hline 13}{c BT}{hline 63}
{p 0 6 0 77}Note: BIC uses N = number of observations. See {helpb bic_note:{bind:[R] BIC note}}.{p_end}

{com}. 
. *3d. test for proportional hazards assumption
. *method 1. schoenfeld residual
. stcox c_sysbp c_totchol c_bmi i.cursmoke i.diabetes age i.sex, scaledsch(sca*) schoenfeld(sch*)

         {txt}failure _d:  {res}mi_chd == 1
   {txt}analysis time _t:  {res}lasttime

{txt}Iteration 0:   log likelihood = {res}-4917.2648
{txt}Iteration 1:   log likelihood = {res}-4715.7356
{txt}Iteration 2:   log likelihood = {res}-4675.9373
{txt}Iteration 3:   log likelihood = {res}-4672.6644
{txt}Iteration 4:   log likelihood = {res}-4672.5958
{txt}Iteration 5:   log likelihood = {res}-4672.5958
{txt}Refining estimates:
Iteration 0:   log likelihood = {res}-4672.5958

{txt}Cox regression -- Breslow method for ties

No. of subjects = {res}       4,212                  {txt}Number of obs    =  {res}     4,212
{txt}No. of failures = {res}         604
{txt}Time at risk    = {res} 85246.57632
                                                {txt}LR chi2({res}7{txt})       =  {res}    489.34
{txt}Log likelihood  =   {res}-4672.5958                  {txt}Prob > chi2      =  {res}    0.0000

{txt}{hline 13}{c TT}{hline 11}{hline 11}{hline 9}{hline 8}{hline 13}{hline 12}
{col 1}          _t{col 14}{c |} Haz. Ratio{col 26}   Std. Err.{col 38}      z{col 46}   P>|z|{col 54}     [95% Con{col 67}f. Interval]
{hline 13}{c +}{hline 11}{hline 11}{hline 9}{hline 8}{hline 13}{hline 12}
{space 5}c_sysbp {c |}{col 14}{res}{space 2} 1.018901{col 26}{space 2} .0019442{col 37}{space 1}    9.81{col 46}{space 3}0.000{col 54}{space 4} 1.015098{col 67}{space 3} 1.022719
{txt}{space 3}c_totchol {c |}{col 14}{res}{space 2} 1.005359{col 26}{space 2} .0007254{col 37}{space 1}    7.41{col 46}{space 3}0.000{col 54}{space 4} 1.003938{col 67}{space 3} 1.006782
{txt}{space 7}c_bmi {c |}{col 14}{res}{space 2} 1.027835{col 26}{space 2} .0106298{col 37}{space 1}    2.65{col 46}{space 3}0.008{col 54}{space 4} 1.007211{col 67}{space 3} 1.048882
{txt}{space 12} {c |}
{space 4}cursmoke {c |}
{space 8}Yes  {c |}{col 14}{res}{space 2} 1.420204{col 26}{space 2}  .123722{col 37}{space 1}    4.03{col 46}{space 3}0.000{col 54}{space 4} 1.197286{col 67}{space 3} 1.684627
{txt}{space 12} {c |}
{space 4}diabetes {c |}
{space 8}Yes  {c |}{col 14}{res}{space 2} 2.663629{col 26}{space 2} .4551156{col 37}{space 1}    5.73{col 46}{space 3}0.000{col 54}{space 4} 1.905613{col 67}{space 3} 3.723167
{txt}{space 9}age {c |}{col 14}{res}{space 2} 1.036162{col 26}{space 2} .0055711{col 37}{space 1}    6.61{col 46}{space 3}0.000{col 54}{space 4}   1.0253{col 67}{space 3} 1.047139
{txt}{space 12} {c |}
{space 9}sex {c |}
{space 5}Female  {c |}{col 14}{res}{space 2} .3139068{col 26}{space 2} .0281356{col 37}{space 1}  -12.93{col 46}{space 3}0.000{col 54}{space 4} .2633341{col 67}{space 3} .3741919
{txt}{hline 13}{c BT}{hline 11}{hline 11}{hline 9}{hline 8}{hline 13}{hline 12}

{com}. estat phtest, detail

{txt}      Test of proportional-hazards assumption

      Time:  {res}Time
{txt}      {hline 12}{c TT}{hline 51}
                  {c |}       rho            chi2       df       Prob>chi2
      {hline 12}{c +}{hline 51}
      c_sysbp{col 19}{c |}{res}{col 25}-0.02986{col 37}     0.58{col 50}    1{col 64}0.4462
{txt}      c_totchol{col 19}{c |}{res}{col 25}-0.06062{col 37}     1.56{col 50}    1{col 64}0.2115
{txt}      c_bmi{col 19}{c |}{res}{col 25}-0.05596{col 37}     1.84{col 50}    1{col 64}0.1744
{txt}      0b.cursmoke{col 19}{c |}{res}{col 25}       .{col 37}        .{col 50}    1{col 64}    .
{txt}      1.cursmoke{col 19}{c |}{res}{col 25}-0.05064{col 37}     1.51{col 50}    1{col 64}0.2185
{txt}      0b.diabetes{col 19}{c |}{res}{col 25}       .{col 37}        .{col 50}    1{col 64}    .
{txt}      1.diabetes{col 19}{c |}{res}{col 25} 0.03757{col 37}     0.88{col 50}    1{col 64}0.3478
{txt}      age{col 19}{c |}{res}{col 25}-0.04613{col 37}     1.25{col 50}    1{col 64}0.2644
{txt}      1b.sex{col 19}{c |}{res}{col 25}       .{col 37}        .{col 50}    1{col 64}    .
{txt}      2.sex{col 19}{c |}{res}{col 25} 0.13154{col 37}    10.05{col 50}    1{col 64}0.0015
{txt}      {hline 12}{c +}{hline 51}
      global test {c |}{res}{col 37}    18.35{col 50}    7{col 64}0.0105
{txt}      {hline 12}{c BT}{hline 51}

{com}. estat phtest, plot(2.sex)
{res}{txt}
{com}. 
. *method 2. interaction with analysis time 
. stcox c_sysbp c_totchol c_bmi cursmoke diabetes age i.sex, tvc (c_sysbp c_totchol c_bmi cursmoke diabetes age i.sex) texp (ln(_t))

         {txt}failure _d:  {res}mi_chd == 1
   {txt}analysis time _t:  {res}lasttime

{txt}Iteration 0:   log likelihood = {res}-4917.2648
{txt}Iteration 1:   log likelihood = {res}-4720.3414
{txt}Iteration 2:   log likelihood = {res}-4667.4033
{txt}Iteration 3:   log likelihood = {res}-4662.2807
{txt}Iteration 4:   log likelihood = {res}-4662.0986
{txt}Iteration 5:   log likelihood = {res}-4662.0982
{txt}Refining estimates:
Iteration 0:   log likelihood = {res}-4662.0982

{txt}Cox regression -- Breslow method for ties

No. of subjects = {res}       4,212                  {txt}Number of obs    =  {res}     4,212
{txt}No. of failures = {res}         604
{txt}Time at risk    = {res} 85246.57632
                                                {txt}LR chi2({res}14{txt})      =  {res}    510.33
{txt}Log likelihood  =   {res}-4662.0982                  {txt}Prob > chi2      =  {res}    0.0000

{txt}{hline 13}{c TT}{hline 11}{hline 11}{hline 9}{hline 8}{hline 13}{hline 12}
{col 1}          _t{col 14}{c |} Haz. Ratio{col 26}   Std. Err.{col 38}      z{col 46}   P>|z|{col 54}     [95% Con{col 67}f. Interval]
{hline 13}{c +}{hline 11}{hline 11}{hline 9}{hline 8}{hline 13}{hline 12}
{res}main         {txt}{c |}
{space 5}c_sysbp {c |}{col 14}{res}{space 2}  1.02433{col 26}{space 2} .0049458{col 37}{space 1}    4.98{col 46}{space 3}0.000{col 54}{space 4} 1.014682{col 67}{space 3}  1.03407
{txt}{space 3}c_totchol {c |}{col 14}{res}{space 2} 1.007609{col 26}{space 2} .0016223{col 37}{space 1}    4.71{col 46}{space 3}0.000{col 54}{space 4} 1.004435{col 67}{space 3} 1.010794
{txt}{space 7}c_bmi {c |}{col 14}{res}{space 2} 1.070693{col 26}{space 2} .0333051{col 37}{space 1}    2.20{col 46}{space 3}0.028{col 54}{space 4} 1.007366{col 67}{space 3}    1.138
{txt}{space 4}cursmoke {c |}{col 14}{res}{space 2} 1.633363{col 26}{space 2} .4433577{col 37}{space 1}    1.81{col 46}{space 3}0.071{col 54}{space 4} .9594752{col 67}{space 3} 2.780556
{txt}{space 4}diabetes {c |}{col 14}{res}{space 2} 1.427577{col 26}{space 2}  .777911{col 37}{space 1}    0.65{col 46}{space 3}0.514{col 54}{space 4} .4906427{col 67}{space 3} 4.153687
{txt}{space 9}age {c |}{col 14}{res}{space 2} 1.066463{col 26}{space 2} .0179019{col 37}{space 1}    3.83{col 46}{space 3}0.000{col 54}{space 4} 1.031947{col 67}{space 3} 1.102134
{txt}{space 12} {c |}
{space 9}sex {c |}
{space 5}Female  {c |}{col 14}{res}{space 2} .1110089{col 26}{space 2} .0369444{col 37}{space 1}   -6.60{col 46}{space 3}0.000{col 54}{space 4} .0578194{col 67}{space 3} .2131289
{txt}{hline 13}{c +}{hline 11}{hline 11}{hline 9}{hline 8}{hline 13}{hline 12}
{res}tvc          {txt}{c |}
{space 5}c_sysbp {c |}{col 14}{res}{space 2} .9976252{col 26}{space 2} .0019999{col 37}{space 1}   -1.19{col 46}{space 3}0.236{col 54}{space 4} .9937131{col 67}{space 3} 1.001553
{txt}{space 3}c_totchol {c |}{col 14}{res}{space 2} .9990701{col 26}{space 2} .0006787{col 37}{space 1}   -1.37{col 46}{space 3}0.171{col 54}{space 4} .9977408{col 67}{space 3} 1.000401
{txt}{space 7}c_bmi {c |}{col 14}{res}{space 2} .9836686{col 26}{space 2} .0122925{col 37}{space 1}   -1.32{col 46}{space 3}0.188{col 54}{space 4} .9598684{col 67}{space 3} 1.008059
{txt}{space 4}cursmoke {c |}{col 14}{res}{space 2} .9418147{col 26}{space 2} .1012789{col 37}{space 1}   -0.56{col 46}{space 3}0.577{col 54}{space 4} .7628352{col 67}{space 3} 1.162787
{txt}{space 4}diabetes {c |}{col 14}{res}{space 2} 1.314727{col 26}{space 2} .2930868{col 37}{space 1}    1.23{col 46}{space 3}0.220{col 54}{space 4}  .849338{col 67}{space 3} 2.035122
{txt}{space 9}age {c |}{col 14}{res}{space 2} .9880353{col 26}{space 2} .0066081{col 37}{space 1}   -1.80{col 46}{space 3}0.072{col 54}{space 4} .9751681{col 67}{space 3} 1.001072
{txt}{space 12} {c |}
{space 9}sex {c |}
{space 5}Female  {c |}{col 14}{res}{space 2} 1.530823{col 26}{space 2} .1975459{col 37}{space 1}    3.30{col 46}{space 3}0.001{col 54}{space 4} 1.188724{col 67}{space 3} 1.971372
{txt}{hline 13}{c BT}{hline 11}{hline 11}{hline 9}{hline 8}{hline 13}{hline 12}
{p 0 6 0 78}Note: Variables in {res}tvc{txt} equation interacted with ln(_t).{p_end}

{com}. 
. *method 3. graphing
. stphplot, by (sex) 

         {txt}failure _d:  {res}mi_chd == 1
   {txt}analysis time _t:  {res}lasttime
{txt}
{com}. stcoxkm, by(sex)

         {txt}failure _d:  {res}mi_chd == 1
   {txt}analysis time _t:  {res}lasttime
{txt}
{com}. 
. *stratified analysis
. stcox c_sysbp c_totchol c_bmi i.cursmoke i.diabetes age, strata(sex)

         {txt}failure _d:  {res}mi_chd == 1
   {txt}analysis time _t:  {res}lasttime

{txt}Iteration 0:   log likelihood = {res}-4453.6899
{txt}Iteration 1:   log likelihood = {res}-4326.1867
{txt}Iteration 2:   log likelihood = {res}-4286.1064
{txt}Iteration 3:   log likelihood = {res} -4283.503
{txt}Iteration 4:   log likelihood = {res}-4283.4579
{txt}Iteration 5:   log likelihood = {res}-4283.4579
{txt}Refining estimates:
Iteration 0:   log likelihood = {res}-4283.4579

{txt}Stratified Cox regr. -- Breslow method for ties

No. of subjects = {res}       4,212                  {txt}Number of obs    =  {res}     4,212
{txt}No. of failures = {res}         604
{txt}Time at risk    = {res} 85246.57632
                                                {txt}LR chi2({res}6{txt})       =  {res}    340.46
{txt}Log likelihood  =   {res}-4283.4579                  {txt}Prob > chi2      =  {res}    0.0000

{txt}{hline 13}{c TT}{hline 11}{hline 11}{hline 9}{hline 8}{hline 13}{hline 12}
{col 1}          _t{col 14}{c |} Haz. Ratio{col 26}   Std. Err.{col 38}      z{col 46}   P>|z|{col 54}     [95% Con{col 67}f. Interval]
{hline 13}{c +}{hline 11}{hline 11}{hline 9}{hline 8}{hline 13}{hline 12}
{space 5}c_sysbp {c |}{col 14}{res}{space 2} 1.018969{col 26}{space 2} .0019437{col 37}{space 1}    9.85{col 46}{space 3}0.000{col 54}{space 4} 1.015167{col 67}{space 3} 1.022786
{txt}{space 3}c_totchol {c |}{col 14}{res}{space 2} 1.005374{col 26}{space 2} .0007222{col 37}{space 1}    7.46{col 46}{space 3}0.000{col 54}{space 4} 1.003959{col 67}{space 3}  1.00679
{txt}{space 7}c_bmi {c |}{col 14}{res}{space 2} 1.028519{col 26}{space 2} .0106619{col 37}{space 1}    2.71{col 46}{space 3}0.007{col 54}{space 4} 1.007832{col 67}{space 3} 1.049629
{txt}{space 12} {c |}
{space 4}cursmoke {c |}
{space 8}Yes  {c |}{col 14}{res}{space 2} 1.417861{col 26}{space 2} .1235287{col 37}{space 1}    4.01{col 46}{space 3}0.000{col 54}{space 4} 1.195292{col 67}{space 3} 1.681873
{txt}{space 12} {c |}
{space 4}diabetes {c |}
{space 8}Yes  {c |}{col 14}{res}{space 2}  2.64914{col 26}{space 2} .4525981{col 37}{space 1}    5.70{col 46}{space 3}0.000{col 54}{space 4} 1.895307{col 67}{space 3}   3.7028
{txt}{space 9}age {c |}{col 14}{res}{space 2} 1.035836{col 26}{space 2} .0055669{col 37}{space 1}    6.55{col 46}{space 3}0.000{col 54}{space 4} 1.024982{col 67}{space 3} 1.046805
{txt}{hline 13}{c BT}{hline 11}{hline 11}{hline 9}{hline 8}{hline 13}{hline 12}
{col 62}Stratified by sex

{com}. estat ic

{txt}Akaike's information criterion and Bayesian information criterion

{hline 13}{c TT}{hline 63}
       Model {c |}          N   ll(null)  ll(model)      df        AIC        BIC
{hline 13}{c +}{hline 63}
{ralign 12:.}{col 14}{c |}{res}{col 16}     4,212{col 28} -4453.69{col 39}-4283.458{col 50}     6{col 58} 8578.916{col 69}  8616.99
{txt}{hline 13}{c BT}{hline 63}
{p 0 6 0 77}Note: BIC uses N = number of observations. See {helpb bic_note:{bind:[R] BIC note}}.{p_end}

{com}. 
. *model diagnostics
. *3e.i. cox-snell residuals
. stcox c_sysbp c_totchol c_bmi i.cursmoke i.diabetes age, strata(sex)

         {txt}failure _d:  {res}mi_chd == 1
   {txt}analysis time _t:  {res}lasttime

{txt}Iteration 0:   log likelihood = {res}-4453.6899
{txt}Iteration 1:   log likelihood = {res}-4326.1867
{txt}Iteration 2:   log likelihood = {res}-4286.1064
{txt}Iteration 3:   log likelihood = {res} -4283.503
{txt}Iteration 4:   log likelihood = {res}-4283.4579
{txt}Iteration 5:   log likelihood = {res}-4283.4579
{txt}Refining estimates:
Iteration 0:   log likelihood = {res}-4283.4579

{txt}Stratified Cox regr. -- Breslow method for ties

No. of subjects = {res}       4,212                  {txt}Number of obs    =  {res}     4,212
{txt}No. of failures = {res}         604
{txt}Time at risk    = {res} 85246.57632
                                                {txt}LR chi2({res}6{txt})       =  {res}    340.46
{txt}Log likelihood  =   {res}-4283.4579                  {txt}Prob > chi2      =  {res}    0.0000

{txt}{hline 13}{c TT}{hline 11}{hline 11}{hline 9}{hline 8}{hline 13}{hline 12}
{col 1}          _t{col 14}{c |} Haz. Ratio{col 26}   Std. Err.{col 38}      z{col 46}   P>|z|{col 54}     [95% Con{col 67}f. Interval]
{hline 13}{c +}{hline 11}{hline 11}{hline 9}{hline 8}{hline 13}{hline 12}
{space 5}c_sysbp {c |}{col 14}{res}{space 2} 1.018969{col 26}{space 2} .0019437{col 37}{space 1}    9.85{col 46}{space 3}0.000{col 54}{space 4} 1.015167{col 67}{space 3} 1.022786
{txt}{space 3}c_totchol {c |}{col 14}{res}{space 2} 1.005374{col 26}{space 2} .0007222{col 37}{space 1}    7.46{col 46}{space 3}0.000{col 54}{space 4} 1.003959{col 67}{space 3}  1.00679
{txt}{space 7}c_bmi {c |}{col 14}{res}{space 2} 1.028519{col 26}{space 2} .0106619{col 37}{space 1}    2.71{col 46}{space 3}0.007{col 54}{space 4} 1.007832{col 67}{space 3} 1.049629
{txt}{space 12} {c |}
{space 4}cursmoke {c |}
{space 8}Yes  {c |}{col 14}{res}{space 2} 1.417861{col 26}{space 2} .1235287{col 37}{space 1}    4.01{col 46}{space 3}0.000{col 54}{space 4} 1.195292{col 67}{space 3} 1.681873
{txt}{space 12} {c |}
{space 4}diabetes {c |}
{space 8}Yes  {c |}{col 14}{res}{space 2}  2.64914{col 26}{space 2} .4525981{col 37}{space 1}    5.70{col 46}{space 3}0.000{col 54}{space 4} 1.895307{col 67}{space 3}   3.7028
{txt}{space 9}age {c |}{col 14}{res}{space 2} 1.035836{col 26}{space 2} .0055669{col 37}{space 1}    6.55{col 46}{space 3}0.000{col 54}{space 4} 1.024982{col 67}{space 3} 1.046805
{txt}{hline 13}{c BT}{hline 11}{hline 11}{hline 9}{hline 8}{hline 13}{hline 12}
{col 62}Stratified by sex

{com}. predict csr, csnell
{txt}
{com}. stset csr, fail(mi_chd==1)

     {txt}failure event:  {res}mi_chd == 1
{txt}obs. time interval:  {res}(0, csr]
{txt} exit on or before:  {res}failure

{txt}{hline 78}
{res}      4,212{txt}  total observations
{res}          5{txt}  observations end on or before enter()
{hline 78}
{res}      4,207{txt}  observations remaining, representing
{res}        604{txt}  failures in single-record/single-failure data
{res}        604{txt}  total analysis time at risk and under observation
                                                at risk from t = {res}        0
                                     {txt}earliest observed entry t = {res}        0
                                          {txt}last observed exit t = {res} 3.926322
{txt}
{com}. sts gen cumhaz = na
{txt}
{com}. line cumhaz csr csr, sort
{res}{txt}
{com}. 
. *3e.ii. influential observations
. stset lasttime, failure(mi_chd==1)

     {txt}failure event:  {res}mi_chd == 1
{txt}obs. time interval:  {res}(0, lasttime]
{txt} exit on or before:  {res}failure

{txt}{hline 78}
{res}      4,212{txt}  total observations
{res}          0{txt}  exclusions
{hline 78}
{res}      4,212{txt}  observations remaining, representing
{res}        604{txt}  failures in single-record/single-failure data
{res} 85,246.576{txt}  total analysis time at risk and under observation
                                                at risk from t = {res}        0
                                     {txt}earliest observed entry t = {res}        0
                                          {txt}last observed exit t = {res}       24
{txt}
{com}. stcox c_sysbp c_totchol c_bmi i.cursmoke i.diabetes age, strata(sex)

         {txt}failure _d:  {res}mi_chd == 1
   {txt}analysis time _t:  {res}lasttime

{txt}Iteration 0:   log likelihood = {res}-4453.6899
{txt}Iteration 1:   log likelihood = {res}-4326.1867
{txt}Iteration 2:   log likelihood = {res}-4286.1064
{txt}Iteration 3:   log likelihood = {res} -4283.503
{txt}Iteration 4:   log likelihood = {res}-4283.4579
{txt}Iteration 5:   log likelihood = {res}-4283.4579
{txt}Refining estimates:
Iteration 0:   log likelihood = {res}-4283.4579

{txt}Stratified Cox regr. -- Breslow method for ties

No. of subjects = {res}       4,212                  {txt}Number of obs    =  {res}     4,212
{txt}No. of failures = {res}         604
{txt}Time at risk    = {res} 85246.57632
                                                {txt}LR chi2({res}6{txt})       =  {res}    340.46
{txt}Log likelihood  =   {res}-4283.4579                  {txt}Prob > chi2      =  {res}    0.0000

{txt}{hline 13}{c TT}{hline 11}{hline 11}{hline 9}{hline 8}{hline 13}{hline 12}
{col 1}          _t{col 14}{c |} Haz. Ratio{col 26}   Std. Err.{col 38}      z{col 46}   P>|z|{col 54}     [95% Con{col 67}f. Interval]
{hline 13}{c +}{hline 11}{hline 11}{hline 9}{hline 8}{hline 13}{hline 12}
{space 5}c_sysbp {c |}{col 14}{res}{space 2} 1.018969{col 26}{space 2} .0019437{col 37}{space 1}    9.85{col 46}{space 3}0.000{col 54}{space 4} 1.015167{col 67}{space 3} 1.022786
{txt}{space 3}c_totchol {c |}{col 14}{res}{space 2} 1.005374{col 26}{space 2} .0007222{col 37}{space 1}    7.46{col 46}{space 3}0.000{col 54}{space 4} 1.003959{col 67}{space 3}  1.00679
{txt}{space 7}c_bmi {c |}{col 14}{res}{space 2} 1.028519{col 26}{space 2} .0106619{col 37}{space 1}    2.71{col 46}{space 3}0.007{col 54}{space 4} 1.007832{col 67}{space 3} 1.049629
{txt}{space 12} {c |}
{space 4}cursmoke {c |}
{space 8}Yes  {c |}{col 14}{res}{space 2} 1.417861{col 26}{space 2} .1235287{col 37}{space 1}    4.01{col 46}{space 3}0.000{col 54}{space 4} 1.195292{col 67}{space 3} 1.681873
{txt}{space 12} {c |}
{space 4}diabetes {c |}
{space 8}Yes  {c |}{col 14}{res}{space 2}  2.64914{col 26}{space 2} .4525981{col 37}{space 1}    5.70{col 46}{space 3}0.000{col 54}{space 4} 1.895307{col 67}{space 3}   3.7028
{txt}{space 9}age {c |}{col 14}{res}{space 2} 1.035836{col 26}{space 2} .0055669{col 37}{space 1}    6.55{col 46}{space 3}0.000{col 54}{space 4} 1.024982{col 67}{space 3} 1.046805
{txt}{hline 13}{c BT}{hline 11}{hline 11}{hline 9}{hline 8}{hline 13}{hline 12}
{col 62}Stratified by sex

{com}. predict dbsbp dbchol dbbmi dbsmk dbdia dbage dbmale dbfemale, dfbeta
{res}{txt}
{com}. sum dbsbp dbchol dbbmi dbsmk dbdia dbage dbmale dbfemale

{txt}    Variable {c |}        Obs        Mean    Std. Dev.       Min        Max
{hline 13}{c +}{hline 57}
{space 7}dbsbp {c |}{res}      4,212    1.75e-14    .0000305  -.0002726   .0003486
{txt}{space 6}dbchol {c |}{res}      4,212    2.61e-15    .0000166  -.0008829   .0001696
{txt}{space 7}dbbmi {c |}{res}      4,212   -6.49e-14    .0001607  -.0015065   .0018149
{txt}{space 7}dbsmk {c |}{res}      4,212           0           0          0          0
{txt}{space 7}dbdia {c |}{res}      4,212   -5.19e-13    .0013438  -.0078973    .006274
{txt}{hline 13}{c +}{hline 57}
{space 7}dbage {c |}{res}      4,212           0           0          0          0
{txt}{space 6}dbmale {c |}{res}      4,212    5.19e-13    .0026806  -.0320551   .0279322
{txt}{space 4}dbfemale {c |}{res}      4,212   -1.81e-14     .000082  -.0005047   .0005372
{txt}
{com}. scatter dbsbp _t, yline(0)
{res}{txt}
{com}. scatter dbchol _t, yline(0)
{res}{txt}
{com}. scatter dbbmi _t, yline(0)
{res}{txt}
{com}. scatter dbsmk _t, yline(0)
{res}{txt}
{com}. scatter dbdia _t, yline(0)
{res}{txt}
{com}. scatter dbage _t, yline(0)
{res}{txt}
{com}. scatter dbmale _t, yline(0)
{res}{txt}
{com}. scatter dbfemale _t, yline(0)
{res}{txt}
{com}. 
. *3e.iii. likelihood displacement
. predict ldisp, ldisplace
{res}{txt}
{com}. sum ldisp

{txt}    Variable {c |}        Obs        Mean    Std. Dev.       Min        Max
{hline 13}{c +}{hline 57}
{space 7}ldisp {c |}{res}      4,212    .0017382     .024323          0   1.558714
{txt}
{com}. scatter ldisp _t, yline(0) mlabel(randid)
{res}{txt}
{com}. 
. *3f. publication quality table
. asdoc stcox c_sysbp c_totchol c_bmi i.cursmoke i.diabetes age, strata(sex)
{txt}(File Myfile.doc already exists, option {bf:append} was assumed)

         failure _d:  {res}mi_chd == 1
   {txt}analysis time _t:  {res}lasttime

{txt}Iteration 0:   log likelihood = {res}-4453.6899
{txt}Iteration 1:   log likelihood = {res}-4326.1867
{txt}Iteration 2:   log likelihood = {res}-4286.1064
{txt}Iteration 3:   log likelihood = {res} -4283.503
{txt}Iteration 4:   log likelihood = {res}-4283.4579
{txt}Iteration 5:   log likelihood = {res}-4283.4579
{txt}Refining estimates:
Iteration 0:   log likelihood = {res}-4283.4579

{txt}Stratified Cox regr. -- Breslow method for ties

No. of subjects = {res}       4,212                  {txt}Number of obs    =  {res}     4,212
{txt}No. of failures = {res}         604
{txt}Time at risk    = {res} 85246.57632
                                                {txt}LR chi2({res}6{txt})       =  {res}    340.46
{txt}Log likelihood  =   {res}-4283.4579                  {txt}Prob > chi2      =  {res}    0.0000

{txt}{hline 13}{c TT}{hline 11}{hline 11}{hline 9}{hline 8}{hline 13}{hline 12}
{col 1}          _t{col 14}{c |} Haz. Ratio{col 26}   Std. Err.{col 38}      z{col 46}   P>|z|{col 54}     [95% Con{col 67}f. Interval]
{hline 13}{c +}{hline 11}{hline 11}{hline 9}{hline 8}{hline 13}{hline 12}
{space 5}c_sysbp {c |}{col 14}{res}{space 2} 1.018969{col 26}{space 2} .0019437{col 37}{space 1}    9.85{col 46}{space 3}0.000{col 54}{space 4} 1.015167{col 67}{space 3} 1.022786
{txt}{space 3}c_totchol {c |}{col 14}{res}{space 2} 1.005374{col 26}{space 2} .0007222{col 37}{space 1}    7.46{col 46}{space 3}0.000{col 54}{space 4} 1.003959{col 67}{space 3}  1.00679
{txt}{space 7}c_bmi {c |}{col 14}{res}{space 2} 1.028519{col 26}{space 2} .0106619{col 37}{space 1}    2.71{col 46}{space 3}0.007{col 54}{space 4} 1.007832{col 67}{space 3} 1.049629
{txt}{space 12} {c |}
{space 4}cursmoke {c |}
{space 8}Yes  {c |}{col 14}{res}{space 2} 1.417861{col 26}{space 2} .1235287{col 37}{space 1}    4.01{col 46}{space 3}0.000{col 54}{space 4} 1.195292{col 67}{space 3} 1.681873
{txt}{space 12} {c |}
{space 4}diabetes {c |}
{space 8}Yes  {c |}{col 14}{res}{space 2}  2.64914{col 26}{space 2} .4525981{col 37}{space 1}    5.70{col 46}{space 3}0.000{col 54}{space 4} 1.895307{col 67}{space 3}   3.7028
{txt}{space 9}age {c |}{col 14}{res}{space 2} 1.035836{col 26}{space 2} .0055669{col 37}{space 1}    6.55{col 46}{space 3}0.000{col 54}{space 4} 1.024982{col 67}{space 3} 1.046805
{txt}{hline 13}{c BT}{hline 11}{hline 11}{hline 9}{hline 8}{hline 13}{hline 12}
{col 62}Stratified by sex
{res}Click to Open File:  {browse "Myfile.doc"}
{txt}
{com}. asdoc stcox c_sysbp, strata(sex)
{txt}(File Myfile.doc already exists, option {bf:append} was assumed)

         failure _d:  {res}mi_chd == 1
   {txt}analysis time _t:  {res}lasttime

{txt}Iteration 0:   log likelihood = {res}-4453.6899
{txt}Iteration 1:   log likelihood = {res}-4364.4848
{txt}Iteration 2:   log likelihood = {res}-4351.4197
{txt}Iteration 3:   log likelihood = {res}-4351.3298
{txt}Iteration 4:   log likelihood = {res}-4351.3298
{txt}Refining estimates:
Iteration 0:   log likelihood = {res}-4351.3298

{txt}Stratified Cox regr. -- Breslow method for ties

No. of subjects = {res}       4,212                  {txt}Number of obs    =  {res}     4,212
{txt}No. of failures = {res}         604
{txt}Time at risk    = {res} 85246.57632
                                                {txt}LR chi2({res}1{txt})       =  {res}    204.72
{txt}Log likelihood  =   {res}-4351.3298                  {txt}Prob > chi2      =  {res}    0.0000

{txt}{hline 13}{c TT}{hline 11}{hline 11}{hline 9}{hline 8}{hline 13}{hline 12}
{col 1}          _t{col 14}{c |} Haz. Ratio{col 26}   Std. Err.{col 38}      z{col 46}   P>|z|{col 54}     [95% Con{col 67}f. Interval]
{hline 13}{c +}{hline 11}{hline 11}{hline 9}{hline 8}{hline 13}{hline 12}
{space 5}c_sysbp {c |}{col 14}{res}{space 2} 1.025993{col 26}{space 2} .0016827{col 37}{space 1}   15.65{col 46}{space 3}0.000{col 54}{space 4}   1.0227{col 67}{space 3} 1.029296
{txt}{hline 13}{c BT}{hline 11}{hline 11}{hline 9}{hline 8}{hline 13}{hline 12}
{col 62}Stratified by sex
{res}Click to Open File:  {browse "Myfile.doc"}
{txt}
{com}. asdoc stcox c_totchol, strata(sex)
{txt}(File Myfile.doc already exists, option {bf:append} was assumed)

         failure _d:  {res}mi_chd == 1
   {txt}analysis time _t:  {res}lasttime

{txt}Iteration 0:   log likelihood = {res}-4453.6899
{txt}Iteration 1:   log likelihood = {res}-4418.8323
{txt}Iteration 2:   log likelihood = {res}-4409.7165
{txt}Iteration 3:   log likelihood = {res}-4409.0998
{txt}Iteration 4:   log likelihood = {res}-4409.0964
{txt}Refining estimates:
Iteration 0:   log likelihood = {res}-4409.0964

{txt}Stratified Cox regr. -- Breslow method for ties

No. of subjects = {res}       4,212                  {txt}Number of obs    =  {res}     4,212
{txt}No. of failures = {res}         604
{txt}Time at risk    = {res} 85246.57632
                                                {txt}LR chi2({res}1{txt})       =  {res}     89.19
{txt}Log likelihood  =   {res}-4409.0964                  {txt}Prob > chi2      =  {res}    0.0000

{txt}{hline 13}{c TT}{hline 11}{hline 11}{hline 9}{hline 8}{hline 13}{hline 12}
{col 1}          _t{col 14}{c |} Haz. Ratio{col 26}   Std. Err.{col 38}      z{col 46}   P>|z|{col 54}     [95% Con{col 67}f. Interval]
{hline 13}{c +}{hline 11}{hline 11}{hline 9}{hline 8}{hline 13}{hline 12}
{space 3}c_totchol {c |}{col 14}{res}{space 2} 1.007305{col 26}{space 2} .0006523{col 37}{space 1}   11.24{col 46}{space 3}0.000{col 54}{space 4} 1.006028{col 67}{space 3} 1.008585
{txt}{hline 13}{c BT}{hline 11}{hline 11}{hline 9}{hline 8}{hline 13}{hline 12}
{col 62}Stratified by sex
{res}Click to Open File:  {browse "Myfile.doc"}
{txt}
{com}. asdoc stcox c_bmi, strata(sex)
{txt}(File Myfile.doc already exists, option {bf:append} was assumed)

         failure _d:  {res}mi_chd == 1
   {txt}analysis time _t:  {res}lasttime

{txt}Iteration 0:   log likelihood = {res}-4453.6899
{txt}Iteration 1:   log likelihood = {res}-4433.4302
{txt}Iteration 2:   log likelihood = {res} -4432.996
{txt}Iteration 3:   log likelihood = {res}-4432.9958
{txt}Refining estimates:
Iteration 0:   log likelihood = {res}-4432.9958

{txt}Stratified Cox regr. -- Breslow method for ties

No. of subjects = {res}       4,212                  {txt}Number of obs    =  {res}     4,212
{txt}No. of failures = {res}         604
{txt}Time at risk    = {res} 85246.57632
                                                {txt}LR chi2({res}1{txt})       =  {res}     41.39
{txt}Log likelihood  =   {res}-4432.9958                  {txt}Prob > chi2      =  {res}    0.0000

{txt}{hline 13}{c TT}{hline 11}{hline 11}{hline 9}{hline 8}{hline 13}{hline 12}
{col 1}          _t{col 14}{c |} Haz. Ratio{col 26}   Std. Err.{col 38}      z{col 46}   P>|z|{col 54}     [95% Con{col 67}f. Interval]
{hline 13}{c +}{hline 11}{hline 11}{hline 9}{hline 8}{hline 13}{hline 12}
{space 7}c_bmi {c |}{col 14}{res}{space 2} 1.066549{col 26}{space 2} .0101576{col 37}{space 1}    6.76{col 46}{space 3}0.000{col 54}{space 4} 1.046825{col 67}{space 3} 1.086644
{txt}{hline 13}{c BT}{hline 11}{hline 11}{hline 9}{hline 8}{hline 13}{hline 12}
{col 62}Stratified by sex
{res}Click to Open File:  {browse "Myfile.doc"}
{txt}
{com}. asdoc stcox i.cursmoke, strata(sex)
{txt}(File Myfile.doc already exists, option {bf:append} was assumed)

         failure _d:  {res}mi_chd == 1
   {txt}analysis time _t:  {res}lasttime

{txt}Iteration 0:   log likelihood = {res}-4453.6899
{txt}Iteration 1:   log likelihood = {res}-4453.0534
{txt}Iteration 2:   log likelihood = {res}-4453.0534
{txt}Refining estimates:
Iteration 0:   log likelihood = {res}-4453.0534

{txt}Stratified Cox regr. -- Breslow method for ties

No. of subjects = {res}       4,212                  {txt}Number of obs    =  {res}     4,212
{txt}No. of failures = {res}         604
{txt}Time at risk    = {res} 85246.57632
                                                {txt}LR chi2({res}1{txt})       =  {res}      1.27
{txt}Log likelihood  =   {res}-4453.0534                  {txt}Prob > chi2      =  {res}    0.2592

{txt}{hline 13}{c TT}{hline 11}{hline 11}{hline 9}{hline 8}{hline 13}{hline 12}
{col 1}          _t{col 14}{c |} Haz. Ratio{col 26}   Std. Err.{col 38}      z{col 46}   P>|z|{col 54}     [95% Con{col 67}f. Interval]
{hline 13}{c +}{hline 11}{hline 11}{hline 9}{hline 8}{hline 13}{hline 12}
{space 4}cursmoke {c |}
{space 8}Yes  {c |}{col 14}{res}{space 2} 1.098323{col 26}{space 2} .0914295{col 37}{space 1}    1.13{col 46}{space 3}0.260{col 54}{space 4} .9329795{col 67}{space 3} 1.292969
{txt}{hline 13}{c BT}{hline 11}{hline 11}{hline 9}{hline 8}{hline 13}{hline 12}
{col 62}Stratified by sex
{res}Click to Open File:  {browse "Myfile.doc"}
{txt}
{com}. asdoc stcox i.diabetes, strata(sex)
{txt}(File Myfile.doc already exists, option {bf:append} was assumed)

         failure _d:  {res}mi_chd == 1
   {txt}analysis time _t:  {res}lasttime

{txt}Iteration 0:   log likelihood = {res}-4453.6899
{txt}Iteration 1:   log likelihood = {res}-4432.6932
{txt}Iteration 2:   log likelihood = {res}-4432.6738
{txt}Iteration 3:   log likelihood = {res}-4432.6738
{txt}Refining estimates:
Iteration 0:   log likelihood = {res}-4432.6738

{txt}Stratified Cox regr. -- Breslow method for ties

No. of subjects = {res}       4,212                  {txt}Number of obs    =  {res}     4,212
{txt}No. of failures = {res}         604
{txt}Time at risk    = {res} 85246.57632
                                                {txt}LR chi2({res}1{txt})       =  {res}     42.03
{txt}Log likelihood  =   {res}-4432.6738                  {txt}Prob > chi2      =  {res}    0.0000

{txt}{hline 13}{c TT}{hline 11}{hline 11}{hline 9}{hline 8}{hline 13}{hline 12}
{col 1}          _t{col 14}{c |} Haz. Ratio{col 26}   Std. Err.{col 38}      z{col 46}   P>|z|{col 54}     [95% Con{col 67}f. Interval]
{hline 13}{c +}{hline 11}{hline 11}{hline 9}{hline 8}{hline 13}{hline 12}
{space 4}diabetes {c |}
{space 8}Yes  {c |}{col 14}{res}{space 2} 3.666995{col 26}{space 2} .6166134{col 37}{space 1}    7.73{col 46}{space 3}0.000{col 54}{space 4} 2.637417{col 67}{space 3} 5.098492
{txt}{hline 13}{c BT}{hline 11}{hline 11}{hline 9}{hline 8}{hline 13}{hline 12}
{col 62}Stratified by sex
{res}Click to Open File:  {browse "Myfile.doc"}
{txt}
{com}. asdoc stcox age, strata(sex)
{txt}(File Myfile.doc already exists, option {bf:append} was assumed)

         failure _d:  {res}mi_chd == 1
   {txt}analysis time _t:  {res}lasttime

{txt}Iteration 0:   log likelihood = {res}-4453.6899
{txt}Iteration 1:   log likelihood = {res}-4395.2905
{txt}Iteration 2:   log likelihood = {res}-4395.1787
{txt}Refining estimates:
Iteration 0:   log likelihood = {res}-4395.1787

{txt}Stratified Cox regr. -- Breslow method for ties

No. of subjects = {res}       4,212                  {txt}Number of obs    =  {res}     4,212
{txt}No. of failures = {res}         604
{txt}Time at risk    = {res} 85246.57632
                                                {txt}LR chi2({res}1{txt})       =  {res}    117.02
{txt}Log likelihood  =   {res}-4395.1787                  {txt}Prob > chi2      =  {res}    0.0000

{txt}{hline 13}{c TT}{hline 11}{hline 11}{hline 9}{hline 8}{hline 13}{hline 12}
{col 1}          _t{col 14}{c |} Haz. Ratio{col 26}   Std. Err.{col 38}      z{col 46}   P>|z|{col 54}     [95% Con{col 67}f. Interval]
{hline 13}{c +}{hline 11}{hline 11}{hline 9}{hline 8}{hline 13}{hline 12}
{space 9}age {c |}{col 14}{res}{space 2} 1.053816{col 26}{space 2} .0051046{col 37}{space 1}   10.82{col 46}{space 3}0.000{col 54}{space 4} 1.043859{col 67}{space 3} 1.063868
{txt}{hline 13}{c BT}{hline 11}{hline 11}{hline 9}{hline 8}{hline 13}{hline 12}
{col 62}Stratified by sex
{res}Click to Open File:  {browse "Myfile.doc"}
{txt}
{com}. 
. *4. liklihood ratio test
. stset lasttime, failure(mi_chd==1)

     {txt}failure event:  {res}mi_chd == 1
{txt}obs. time interval:  {res}(0, lasttime]
{txt} exit on or before:  {res}failure

{txt}{hline 78}
{res}      4,212{txt}  total observations
{res}          0{txt}  exclusions
{hline 78}
{res}      4,212{txt}  observations remaining, representing
{res}        604{txt}  failures in single-record/single-failure data
{res} 85,246.576{txt}  total analysis time at risk and under observation
                                                at risk from t = {res}        0
                                     {txt}earliest observed entry t = {res}        0
                                          {txt}last observed exit t = {res}       24
{txt}
{com}. stcox c_sysbp c_totchol c_bmi i.cursmoke i.diabetes age, strata(sex)

         {txt}failure _d:  {res}mi_chd == 1
   {txt}analysis time _t:  {res}lasttime

{txt}Iteration 0:   log likelihood = {res}-4453.6899
{txt}Iteration 1:   log likelihood = {res}-4326.1867
{txt}Iteration 2:   log likelihood = {res}-4286.1064
{txt}Iteration 3:   log likelihood = {res} -4283.503
{txt}Iteration 4:   log likelihood = {res}-4283.4579
{txt}Iteration 5:   log likelihood = {res}-4283.4579
{txt}Refining estimates:
Iteration 0:   log likelihood = {res}-4283.4579

{txt}Stratified Cox regr. -- Breslow method for ties

No. of subjects = {res}       4,212                  {txt}Number of obs    =  {res}     4,212
{txt}No. of failures = {res}         604
{txt}Time at risk    = {res} 85246.57632
                                                {txt}LR chi2({res}6{txt})       =  {res}    340.46
{txt}Log likelihood  =   {res}-4283.4579                  {txt}Prob > chi2      =  {res}    0.0000

{txt}{hline 13}{c TT}{hline 11}{hline 11}{hline 9}{hline 8}{hline 13}{hline 12}
{col 1}          _t{col 14}{c |} Haz. Ratio{col 26}   Std. Err.{col 38}      z{col 46}   P>|z|{col 54}     [95% Con{col 67}f. Interval]
{hline 13}{c +}{hline 11}{hline 11}{hline 9}{hline 8}{hline 13}{hline 12}
{space 5}c_sysbp {c |}{col 14}{res}{space 2} 1.018969{col 26}{space 2} .0019437{col 37}{space 1}    9.85{col 46}{space 3}0.000{col 54}{space 4} 1.015167{col 67}{space 3} 1.022786
{txt}{space 3}c_totchol {c |}{col 14}{res}{space 2} 1.005374{col 26}{space 2} .0007222{col 37}{space 1}    7.46{col 46}{space 3}0.000{col 54}{space 4} 1.003959{col 67}{space 3}  1.00679
{txt}{space 7}c_bmi {c |}{col 14}{res}{space 2} 1.028519{col 26}{space 2} .0106619{col 37}{space 1}    2.71{col 46}{space 3}0.007{col 54}{space 4} 1.007832{col 67}{space 3} 1.049629
{txt}{space 12} {c |}
{space 4}cursmoke {c |}
{space 8}Yes  {c |}{col 14}{res}{space 2} 1.417861{col 26}{space 2} .1235287{col 37}{space 1}    4.01{col 46}{space 3}0.000{col 54}{space 4} 1.195292{col 67}{space 3} 1.681873
{txt}{space 12} {c |}
{space 4}diabetes {c |}
{space 8}Yes  {c |}{col 14}{res}{space 2}  2.64914{col 26}{space 2} .4525981{col 37}{space 1}    5.70{col 46}{space 3}0.000{col 54}{space 4} 1.895307{col 67}{space 3}   3.7028
{txt}{space 9}age {c |}{col 14}{res}{space 2} 1.035836{col 26}{space 2} .0055669{col 37}{space 1}    6.55{col 46}{space 3}0.000{col 54}{space 4} 1.024982{col 67}{space 3} 1.046805
{txt}{hline 13}{c BT}{hline 11}{hline 11}{hline 9}{hline 8}{hline 13}{hline 12}
{col 62}Stratified by sex

{com}. est store model
{txt}
{com}. stcox c_sysbp c_totchol c_bmi i.cursmoke i.diabetes age i.diabetes#c.c_totchol, strata(sex)

         {txt}failure _d:  {res}mi_chd == 1
   {txt}analysis time _t:  {res}lasttime

{txt}Iteration 0:   log likelihood = {res}-4453.6899
{txt}Iteration 1:   log likelihood = {res}-4360.2018
{txt}Iteration 2:   log likelihood = {res}-4286.2203
{txt}Iteration 3:   log likelihood = {res}-4280.5701
{txt}Iteration 4:   log likelihood = {res}-4280.4744
{txt}Iteration 5:   log likelihood = {res}-4280.4743
{txt}Refining estimates:
Iteration 0:   log likelihood = {res}-4280.4743

{txt}Stratified Cox regr. -- Breslow method for ties

No. of subjects = {res}       4,212                  {txt}Number of obs    =  {res}     4,212
{txt}No. of failures = {res}         604
{txt}Time at risk    = {res} 85246.57632
                                                {txt}LR chi2({res}7{txt})       =  {res}    346.43
{txt}Log likelihood  =   {res}-4280.4743                  {txt}Prob > chi2      =  {res}    0.0000

{txt}{hline 13}{c TT}{hline 11}{hline 11}{hline 9}{hline 8}{hline 13}{hline 12}
{col 1}          _t{col 14}{c |} Haz. Ratio{col 26}   Std. Err.{col 38}      z{col 46}   P>|z|{col 54}     [95% Con{col 67}f. Interval]
{hline 13}{c +}{hline 11}{hline 11}{hline 9}{hline 8}{hline 13}{hline 12}
{space 5}c_sysbp {c |}{col 14}{res}{space 2} 1.019061{col 26}{space 2} .0019437{col 37}{space 1}    9.90{col 46}{space 3}0.000{col 54}{space 4} 1.015258{col 67}{space 3} 1.022878
{txt}{space 3}c_totchol {c |}{col 14}{res}{space 2} 1.004961{col 26}{space 2} .0007649{col 37}{space 1}    6.50{col 46}{space 3}0.000{col 54}{space 4} 1.003463{col 67}{space 3} 1.006462
{txt}{space 7}c_bmi {c |}{col 14}{res}{space 2} 1.030026{col 26}{space 2} .0106912{col 37}{space 1}    2.85{col 46}{space 3}0.004{col 54}{space 4} 1.009284{col 67}{space 3} 1.051195
{txt}{space 12} {c |}
{space 4}cursmoke {c |}
{space 8}Yes  {c |}{col 14}{res}{space 2} 1.423258{col 26}{space 2} .1241115{col 37}{space 1}    4.05{col 46}{space 3}0.000{col 54}{space 4} 1.199657{col 67}{space 3} 1.688537
{txt}{space 12} {c |}
{space 4}diabetes {c |}
{space 8}Yes  {c |}{col 14}{res}{space 2} 2.358771{col 26}{space 2} .4341729{col 37}{space 1}    4.66{col 46}{space 3}0.000{col 54}{space 4}   1.6444{col 67}{space 3} 3.383485
{txt}{space 9}age {c |}{col 14}{res}{space 2} 1.036137{col 26}{space 2} .0055713{col 37}{space 1}    6.60{col 46}{space 3}0.000{col 54}{space 4} 1.025275{col 67}{space 3} 1.047115
{txt}{space 12} {c |}
{space 4}diabetes#{c |}
{space 1}c.c_totchol {c |}
{space 8}Yes  {c |}{col 14}{res}{space 2} 1.007273{col 26}{space 2} .0027125{col 37}{space 1}    2.69{col 46}{space 3}0.007{col 54}{space 4}  1.00197{col 67}{space 3} 1.012603
{txt}{hline 13}{c BT}{hline 11}{hline 11}{hline 9}{hline 8}{hline 13}{hline 12}
{col 62}Stratified by sex

{com}. lrtest model

{txt}Likelihood-ratio test{col 55}LR chi2({res}1{txt}){col 67}={res}      5.97
{txt}(Assumption: {res}{stata est replay model:model}{txt} nested in {res}{stata est replay .:.}{txt}){col 55}Prob > chi2 = {res}   0.0146
{txt}
{com}. 
. 
{txt}end of do-file

{com}. log close
      {txt}name:  {res}<unnamed>
       {txt}log:  {res}/Users/haotianxian/Documents/Spring 2021/PM518- Wendy Mack/project/“pm518aproject_smcl_XIAN_HAOTIAN”.smcl
  {txt}log type:  {res}smcl
 {txt}closed on:  {res} 1 May 2021, 21:51:39
{txt}{.-}
{smcl}
{txt}{sf}{ul off}